[2026-05-04T18:03:02] start aadailyreflection
[2026-05-04T18:03:02] fetching aa reflection for May 04, 2026 from https://www.aa.org/api/reflections/05/04
[2026-05-04T18:03:02] GET https://www.aa.org/api/reflections/05/04
[2026-05-04T18:03:02] wrote /home/jvivona/agents/tidbyt-data/aa/dailyreflection.json
[2026-05-04T18:03:02] [dry-run] would: git add+commit+push in /home/jvivona/agents/tidbyt-data: 'AA Daily Reflection'
[2026-05-04T18:03:02] finished aadailyreflection
[2026-05-04T20:03:02] start aadailyreflection
[2026-05-04T20:03:02] fetching aa reflection for May 05, 2026 from https://www.aa.org/api/reflections/05/05
[2026-05-04T20:03:02] GET https://www.aa.org/api/reflections/05/05
[2026-05-04T20:03:02] wrote /home/jvivona/agents/tidbyt-data/aa/dailyreflection.json
[2026-05-04T20:03:02] [dry-run] would: git add+commit+push in /home/jvivona/agents/tidbyt-data: 'AA Daily Reflection'
[2026-05-04T20:03:02] finished aadailyreflection
[2026-05-04T22:03:02] start aadailyreflection
[2026-05-04T22:03:02] fetching aa reflection for May 05, 2026 from https://www.aa.org/api/reflections/05/05
[2026-05-04T22:03:02] GET https://www.aa.org/api/reflections/05/05
[2026-05-04T22:03:02] wrote /home/jvivona/agents/tidbyt-data/aa/dailyreflection.json
[2026-05-04T22:03:02] [dry-run] would: git add+commit+push in /home/jvivona/agents/tidbyt-data: 'AA Daily Reflection'
[2026-05-04T22:03:02] finished aadailyreflection
[2026-05-05T00:03:02] start aadailyreflection
[2026-05-05T00:03:02] fetching aa reflection for May 05, 2026 from https://www.aa.org/api/reflections/05/05
[2026-05-05T00:03:02] GET https://www.aa.org/api/reflections/05/05
[2026-05-05T00:03:02] wrote /home/jvivona/agents/tidbyt-data/aa/dailyreflection.json
[2026-05-05T00:03:02] [dry-run] would: git add+commit+push in /home/jvivona/agents/tidbyt-data: 'AA Daily Reflection'
[2026-05-05T00:03:02] finished aadailyreflection
[2026-05-05T02:03:02] start aadailyreflection
[2026-05-05T02:03:02] fetching aa reflection for May 05, 2026 from https://www.aa.org/api/reflections/05/05
[2026-05-05T02:03:02] GET https://www.aa.org/api/reflections/05/05
[2026-05-05T02:03:02] wrote /home/jvivona/agents/tidbyt-data/aa/dailyreflection.json
[2026-05-05T02:03:02] [dry-run] would: git add+commit+push in /home/jvivona/agents/tidbyt-data: 'AA Daily Reflection'
[2026-05-05T02:03:02] finished aadailyreflection
[2026-05-05T04:03:02] start aadailyreflection
[2026-05-05T04:03:02] fetching aa reflection for May 05, 2026 from https://www.aa.org/api/reflections/05/05
[2026-05-05T04:03:02] GET https://www.aa.org/api/reflections/05/05
[2026-05-05T04:03:03] wrote /home/jvivona/agents/tidbyt-data/aa/dailyreflection.json
[2026-05-05T04:03:03] [dry-run] would: git add+commit+push in /home/jvivona/agents/tidbyt-data: 'AA Daily Reflection'
[2026-05-05T04:03:03] finished aadailyreflection
[2026-05-05T06:03:02] start aadailyreflection
[2026-05-05T06:03:02] fetching aa reflection for May 05, 2026 from https://www.aa.org/api/reflections/05/05
[2026-05-05T06:03:02] GET https://www.aa.org/api/reflections/05/05
[2026-05-05T06:03:02] wrote /home/jvivona/agents/tidbyt-data/aa/dailyreflection.json
[2026-05-05T06:03:02] git add --all in /home/jvivona/agents/tidbyt-data
[2026-05-05T06:03:02] git commit -m 'AA Daily Reflection'
[main 487b6ed01] AA Daily Reflection
 Committer: jvivona <jvivona@joe-agent.ajcomputers.local>
Your name and email address were configured automatically based
on your username and hostname. Please check that they are accurate.
You can suppress this message by setting them explicitly. Run the
following command and follow the instructions in your editor to edit
your configuration file:

    git config --global --edit

After doing this, you may fix the identity used for this commit with:

    git commit --amend --reset-author

 2 files changed, 49 insertions(+)
[2026-05-05T06:03:02] git push origin main
To https://github.com/jvivona/tidbyt-data.git
 ! [rejected]            main -> main (fetch first)
error: failed to push some refs to 'https://github.com/jvivona/tidbyt-data.git'
hint: Updates were rejected because the remote contains work that you do not
hint: have locally. This is usually caused by another repository pushing to
hint: the same ref. If you want to integrate the remote changes, use
hint: 'git pull' before pushing again.
hint: See the 'Note about fast-forwards' in 'git push --help' for details.
[2026-05-05T06:03:02] ERROR: topic 'aadailyreflection' failed: CalledProcessError(1, ['git', 'push', 'origin', 'main'])
[2026-05-05T06:03:03] notify: failure email sent to joe@ajcomputers.com
[2026-05-05T06:03:03] finished aadailyreflection
Traceback (most recent call last):
  File "<frozen runpy>", line 198, in _run_module_as_main
  File "<frozen runpy>", line 88, in _run_code
  File "/home/jvivona/agents/tidbyt-data-scripts/tidbytdata/__main__.py", line 3, in <module>
    raise SystemExit(main())
                     ~~~~^^
  File "/home/jvivona/agents/tidbyt-data-scripts/tidbytdata/cli.py", line 46, in main
    commit_and_push(ctx.data_repo_path, ctx.commit_msg, dry_run=ctx.dry_run)
    ~~~~~~~~~~~~~~~^^^^^^^^^^^^^^^^^^^^^^^^^^^^^^^^^^^^^^^^^^^^^^^^^^^^^^^^^
  File "/home/jvivona/agents/tidbyt-data-scripts/tidbytdata/publish.py", line 32, in commit_and_push
    subprocess.run(["git", "push", "origin", "main"], cwd=data_repo_path, check=True)
    ~~~~~~~~~~~~~~^^^^^^^^^^^^^^^^^^^^^^^^^^^^^^^^^^^^^^^^^^^^^^^^^^^^^^^^^^^^^^^^^^^
  File "/usr/lib/python3.13/subprocess.py", line 577, in run
    raise CalledProcessError(retcode, process.args,
                             output=stdout, stderr=stderr)
subprocess.CalledProcessError: Command '['git', 'push', 'origin', 'main']' returned non-zero exit status 1.
[2026-05-05T08:03:01] start aadailyreflection
[2026-05-05T08:03:01] fetching aa reflection for May 05, 2026 from https://www.aa.org/api/reflections/05/05
[2026-05-05T08:03:01] GET https://www.aa.org/api/reflections/05/05
[2026-05-05T08:03:02] wrote /home/jvivona/agents/tidbyt-data/aa/dailyreflection.json
[2026-05-05T08:03:02] git add --all in /home/jvivona/agents/tidbyt-data
[2026-05-05T08:03:02] git commit -m 'AA Daily Reflection'
[main 1508df84e] AA Daily Reflection
 Committer: jvivona <jvivona@joe-agent.ajcomputers.local>
Your name and email address were configured automatically based
on your username and hostname. Please check that they are accurate.
You can suppress this message by setting them explicitly. Run the
following command and follow the instructions in your editor to edit
your configuration file:

    git config --global --edit

After doing this, you may fix the identity used for this commit with:

    git commit --amend --reset-author

 2 files changed, 25 insertions(+)
[2026-05-05T08:03:02] git push origin main
To https://github.com/jvivona/tidbyt-data.git
   e748dbbed..1508df84e  main -> main
[2026-05-05T08:03:03] finished aadailyreflection
[2026-05-05T10:03:01] start aadailyreflection
[2026-05-05T10:03:01] fetching aa reflection for May 05, 2026 from https://www.aa.org/api/reflections/05/05
[2026-05-05T10:03:01] GET https://www.aa.org/api/reflections/05/05
[2026-05-05T10:03:02] wrote /home/jvivona/agents/tidbyt-data/aa/dailyreflection.json
[2026-05-05T10:03:02] git add --all in /home/jvivona/agents/tidbyt-data
[2026-05-05T10:03:02] git commit -m 'AA Daily Reflection'
[main 479219e34] AA Daily Reflection
 Committer: jvivona <jvivona@joe-agent.ajcomputers.local>
Your name and email address were configured automatically based
on your username and hostname. Please check that they are accurate.
You can suppress this message by setting them explicitly. Run the
following command and follow the instructions in your editor to edit
your configuration file:

    git config --global --edit

After doing this, you may fix the identity used for this commit with:

    git commit --amend --reset-author

 2 files changed, 25 insertions(+)
[2026-05-05T10:03:02] git push origin main
To https://github.com/jvivona/tidbyt-data.git
   652f5bc10..479219e34  main -> main
[2026-05-05T10:03:03] finished aadailyreflection
[2026-05-05T12:03:01] start aadailyreflection
[2026-05-05T12:03:01] fetching aa reflection for May 05, 2026 from https://www.aa.org/api/reflections/05/05
[2026-05-05T12:03:01] GET https://www.aa.org/api/reflections/05/05
[2026-05-05T12:03:02] wrote /home/jvivona/agents/tidbyt-data/aa/dailyreflection.json
[2026-05-05T12:03:02] git add --all in /home/jvivona/agents/tidbyt-data
[2026-05-05T12:03:02] git commit -m 'AA Daily Reflection'
[main 81ce2d69b] AA Daily Reflection
 Committer: jvivona <jvivona@joe-agent.ajcomputers.local>
Your name and email address were configured automatically based
on your username and hostname. Please check that they are accurate.
You can suppress this message by setting them explicitly. Run the
following command and follow the instructions in your editor to edit
your configuration file:

    git config --global --edit

After doing this, you may fix the identity used for this commit with:

    git commit --amend --reset-author

 2 files changed, 25 insertions(+)
[2026-05-05T12:03:02] git push origin main
To https://github.com/jvivona/tidbyt-data.git
   328386335..81ce2d69b  main -> main
[2026-05-05T12:03:03] finished aadailyreflection
[2026-05-05T14:03:02] start aadailyreflection
[2026-05-05T14:03:02] fetching aa reflection for May 05, 2026 from https://www.aa.org/api/reflections/05/05
[2026-05-05T14:03:02] GET https://www.aa.org/api/reflections/05/05
[2026-05-05T14:03:02] wrote /home/jvivona/agents/tidbyt-data/aa/dailyreflection.json
[2026-05-05T14:03:02] git add --all in /home/jvivona/agents/tidbyt-data
[2026-05-05T14:03:02] git commit -m 'AA Daily Reflection'
[main 3653958ca] AA Daily Reflection
 Committer: jvivona <jvivona@joe-agent.ajcomputers.local>
Your name and email address were configured automatically based
on your username and hostname. Please check that they are accurate.
You can suppress this message by setting them explicitly. Run the
following command and follow the instructions in your editor to edit
your configuration file:

    git config --global --edit

After doing this, you may fix the identity used for this commit with:

    git commit --amend --reset-author

 2 files changed, 25 insertions(+)
[2026-05-05T14:03:02] git push origin main
To https://github.com/jvivona/tidbyt-data.git
   8c18de655..3653958ca  main -> main
[2026-05-05T14:03:03] finished aadailyreflection
[2026-05-05T16:03:01] start aadailyreflection
[2026-05-05T16:03:01] fetching aa reflection for May 05, 2026 from https://www.aa.org/api/reflections/05/05
[2026-05-05T16:03:01] GET https://www.aa.org/api/reflections/05/05
[2026-05-05T16:03:02] wrote /home/jvivona/agents/tidbyt-data/aa/dailyreflection.json
[2026-05-05T16:03:02] git add --all in /home/jvivona/agents/tidbyt-data
[2026-05-05T16:03:02] git commit -m 'AA Daily Reflection'
[main f5e38a54e] AA Daily Reflection
 Committer: jvivona <jvivona@joe-agent.ajcomputers.local>
Your name and email address were configured automatically based
on your username and hostname. Please check that they are accurate.
You can suppress this message by setting them explicitly. Run the
following command and follow the instructions in your editor to edit
your configuration file:

    git config --global --edit

After doing this, you may fix the identity used for this commit with:

    git commit --amend --reset-author

 2 files changed, 25 insertions(+)
[2026-05-05T16:03:02] git push origin main
To https://github.com/jvivona/tidbyt-data.git
   9dd2e4c05..f5e38a54e  main -> main
[2026-05-05T16:03:03] finished aadailyreflection
[2026-05-05T18:03:01] start aadailyreflection
[2026-05-05T18:03:01] fetching aa reflection for May 05, 2026 from https://www.aa.org/api/reflections/05/05
[2026-05-05T18:03:01] GET https://www.aa.org/api/reflections/05/05
[2026-05-05T18:03:02] wrote /home/jvivona/agents/tidbyt-data/aa/dailyreflection.json
[2026-05-05T18:03:02] git add --all in /home/jvivona/agents/tidbyt-data
[2026-05-05T18:03:02] git commit -m 'AA Daily Reflection'
[main e784eff72] AA Daily Reflection
 Committer: jvivona <jvivona@joe-agent.ajcomputers.local>
Your name and email address were configured automatically based
on your username and hostname. Please check that they are accurate.
You can suppress this message by setting them explicitly. Run the
following command and follow the instructions in your editor to edit
your configuration file:

    git config --global --edit

After doing this, you may fix the identity used for this commit with:

    git commit --amend --reset-author

 2 files changed, 25 insertions(+)
[2026-05-05T18:03:02] git push origin main
To https://github.com/jvivona/tidbyt-data.git
   35f0e2e30..e784eff72  main -> main
[2026-05-05T18:03:03] finished aadailyreflection
[2026-05-05T20:03:01] start aadailyreflection
[2026-05-05T20:03:01] fetching aa reflection for May 06, 2026 from https://www.aa.org/api/reflections/05/06
[2026-05-05T20:03:01] GET https://www.aa.org/api/reflections/05/06
[2026-05-05T20:03:02] wrote /home/jvivona/agents/tidbyt-data/aa/dailyreflection.json
[2026-05-05T20:03:02] git add --all in /home/jvivona/agents/tidbyt-data
[2026-05-05T20:03:02] git commit -m 'AA Daily Reflection'
[main 369543239] AA Daily Reflection
 Committer: jvivona <jvivona@joe-agent.ajcomputers.local>
Your name and email address were configured automatically based
on your username and hostname. Please check that they are accurate.
You can suppress this message by setting them explicitly. Run the
following command and follow the instructions in your editor to edit
your configuration file:

    git config --global --edit

After doing this, you may fix the identity used for this commit with:

    git commit --amend --reset-author

 3 files changed, 31 insertions(+), 6 deletions(-)
[2026-05-05T20:03:02] git push origin main
To https://github.com/jvivona/tidbyt-data.git
   ab796a665..369543239  main -> main
[2026-05-05T20:03:03] finished aadailyreflection
[2026-05-05T22:03:01] start aadailyreflection
[2026-05-05T22:03:01] fetching aa reflection for May 06, 2026 from https://www.aa.org/api/reflections/05/06
[2026-05-05T22:03:01] GET https://www.aa.org/api/reflections/05/06
[2026-05-05T22:03:02] wrote /home/jvivona/agents/tidbyt-data/aa/dailyreflection.json
[2026-05-05T22:03:02] git add --all in /home/jvivona/agents/tidbyt-data
[2026-05-05T22:03:02] git commit -m 'AA Daily Reflection'
[main 7906ccb0f] AA Daily Reflection
 Committer: jvivona <jvivona@joe-agent.ajcomputers.local>
Your name and email address were configured automatically based
on your username and hostname. Please check that they are accurate.
You can suppress this message by setting them explicitly. Run the
following command and follow the instructions in your editor to edit
your configuration file:

    git config --global --edit

After doing this, you may fix the identity used for this commit with:

    git commit --amend --reset-author

 2 files changed, 25 insertions(+)
[2026-05-05T22:03:02] git push origin main
To https://github.com/jvivona/tidbyt-data.git
   660791fbc..7906ccb0f  main -> main
[2026-05-05T22:03:03] finished aadailyreflection
[2026-05-06T00:03:02] start aadailyreflection
[2026-05-06T00:03:02] fetching aa reflection for May 06, 2026 from https://www.aa.org/api/reflections/05/06
[2026-05-06T00:03:02] GET https://www.aa.org/api/reflections/05/06
[2026-05-06T00:03:02] wrote /home/jvivona/agents/tidbyt-data/aa/dailyreflection.json
[2026-05-06T00:03:02] git add --all in /home/jvivona/agents/tidbyt-data
[2026-05-06T00:03:02] git commit -m 'AA Daily Reflection'
[main e88f9f3cc] AA Daily Reflection
 Committer: jvivona <jvivona@joe-agent.ajcomputers.local>
Your name and email address were configured automatically based
on your username and hostname. Please check that they are accurate.
You can suppress this message by setting them explicitly. Run the
following command and follow the instructions in your editor to edit
your configuration file:

    git config --global --edit

After doing this, you may fix the identity used for this commit with:

    git commit --amend --reset-author

 2 files changed, 25 insertions(+)
[2026-05-06T00:03:02] git push origin main
To https://github.com/jvivona/tidbyt-data.git
   862e9c939..e88f9f3cc  main -> main
[2026-05-06T00:03:03] finished aadailyreflection
[2026-05-06T02:03:02] start aadailyreflection
[2026-05-06T02:03:02] fetching aa reflection for May 06, 2026 from https://www.aa.org/api/reflections/05/06
[2026-05-06T02:03:02] GET https://www.aa.org/api/reflections/05/06
[2026-05-06T02:03:02] wrote /home/jvivona/agents/tidbyt-data/aa/dailyreflection.json
[2026-05-06T02:03:02] git add --all in /home/jvivona/agents/tidbyt-data
[2026-05-06T02:03:03] git commit -m 'AA Daily Reflection'
[main f2cf08773] AA Daily Reflection
 Committer: jvivona <jvivona@joe-agent.ajcomputers.local>
Your name and email address were configured automatically based
on your username and hostname. Please check that they are accurate.
You can suppress this message by setting them explicitly. Run the
following command and follow the instructions in your editor to edit
your configuration file:

    git config --global --edit

After doing this, you may fix the identity used for this commit with:

    git commit --amend --reset-author

 2 files changed, 25 insertions(+)
[2026-05-06T02:03:03] git push origin main
To https://github.com/jvivona/tidbyt-data.git
   7b960e141..f2cf08773  main -> main
[2026-05-06T02:03:04] finished aadailyreflection
[2026-05-06T04:03:02] start aadailyreflection
[2026-05-06T04:03:02] fetching aa reflection for May 06, 2026 from https://www.aa.org/api/reflections/05/06
[2026-05-06T04:03:02] GET https://www.aa.org/api/reflections/05/06
[2026-05-06T04:03:02] wrote /home/jvivona/agents/tidbyt-data/aa/dailyreflection.json
[2026-05-06T04:03:02] git add --all in /home/jvivona/agents/tidbyt-data
[2026-05-06T04:03:02] git commit -m 'AA Daily Reflection'
[main ff1cc0ba8] AA Daily Reflection
 Committer: jvivona <jvivona@joe-agent.ajcomputers.local>
Your name and email address were configured automatically based
on your username and hostname. Please check that they are accurate.
You can suppress this message by setting them explicitly. Run the
following command and follow the instructions in your editor to edit
your configuration file:

    git config --global --edit

After doing this, you may fix the identity used for this commit with:

    git commit --amend --reset-author

 2 files changed, 25 insertions(+)
[2026-05-06T04:03:02] git push origin main
To https://github.com/jvivona/tidbyt-data.git
   184a8ecae..ff1cc0ba8  main -> main
[2026-05-06T04:03:03] finished aadailyreflection
[2026-05-06T06:03:02] start aadailyreflection
[2026-05-06T06:03:02] fetching aa reflection for May 06, 2026 from https://www.aa.org/api/reflections/05/06
[2026-05-06T06:03:02] GET https://www.aa.org/api/reflections/05/06
[2026-05-06T06:03:03] wrote /home/jvivona/agents/tidbyt-data/aa/dailyreflection.json
[2026-05-06T06:03:03] git add --all in /home/jvivona/agents/tidbyt-data
[2026-05-06T06:03:03] git commit -m 'AA Daily Reflection'
[main 22f9b6946] AA Daily Reflection
 Committer: jvivona <jvivona@joe-agent.ajcomputers.local>
Your name and email address were configured automatically based
on your username and hostname. Please check that they are accurate.
You can suppress this message by setting them explicitly. Run the
following command and follow the instructions in your editor to edit
your configuration file:

    git config --global --edit

After doing this, you may fix the identity used for this commit with:

    git commit --amend --reset-author

 2 files changed, 25 insertions(+)
[2026-05-06T06:03:03] git push origin main
To https://github.com/jvivona/tidbyt-data.git
   59f5dbff7..22f9b6946  main -> main
[2026-05-06T06:03:04] finished aadailyreflection
[2026-05-06T08:03:02] start aadailyreflection
[2026-05-06T08:03:02] fetching aa reflection for May 06, 2026 from https://www.aa.org/api/reflections/05/06
[2026-05-06T08:03:02] GET https://www.aa.org/api/reflections/05/06
[2026-05-06T08:03:02] wrote /home/jvivona/agents/tidbyt-data/aa/dailyreflection.json
[2026-05-06T08:03:02] git add --all in /home/jvivona/agents/tidbyt-data
[2026-05-06T08:03:02] git commit -m 'AA Daily Reflection'
[main f3be4bd3a] AA Daily Reflection
 Committer: jvivona <jvivona@joe-agent.ajcomputers.local>
Your name and email address were configured automatically based
on your username and hostname. Please check that they are accurate.
You can suppress this message by setting them explicitly. Run the
following command and follow the instructions in your editor to edit
your configuration file:

    git config --global --edit

After doing this, you may fix the identity used for this commit with:

    git commit --amend --reset-author

 2 files changed, 25 insertions(+)
[2026-05-06T08:03:02] git push origin main
To https://github.com/jvivona/tidbyt-data.git
   94e86e4bb..f3be4bd3a  main -> main
[2026-05-06T08:03:03] finished aadailyreflection
[2026-05-06T10:03:02] start aadailyreflection
[2026-05-06T10:03:02] fetching aa reflection for May 06, 2026 from https://www.aa.org/api/reflections/05/06
[2026-05-06T10:03:02] GET https://www.aa.org/api/reflections/05/06
[2026-05-06T10:03:02] wrote /home/jvivona/agents/tidbyt-data/aa/dailyreflection.json
[2026-05-06T10:03:02] git add --all in /home/jvivona/agents/tidbyt-data
[2026-05-06T10:03:02] git commit -m 'AA Daily Reflection'
[main 1d15188d1] AA Daily Reflection
 Committer: jvivona <jvivona@joe-agent.ajcomputers.local>
Your name and email address were configured automatically based
on your username and hostname. Please check that they are accurate.
You can suppress this message by setting them explicitly. Run the
following command and follow the instructions in your editor to edit
your configuration file:

    git config --global --edit

After doing this, you may fix the identity used for this commit with:

    git commit --amend --reset-author

 2 files changed, 25 insertions(+)
[2026-05-06T10:03:02] git push origin main
To https://github.com/jvivona/tidbyt-data.git
   1d2ca7397..1d15188d1  main -> main
[2026-05-06T10:03:04] finished aadailyreflection
[2026-05-06T12:03:02] start aadailyreflection
[2026-05-06T12:03:02] fetching aa reflection for May 06, 2026 from https://www.aa.org/api/reflections/05/06
[2026-05-06T12:03:02] GET https://www.aa.org/api/reflections/05/06
[2026-05-06T12:03:03] wrote /home/jvivona/agents/tidbyt-data/aa/dailyreflection.json
[2026-05-06T12:03:03] git add --all in /home/jvivona/agents/tidbyt-data
[2026-05-06T12:03:03] git commit -m 'AA Daily Reflection'
[main a4e4dedfc] AA Daily Reflection
 Committer: jvivona <jvivona@joe-agent.ajcomputers.local>
Your name and email address were configured automatically based
on your username and hostname. Please check that they are accurate.
You can suppress this message by setting them explicitly. Run the
following command and follow the instructions in your editor to edit
your configuration file:

    git config --global --edit

After doing this, you may fix the identity used for this commit with:

    git commit --amend --reset-author

 2 files changed, 25 insertions(+)
[2026-05-06T12:03:03] git push origin main
To https://github.com/jvivona/tidbyt-data.git
   3efed3ee5..a4e4dedfc  main -> main
[2026-05-06T12:03:04] finished aadailyreflection
[2026-05-06T14:03:01] start aadailyreflection
[2026-05-06T14:03:01] fetching aa reflection for May 06, 2026 from https://www.aa.org/api/reflections/05/06
[2026-05-06T14:03:01] GET https://www.aa.org/api/reflections/05/06
[2026-05-06T14:03:02] wrote /home/jvivona/agents/tidbyt-data/aa/dailyreflection.json
[2026-05-06T14:03:02] git add --all in /home/jvivona/agents/tidbyt-data
[2026-05-06T14:03:02] git commit -m 'AA Daily Reflection'
[main 17cfe5f30] AA Daily Reflection
 Committer: jvivona <jvivona@joe-agent.ajcomputers.local>
Your name and email address were configured automatically based
on your username and hostname. Please check that they are accurate.
You can suppress this message by setting them explicitly. Run the
following command and follow the instructions in your editor to edit
your configuration file:

    git config --global --edit

After doing this, you may fix the identity used for this commit with:

    git commit --amend --reset-author

 2 files changed, 25 insertions(+)
[2026-05-06T14:03:02] git push origin main
To https://github.com/jvivona/tidbyt-data.git
   d6f4861cf..17cfe5f30  main -> main
[2026-05-06T14:03:03] finished aadailyreflection
[2026-05-06T16:03:01] start aadailyreflection
[2026-05-06T16:03:01] fetching aa reflection for May 06, 2026 from https://www.aa.org/api/reflections/05/06
[2026-05-06T16:03:01] GET https://www.aa.org/api/reflections/05/06
[2026-05-06T16:03:02] wrote /home/jvivona/agents/tidbyt-data/aa/dailyreflection.json
[2026-05-06T16:03:02] git add --all in /home/jvivona/agents/tidbyt-data
[2026-05-06T16:03:02] git commit -m 'AA Daily Reflection'
[main dff2819cd] AA Daily Reflection
 Committer: jvivona <jvivona@joe-agent.ajcomputers.local>
Your name and email address were configured automatically based
on your username and hostname. Please check that they are accurate.
You can suppress this message by setting them explicitly. Run the
following command and follow the instructions in your editor to edit
your configuration file:

    git config --global --edit

After doing this, you may fix the identity used for this commit with:

    git commit --amend --reset-author

 2 files changed, 25 insertions(+)
[2026-05-06T16:03:02] git push origin main
To https://github.com/jvivona/tidbyt-data.git
   cb623b4f9..dff2819cd  main -> main
[2026-05-06T16:03:03] finished aadailyreflection
[2026-05-06T18:03:02] start aadailyreflection
[2026-05-06T18:03:02] fetching aa reflection for May 06, 2026 from https://www.aa.org/api/reflections/05/06
[2026-05-06T18:03:02] GET https://www.aa.org/api/reflections/05/06
[2026-05-06T18:03:02] wrote /home/jvivona/agents/tidbyt-data/aa/dailyreflection.json
[2026-05-06T18:03:02] git add --all in /home/jvivona/agents/tidbyt-data
[2026-05-06T18:03:02] git commit -m 'AA Daily Reflection'
[main cafadf89b] AA Daily Reflection
 Committer: jvivona <jvivona@joe-agent.ajcomputers.local>
Your name and email address were configured automatically based
on your username and hostname. Please check that they are accurate.
You can suppress this message by setting them explicitly. Run the
following command and follow the instructions in your editor to edit
your configuration file:

    git config --global --edit

After doing this, you may fix the identity used for this commit with:

    git commit --amend --reset-author

 2 files changed, 25 insertions(+)
[2026-05-06T18:03:02] git push origin main
To https://github.com/jvivona/tidbyt-data.git
   96c63e4c1..cafadf89b  main -> main
[2026-05-06T18:03:03] finished aadailyreflection
[2026-05-06T20:03:02] start aadailyreflection
[2026-05-06T20:03:02] fetching aa reflection for May 07, 2026 from https://www.aa.org/api/reflections/05/07
[2026-05-06T20:03:02] GET https://www.aa.org/api/reflections/05/07
[2026-05-06T20:03:02] wrote /home/jvivona/agents/tidbyt-data/aa/dailyreflection.json
[2026-05-06T20:03:02] git add --all in /home/jvivona/agents/tidbyt-data
[2026-05-06T20:03:02] git commit -m 'AA Daily Reflection'
[main 4c77e4533] AA Daily Reflection
 Committer: jvivona <jvivona@joe-agent.ajcomputers.local>
Your name and email address were configured automatically based
on your username and hostname. Please check that they are accurate.
You can suppress this message by setting them explicitly. Run the
following command and follow the instructions in your editor to edit
your configuration file:

    git config --global --edit

After doing this, you may fix the identity used for this commit with:

    git commit --amend --reset-author

 3 files changed, 31 insertions(+), 6 deletions(-)
[2026-05-06T20:03:02] git push origin main
To https://github.com/jvivona/tidbyt-data.git
   45fcf66c8..4c77e4533  main -> main
[2026-05-06T20:03:03] finished aadailyreflection
