[2026-05-04T18:03:02] start aadailyreflection
[2026-05-04T18:03:02] fetching aa reflection for May 04, 2026 from https://www.aa.org/api/reflections/05/04
[2026-05-04T18:03:02] GET https://www.aa.org/api/reflections/05/04
[2026-05-04T18:03:02] wrote /home/jvivona/agents/tidbyt-data/aa/dailyreflection.json
[2026-05-04T18:03:02] [dry-run] would: git add+commit+push in /home/jvivona/agents/tidbyt-data: 'AA Daily Reflection'
[2026-05-04T18:03:02] finished aadailyreflection
[2026-05-04T20:03:02] start aadailyreflection
[2026-05-04T20:03:02] fetching aa reflection for May 05, 2026 from https://www.aa.org/api/reflections/05/05
[2026-05-04T20:03:02] GET https://www.aa.org/api/reflections/05/05
[2026-05-04T20:03:02] wrote /home/jvivona/agents/tidbyt-data/aa/dailyreflection.json
[2026-05-04T20:03:02] [dry-run] would: git add+commit+push in /home/jvivona/agents/tidbyt-data: 'AA Daily Reflection'
[2026-05-04T20:03:02] finished aadailyreflection
[2026-05-04T22:03:02] start aadailyreflection
[2026-05-04T22:03:02] fetching aa reflection for May 05, 2026 from https://www.aa.org/api/reflections/05/05
[2026-05-04T22:03:02] GET https://www.aa.org/api/reflections/05/05
[2026-05-04T22:03:02] wrote /home/jvivona/agents/tidbyt-data/aa/dailyreflection.json
[2026-05-04T22:03:02] [dry-run] would: git add+commit+push in /home/jvivona/agents/tidbyt-data: 'AA Daily Reflection'
[2026-05-04T22:03:02] finished aadailyreflection
[2026-05-05T00:03:02] start aadailyreflection
[2026-05-05T00:03:02] fetching aa reflection for May 05, 2026 from https://www.aa.org/api/reflections/05/05
[2026-05-05T00:03:02] GET https://www.aa.org/api/reflections/05/05
[2026-05-05T00:03:02] wrote /home/jvivona/agents/tidbyt-data/aa/dailyreflection.json
[2026-05-05T00:03:02] [dry-run] would: git add+commit+push in /home/jvivona/agents/tidbyt-data: 'AA Daily Reflection'
[2026-05-05T00:03:02] finished aadailyreflection
[2026-05-05T02:03:02] start aadailyreflection
[2026-05-05T02:03:02] fetching aa reflection for May 05, 2026 from https://www.aa.org/api/reflections/05/05
[2026-05-05T02:03:02] GET https://www.aa.org/api/reflections/05/05
[2026-05-05T02:03:02] wrote /home/jvivona/agents/tidbyt-data/aa/dailyreflection.json
[2026-05-05T02:03:02] [dry-run] would: git add+commit+push in /home/jvivona/agents/tidbyt-data: 'AA Daily Reflection'
[2026-05-05T02:03:02] finished aadailyreflection
[2026-05-05T04:03:02] start aadailyreflection
[2026-05-05T04:03:02] fetching aa reflection for May 05, 2026 from https://www.aa.org/api/reflections/05/05
[2026-05-05T04:03:02] GET https://www.aa.org/api/reflections/05/05
[2026-05-05T04:03:03] wrote /home/jvivona/agents/tidbyt-data/aa/dailyreflection.json
[2026-05-05T04:03:03] [dry-run] would: git add+commit+push in /home/jvivona/agents/tidbyt-data: 'AA Daily Reflection'
[2026-05-05T04:03:03] finished aadailyreflection
[2026-05-05T06:03:02] start aadailyreflection
[2026-05-05T06:03:02] fetching aa reflection for May 05, 2026 from https://www.aa.org/api/reflections/05/05
[2026-05-05T06:03:02] GET https://www.aa.org/api/reflections/05/05
[2026-05-05T06:03:02] wrote /home/jvivona/agents/tidbyt-data/aa/dailyreflection.json
[2026-05-05T06:03:02] git add --all in /home/jvivona/agents/tidbyt-data
[2026-05-05T06:03:02] git commit -m 'AA Daily Reflection'
[main 487b6ed01] AA Daily Reflection
 Committer: jvivona <jvivona@joe-agent.ajcomputers.local>
Your name and email address were configured automatically based
on your username and hostname. Please check that they are accurate.
You can suppress this message by setting them explicitly. Run the
following command and follow the instructions in your editor to edit
your configuration file:

    git config --global --edit

After doing this, you may fix the identity used for this commit with:

    git commit --amend --reset-author

 2 files changed, 49 insertions(+)
[2026-05-05T06:03:02] git push origin main
To https://github.com/jvivona/tidbyt-data.git
 ! [rejected]            main -> main (fetch first)
error: failed to push some refs to 'https://github.com/jvivona/tidbyt-data.git'
hint: Updates were rejected because the remote contains work that you do not
hint: have locally. This is usually caused by another repository pushing to
hint: the same ref. If you want to integrate the remote changes, use
hint: 'git pull' before pushing again.
hint: See the 'Note about fast-forwards' in 'git push --help' for details.
[2026-05-05T06:03:02] ERROR: topic 'aadailyreflection' failed: CalledProcessError(1, ['git', 'push', 'origin', 'main'])
[2026-05-05T06:03:03] notify: failure email sent to joe@ajcomputers.com
[2026-05-05T06:03:03] finished aadailyreflection
Traceback (most recent call last):
  File "<frozen runpy>", line 198, in _run_module_as_main
  File "<frozen runpy>", line 88, in _run_code
  File "/home/jvivona/agents/tidbyt-data-scripts/tidbytdata/__main__.py", line 3, in <module>
    raise SystemExit(main())
                     ~~~~^^
  File "/home/jvivona/agents/tidbyt-data-scripts/tidbytdata/cli.py", line 46, in main
    commit_and_push(ctx.data_repo_path, ctx.commit_msg, dry_run=ctx.dry_run)
    ~~~~~~~~~~~~~~~^^^^^^^^^^^^^^^^^^^^^^^^^^^^^^^^^^^^^^^^^^^^^^^^^^^^^^^^^
  File "/home/jvivona/agents/tidbyt-data-scripts/tidbytdata/publish.py", line 32, in commit_and_push
    subprocess.run(["git", "push", "origin", "main"], cwd=data_repo_path, check=True)
    ~~~~~~~~~~~~~~^^^^^^^^^^^^^^^^^^^^^^^^^^^^^^^^^^^^^^^^^^^^^^^^^^^^^^^^^^^^^^^^^^^
  File "/usr/lib/python3.13/subprocess.py", line 577, in run
    raise CalledProcessError(retcode, process.args,
                             output=stdout, stderr=stderr)
subprocess.CalledProcessError: Command '['git', 'push', 'origin', 'main']' returned non-zero exit status 1.
[2026-05-05T08:03:01] start aadailyreflection
[2026-05-05T08:03:01] fetching aa reflection for May 05, 2026 from https://www.aa.org/api/reflections/05/05
[2026-05-05T08:03:01] GET https://www.aa.org/api/reflections/05/05
[2026-05-05T08:03:02] wrote /home/jvivona/agents/tidbyt-data/aa/dailyreflection.json
[2026-05-05T08:03:02] git add --all in /home/jvivona/agents/tidbyt-data
[2026-05-05T08:03:02] git commit -m 'AA Daily Reflection'
[main 1508df84e] AA Daily Reflection
 Committer: jvivona <jvivona@joe-agent.ajcomputers.local>
Your name and email address were configured automatically based
on your username and hostname. Please check that they are accurate.
You can suppress this message by setting them explicitly. Run the
following command and follow the instructions in your editor to edit
your configuration file:

    git config --global --edit

After doing this, you may fix the identity used for this commit with:

    git commit --amend --reset-author

 2 files changed, 25 insertions(+)
[2026-05-05T08:03:02] git push origin main
To https://github.com/jvivona/tidbyt-data.git
   e748dbbed..1508df84e  main -> main
[2026-05-05T08:03:03] finished aadailyreflection
[2026-05-05T10:03:01] start aadailyreflection
[2026-05-05T10:03:01] fetching aa reflection for May 05, 2026 from https://www.aa.org/api/reflections/05/05
[2026-05-05T10:03:01] GET https://www.aa.org/api/reflections/05/05
[2026-05-05T10:03:02] wrote /home/jvivona/agents/tidbyt-data/aa/dailyreflection.json
[2026-05-05T10:03:02] git add --all in /home/jvivona/agents/tidbyt-data
[2026-05-05T10:03:02] git commit -m 'AA Daily Reflection'
[main 479219e34] AA Daily Reflection
 Committer: jvivona <jvivona@joe-agent.ajcomputers.local>
Your name and email address were configured automatically based
on your username and hostname. Please check that they are accurate.
You can suppress this message by setting them explicitly. Run the
following command and follow the instructions in your editor to edit
your configuration file:

    git config --global --edit

After doing this, you may fix the identity used for this commit with:

    git commit --amend --reset-author

 2 files changed, 25 insertions(+)
[2026-05-05T10:03:02] git push origin main
To https://github.com/jvivona/tidbyt-data.git
   652f5bc10..479219e34  main -> main
[2026-05-05T10:03:03] finished aadailyreflection
[2026-05-05T12:03:01] start aadailyreflection
[2026-05-05T12:03:01] fetching aa reflection for May 05, 2026 from https://www.aa.org/api/reflections/05/05
[2026-05-05T12:03:01] GET https://www.aa.org/api/reflections/05/05
[2026-05-05T12:03:02] wrote /home/jvivona/agents/tidbyt-data/aa/dailyreflection.json
[2026-05-05T12:03:02] git add --all in /home/jvivona/agents/tidbyt-data
