[2026-05-10T10:03:01] start aadailyreflection
[2026-05-10T10:03:01] fetching aa reflection for May 10, 2026 from https://www.aa.org/api/reflections/05/10
[2026-05-10T10:03:01] GET https://www.aa.org/api/reflections/05/10
[2026-05-10T10:03:02] wrote /home/jvivona/agents/tidbyt-data/aa/dailyreflection.json
[2026-05-10T10:03:02] git add --all in /home/jvivona/agents/tidbyt-data
[2026-05-10T10:03:02] git commit -m 'AA Daily Reflection'
[main db1343e53] AA Daily Reflection
 2 files changed, 12 insertions(+)
[2026-05-10T10:03:02] git push origin main
To https://github.com/jvivona/tidbyt-data.git
   821df01b5..db1343e53  main -> main
[2026-05-10T10:03:03] finished aadailyreflection
[2026-05-10T12:03:01] start aadailyreflection
[2026-05-10T12:03:01] fetching aa reflection for May 10, 2026 from https://www.aa.org/api/reflections/05/10
[2026-05-10T12:03:01] GET https://www.aa.org/api/reflections/05/10
[2026-05-10T12:03:02] wrote /home/jvivona/agents/tidbyt-data/aa/dailyreflection.json
[2026-05-10T12:03:02] git add --all in /home/jvivona/agents/tidbyt-data
[2026-05-10T12:03:02] git commit -m 'AA Daily Reflection'
[main acc880774] AA Daily Reflection
 2 files changed, 12 insertions(+)
[2026-05-10T12:03:02] git push origin main
To https://github.com/jvivona/tidbyt-data.git
   86c3e0057..acc880774  main -> main
[2026-05-10T12:03:03] finished aadailyreflection
[2026-05-10T14:03:02] start aadailyreflection
[2026-05-10T14:03:02] fetching aa reflection for May 10, 2026 from https://www.aa.org/api/reflections/05/10
[2026-05-10T14:03:02] GET https://www.aa.org/api/reflections/05/10
[2026-05-10T14:03:02] wrote /home/jvivona/agents/tidbyt-data/aa/dailyreflection.json
[2026-05-10T14:03:02] git add --all in /home/jvivona/agents/tidbyt-data
[2026-05-10T14:03:02] git commit -m 'AA Daily Reflection'
[main 03178f54b] AA Daily Reflection
 2 files changed, 12 insertions(+)
[2026-05-10T14:03:02] git push origin main
To https://github.com/jvivona/tidbyt-data.git
   f194633b3..03178f54b  main -> main
[2026-05-10T14:03:03] finished aadailyreflection
[2026-05-10T16:03:02] start aadailyreflection
[2026-05-10T16:03:02] fetching aa reflection for May 10, 2026 from https://www.aa.org/api/reflections/05/10
[2026-05-10T16:03:02] GET https://www.aa.org/api/reflections/05/10
[2026-05-10T16:03:02] wrote /home/jvivona/agents/tidbyt-data/aa/dailyreflection.json
[2026-05-10T16:03:02] git add --all in /home/jvivona/agents/tidbyt-data
[2026-05-10T16:03:02] git commit -m 'AA Daily Reflection'
[main 5dbbad86f] AA Daily Reflection
 2 files changed, 12 insertions(+)
[2026-05-10T16:03:02] git push origin main
To https://github.com/jvivona/tidbyt-data.git
   dec1397f1..5dbbad86f  main -> main
[2026-05-10T16:03:03] finished aadailyreflection
