[2026-05-10T10:03:01] start aadailyreflection
[2026-05-10T10:03:01] fetching aa reflection for May 10, 2026 from https://www.aa.org/api/reflections/05/10
[2026-05-10T10:03:01] GET https://www.aa.org/api/reflections/05/10
[2026-05-10T10:03:02] wrote /home/jvivona/agents/tidbyt-data/aa/dailyreflection.json
[2026-05-10T10:03:02] git add --all in /home/jvivona/agents/tidbyt-data
[2026-05-10T10:03:02] git commit -m 'AA Daily Reflection'
[main db1343e53] AA Daily Reflection
 2 files changed, 12 insertions(+)
[2026-05-10T10:03:02] git push origin main
To https://github.com/jvivona/tidbyt-data.git
   821df01b5..db1343e53  main -> main
[2026-05-10T10:03:03] finished aadailyreflection
[2026-05-10T12:03:01] start aadailyreflection
[2026-05-10T12:03:01] fetching aa reflection for May 10, 2026 from https://www.aa.org/api/reflections/05/10
[2026-05-10T12:03:01] GET https://www.aa.org/api/reflections/05/10
[2026-05-10T12:03:02] wrote /home/jvivona/agents/tidbyt-data/aa/dailyreflection.json
[2026-05-10T12:03:02] git add --all in /home/jvivona/agents/tidbyt-data
[2026-05-10T12:03:02] git commit -m 'AA Daily Reflection'
[main acc880774] AA Daily Reflection
 2 files changed, 12 insertions(+)
[2026-05-10T12:03:02] git push origin main
To https://github.com/jvivona/tidbyt-data.git
   86c3e0057..acc880774  main -> main
[2026-05-10T12:03:03] finished aadailyreflection
[2026-05-10T14:03:02] start aadailyreflection
[2026-05-10T14:03:02] fetching aa reflection for May 10, 2026 from https://www.aa.org/api/reflections/05/10
[2026-05-10T14:03:02] GET https://www.aa.org/api/reflections/05/10
[2026-05-10T14:03:02] wrote /home/jvivona/agents/tidbyt-data/aa/dailyreflection.json
[2026-05-10T14:03:02] git add --all in /home/jvivona/agents/tidbyt-data
[2026-05-10T14:03:02] git commit -m 'AA Daily Reflection'
[main 03178f54b] AA Daily Reflection
 2 files changed, 12 insertions(+)
[2026-05-10T14:03:02] git push origin main
To https://github.com/jvivona/tidbyt-data.git
   f194633b3..03178f54b  main -> main
[2026-05-10T14:03:03] finished aadailyreflection
[2026-05-10T16:03:02] start aadailyreflection
[2026-05-10T16:03:02] fetching aa reflection for May 10, 2026 from https://www.aa.org/api/reflections/05/10
[2026-05-10T16:03:02] GET https://www.aa.org/api/reflections/05/10
[2026-05-10T16:03:02] wrote /home/jvivona/agents/tidbyt-data/aa/dailyreflection.json
[2026-05-10T16:03:02] git add --all in /home/jvivona/agents/tidbyt-data
[2026-05-10T16:03:02] git commit -m 'AA Daily Reflection'
[main 5dbbad86f] AA Daily Reflection
 2 files changed, 12 insertions(+)
[2026-05-10T16:03:02] git push origin main
To https://github.com/jvivona/tidbyt-data.git
   dec1397f1..5dbbad86f  main -> main
[2026-05-10T16:03:03] finished aadailyreflection
[2026-05-10T18:03:02] start aadailyreflection
[2026-05-10T18:03:02] fetching aa reflection for May 10, 2026 from https://www.aa.org/api/reflections/05/10
[2026-05-10T18:03:02] GET https://www.aa.org/api/reflections/05/10
[2026-05-10T18:03:02] wrote /home/jvivona/agents/tidbyt-data/aa/dailyreflection.json
[2026-05-10T18:03:02] git add --all in /home/jvivona/agents/tidbyt-data
[2026-05-10T18:03:02] git commit -m 'AA Daily Reflection'
[main 138e1a3a9] AA Daily Reflection
 2 files changed, 12 insertions(+)
[2026-05-10T18:03:02] git push origin main
To https://github.com/jvivona/tidbyt-data.git
   60fbff5f4..138e1a3a9  main -> main
[2026-05-10T18:03:03] finished aadailyreflection
[2026-05-10T20:03:01] start aadailyreflection
[2026-05-10T20:03:01] fetching aa reflection for May 11, 2026 from https://www.aa.org/api/reflections/05/11
[2026-05-10T20:03:01] GET https://www.aa.org/api/reflections/05/11
[2026-05-10T20:03:02] wrote /home/jvivona/agents/tidbyt-data/aa/dailyreflection.json
[2026-05-10T20:03:02] git add --all in /home/jvivona/agents/tidbyt-data
[2026-05-10T20:03:02] git commit -m 'AA Daily Reflection'
[main 12420ac31] AA Daily Reflection
 3 files changed, 17 insertions(+), 5 deletions(-)
[2026-05-10T20:03:02] git push origin main
To https://github.com/jvivona/tidbyt-data.git
   49e026b09..12420ac31  main -> main
[2026-05-10T20:03:03] finished aadailyreflection
[2026-05-10T22:03:02] start aadailyreflection
[2026-05-10T22:03:02] fetching aa reflection for May 11, 2026 from https://www.aa.org/api/reflections/05/11
[2026-05-10T22:03:02] GET https://www.aa.org/api/reflections/05/11
[2026-05-10T22:03:02] wrote /home/jvivona/agents/tidbyt-data/aa/dailyreflection.json
[2026-05-10T22:03:02] git add --all in /home/jvivona/agents/tidbyt-data
[2026-05-10T22:03:02] git commit -m 'AA Daily Reflection'
[main 19837a4d3] AA Daily Reflection
 2 files changed, 12 insertions(+)
[2026-05-10T22:03:02] git push origin main
To https://github.com/jvivona/tidbyt-data.git
   5a5f7846b..19837a4d3  main -> main
[2026-05-10T22:03:03] finished aadailyreflection
[2026-05-11T00:03:02] start aadailyreflection
[2026-05-11T00:03:02] fetching aa reflection for May 11, 2026 from https://www.aa.org/api/reflections/05/11
[2026-05-11T00:03:02] GET https://www.aa.org/api/reflections/05/11
[2026-05-11T00:03:02] wrote /home/jvivona/agents/tidbyt-data/aa/dailyreflection.json
[2026-05-11T00:03:02] git add --all in /home/jvivona/agents/tidbyt-data
[2026-05-11T00:03:02] git commit -m 'AA Daily Reflection'
[main 35d034e4d] AA Daily Reflection
 2 files changed, 12 insertions(+)
[2026-05-11T00:03:02] git push origin main
To https://github.com/jvivona/tidbyt-data.git
   56fefd3a2..35d034e4d  main -> main
[2026-05-11T00:03:03] finished aadailyreflection
[2026-05-11T02:03:02] start aadailyreflection
[2026-05-11T02:03:02] fetching aa reflection for May 11, 2026 from https://www.aa.org/api/reflections/05/11
[2026-05-11T02:03:02] GET https://www.aa.org/api/reflections/05/11
[2026-05-11T02:03:02] wrote /home/jvivona/agents/tidbyt-data/aa/dailyreflection.json
[2026-05-11T02:03:02] git add --all in /home/jvivona/agents/tidbyt-data
[2026-05-11T02:03:02] git commit -m 'AA Daily Reflection'
[main 98a985c62] AA Daily Reflection
 2 files changed, 12 insertions(+)
[2026-05-11T02:03:02] git push origin main
To https://github.com/jvivona/tidbyt-data.git
   c0795f8d1..98a985c62  main -> main
[2026-05-11T02:03:03] finished aadailyreflection
