[2026-05-10T08:49:02] start formula1
[2026-05-10T08:49:02] formula1 year=2026
[2026-05-10T08:49:02] GET https://api.jolpi.ca/ergast/f1/2026/next
[2026-05-10T08:49:02] wrote /home/jvivona/agents/tidbyt-data/formula1/next.json (791 bytes)
[2026-05-10T08:49:02] GET https://api.jolpi.ca/ergast/f1/2026/races.json
[2026-05-10T08:49:03] wrote /home/jvivona/agents/tidbyt-data/formula1/races.json (13658 bytes)
[2026-05-10T08:49:03] GET https://api.jolpi.ca/ergast/f1/2026/results.json
[2026-05-10T08:49:03] wrote /home/jvivona/agents/tidbyt-data/formula1/current/last/results.json (17853 bytes)
[2026-05-10T08:49:03] GET https://api.jolpi.ca/ergast/f1/2026/constructorstandings
[2026-05-10T08:49:03] wrote /home/jvivona/agents/tidbyt-data/formula1/constructorStandings.json (2492 bytes)
[2026-05-10T08:49:03] GET https://api.jolpi.ca/ergast/f1/2026/driverstandings
[2026-05-10T08:49:04] wrote /home/jvivona/agents/tidbyt-data/formula1/driverStandings.json (9563 bytes)
[2026-05-10T08:49:04] GET https://api.jolpi.ca/ergast/f1/2026/4/qualifying.json
[2026-05-10T08:49:04] wrote /home/jvivona/agents/tidbyt-data/formula1/2026/4/qualifying.json (9953 bytes)
[2026-05-10T08:49:04] GET https://api.jolpi.ca/ergast/f1/2026/4/results.json
[2026-05-10T08:49:05] wrote /home/jvivona/agents/tidbyt-data/formula1/2026/4/results.json (13061 bytes)
[2026-05-10T08:49:05] GET https://api.jolpi.ca/ergast/f1/2026/5/qualifying.json
[2026-05-10T08:49:05] wrote /home/jvivona/agents/tidbyt-data/formula1/2026/5/qualifying.json (190 bytes)
[2026-05-10T08:49:05] GET https://api.jolpi.ca/ergast/f1/2026/5/results.json
[2026-05-10T08:49:06] wrote /home/jvivona/agents/tidbyt-data/formula1/2026/5/results.json (187 bytes)
[2026-05-10T08:49:06] GET https://api.jolpi.ca/ergast/f1/2026/6/qualifying.json
[2026-05-10T08:49:06] wrote /home/jvivona/agents/tidbyt-data/formula1/2026/6/qualifying.json (190 bytes)
[2026-05-10T08:49:06] GET https://api.jolpi.ca/ergast/f1/2026/6/results.json
[2026-05-10T08:49:06] wrote /home/jvivona/agents/tidbyt-data/formula1/2026/6/results.json (187 bytes)
[2026-05-10T08:49:06] git add --all in /home/jvivona/agents/tidbyt-data
[2026-05-10T08:49:06] git commit -m 'Formula1 Update'
[main cf1b9865d] Formula1 Update
 2 files changed, 40 insertions(+)
[2026-05-10T08:49:06] git push origin main
To https://github.com/jvivona/tidbyt-data.git
   901290550..cf1b9865d  main -> main
[2026-05-10T08:49:07] finished formula1
[2026-05-10T09:19:01] start formula1
[2026-05-10T09:19:01] formula1 year=2026
[2026-05-10T09:19:01] GET https://api.jolpi.ca/ergast/f1/2026/next
[2026-05-10T09:19:02] wrote /home/jvivona/agents/tidbyt-data/formula1/next.json (791 bytes)
[2026-05-10T09:19:02] GET https://api.jolpi.ca/ergast/f1/2026/races.json
[2026-05-10T09:19:02] wrote /home/jvivona/agents/tidbyt-data/formula1/races.json (13658 bytes)
[2026-05-10T09:19:02] GET https://api.jolpi.ca/ergast/f1/2026/results.json
[2026-05-10T09:19:02] wrote /home/jvivona/agents/tidbyt-data/formula1/current/last/results.json (17853 bytes)
[2026-05-10T09:19:02] GET https://api.jolpi.ca/ergast/f1/2026/constructorstandings
[2026-05-10T09:19:03] wrote /home/jvivona/agents/tidbyt-data/formula1/constructorStandings.json (2492 bytes)
[2026-05-10T09:19:03] GET https://api.jolpi.ca/ergast/f1/2026/driverstandings
[2026-05-10T09:19:03] wrote /home/jvivona/agents/tidbyt-data/formula1/driverStandings.json (9563 bytes)
[2026-05-10T09:19:03] GET https://api.jolpi.ca/ergast/f1/2026/4/qualifying.json
[2026-05-10T09:19:04] wrote /home/jvivona/agents/tidbyt-data/formula1/2026/4/qualifying.json (9953 bytes)
[2026-05-10T09:19:04] GET https://api.jolpi.ca/ergast/f1/2026/4/results.json
[2026-05-10T09:19:04] wrote /home/jvivona/agents/tidbyt-data/formula1/2026/4/results.json (13061 bytes)
[2026-05-10T09:19:04] GET https://api.jolpi.ca/ergast/f1/2026/5/qualifying.json
[2026-05-10T09:19:05] wrote /home/jvivona/agents/tidbyt-data/formula1/2026/5/qualifying.json (190 bytes)
[2026-05-10T09:19:05] GET https://api.jolpi.ca/ergast/f1/2026/5/results.json
[2026-05-10T09:19:05] wrote /home/jvivona/agents/tidbyt-data/formula1/2026/5/results.json (187 bytes)
[2026-05-10T09:19:05] GET https://api.jolpi.ca/ergast/f1/2026/6/qualifying.json
[2026-05-10T09:19:05] wrote /home/jvivona/agents/tidbyt-data/formula1/2026/6/qualifying.json (190 bytes)
[2026-05-10T09:19:05] GET https://api.jolpi.ca/ergast/f1/2026/6/results.json
[2026-05-10T09:19:06] wrote /home/jvivona/agents/tidbyt-data/formula1/2026/6/results.json (187 bytes)
[2026-05-10T09:19:06] git add --all in /home/jvivona/agents/tidbyt-data
[2026-05-10T09:19:06] git commit -m 'Formula1 Update'
[main 387ad00db] Formula1 Update
 3 files changed, 33 insertions(+)
[2026-05-10T09:19:06] git push origin main
To https://github.com/jvivona/tidbyt-data.git
   73eda747f..387ad00db  main -> main
[2026-05-10T09:19:07] finished formula1
[2026-05-10T09:49:02] start formula1
[2026-05-10T09:49:02] formula1 year=2026
[2026-05-10T09:49:02] GET https://api.jolpi.ca/ergast/f1/2026/next
[2026-05-10T09:49:02] wrote /home/jvivona/agents/tidbyt-data/formula1/next.json (791 bytes)
[2026-05-10T09:49:02] GET https://api.jolpi.ca/ergast/f1/2026/races.json
[2026-05-10T09:49:03] wrote /home/jvivona/agents/tidbyt-data/formula1/races.json (13658 bytes)
[2026-05-10T09:49:03] GET https://api.jolpi.ca/ergast/f1/2026/results.json
[2026-05-10T09:49:03] wrote /home/jvivona/agents/tidbyt-data/formula1/current/last/results.json (17853 bytes)
[2026-05-10T09:49:03] GET https://api.jolpi.ca/ergast/f1/2026/constructorstandings
[2026-05-10T09:49:04] wrote /home/jvivona/agents/tidbyt-data/formula1/constructorStandings.json (2492 bytes)
[2026-05-10T09:49:04] GET https://api.jolpi.ca/ergast/f1/2026/driverstandings
[2026-05-10T09:49:04] wrote /home/jvivona/agents/tidbyt-data/formula1/driverStandings.json (9563 bytes)
[2026-05-10T09:49:04] GET https://api.jolpi.ca/ergast/f1/2026/4/qualifying.json
[2026-05-10T09:49:04] wrote /home/jvivona/agents/tidbyt-data/formula1/2026/4/qualifying.json (9953 bytes)
[2026-05-10T09:49:04] GET https://api.jolpi.ca/ergast/f1/2026/4/results.json
[2026-05-10T09:49:05] wrote /home/jvivona/agents/tidbyt-data/formula1/2026/4/results.json (13061 bytes)
[2026-05-10T09:49:05] GET https://api.jolpi.ca/ergast/f1/2026/5/qualifying.json
[2026-05-10T09:49:05] wrote /home/jvivona/agents/tidbyt-data/formula1/2026/5/qualifying.json (190 bytes)
[2026-05-10T09:49:05] GET https://api.jolpi.ca/ergast/f1/2026/5/results.json
[2026-05-10T09:49:06] wrote /home/jvivona/agents/tidbyt-data/formula1/2026/5/results.json (187 bytes)
[2026-05-10T09:49:06] GET https://api.jolpi.ca/ergast/f1/2026/6/qualifying.json
[2026-05-10T09:49:06] wrote /home/jvivona/agents/tidbyt-data/formula1/2026/6/qualifying.json (190 bytes)
[2026-05-10T09:49:06] GET https://api.jolpi.ca/ergast/f1/2026/6/results.json
[2026-05-10T09:49:06] wrote /home/jvivona/agents/tidbyt-data/formula1/2026/6/results.json (187 bytes)
[2026-05-10T09:49:06] git add --all in /home/jvivona/agents/tidbyt-data
[2026-05-10T09:49:06] git commit -m 'Formula1 Update'
[main ceb8ed1b2] Formula1 Update
 2 files changed, 32 insertions(+)
[2026-05-10T09:49:06] git push origin main
To https://github.com/jvivona/tidbyt-data.git
   309e84959..ceb8ed1b2  main -> main
[2026-05-10T09:49:07] finished formula1
[2026-05-10T10:19:01] start formula1
[2026-05-10T10:19:01] formula1 year=2026
[2026-05-10T10:19:01] GET https://api.jolpi.ca/ergast/f1/2026/next
[2026-05-10T10:19:02] wrote /home/jvivona/agents/tidbyt-data/formula1/next.json (791 bytes)
[2026-05-10T10:19:02] GET https://api.jolpi.ca/ergast/f1/2026/races.json
[2026-05-10T10:19:02] wrote /home/jvivona/agents/tidbyt-data/formula1/races.json (13658 bytes)
[2026-05-10T10:19:02] GET https://api.jolpi.ca/ergast/f1/2026/results.json
[2026-05-10T10:19:03] wrote /home/jvivona/agents/tidbyt-data/formula1/current/last/results.json (17853 bytes)
[2026-05-10T10:19:03] GET https://api.jolpi.ca/ergast/f1/2026/constructorstandings
[2026-05-10T10:19:03] wrote /home/jvivona/agents/tidbyt-data/formula1/constructorStandings.json (2492 bytes)
[2026-05-10T10:19:03] GET https://api.jolpi.ca/ergast/f1/2026/driverstandings
[2026-05-10T10:19:04] wrote /home/jvivona/agents/tidbyt-data/formula1/driverStandings.json (9563 bytes)
[2026-05-10T10:19:04] GET https://api.jolpi.ca/ergast/f1/2026/4/qualifying.json
[2026-05-10T10:19:04] wrote /home/jvivona/agents/tidbyt-data/formula1/2026/4/qualifying.json (9953 bytes)
[2026-05-10T10:19:04] GET https://api.jolpi.ca/ergast/f1/2026/4/results.json
[2026-05-10T10:19:04] wrote /home/jvivona/agents/tidbyt-data/formula1/2026/4/results.json (13061 bytes)
[2026-05-10T10:19:04] GET https://api.jolpi.ca/ergast/f1/2026/5/qualifying.json
[2026-05-10T10:19:05] wrote /home/jvivona/agents/tidbyt-data/formula1/2026/5/qualifying.json (190 bytes)
[2026-05-10T10:19:05] GET https://api.jolpi.ca/ergast/f1/2026/5/results.json
[2026-05-10T10:19:05] wrote /home/jvivona/agents/tidbyt-data/formula1/2026/5/results.json (187 bytes)
[2026-05-10T10:19:05] GET https://api.jolpi.ca/ergast/f1/2026/6/qualifying.json
[2026-05-10T10:19:06] wrote /home/jvivona/agents/tidbyt-data/formula1/2026/6/qualifying.json (190 bytes)
[2026-05-10T10:19:06] GET https://api.jolpi.ca/ergast/f1/2026/6/results.json
[2026-05-10T10:19:06] wrote /home/jvivona/agents/tidbyt-data/formula1/2026/6/results.json (187 bytes)
[2026-05-10T10:19:06] git add --all in /home/jvivona/agents/tidbyt-data
[2026-05-10T10:19:06] git commit -m 'Formula1 Update'
[main c3690134d] Formula1 Update
 3 files changed, 34 insertions(+)
[2026-05-10T10:19:06] git push origin main
To https://github.com/jvivona/tidbyt-data.git
   9b91de0a0..c3690134d  main -> main
[2026-05-10T10:19:07] finished formula1
[2026-05-10T10:49:02] start formula1
[2026-05-10T10:49:02] formula1 year=2026
[2026-05-10T10:49:02] GET https://api.jolpi.ca/ergast/f1/2026/next
[2026-05-10T10:49:02] wrote /home/jvivona/agents/tidbyt-data/formula1/next.json (791 bytes)
[2026-05-10T10:49:02] GET https://api.jolpi.ca/ergast/f1/2026/races.json
[2026-05-10T10:49:03] wrote /home/jvivona/agents/tidbyt-data/formula1/races.json (13658 bytes)
[2026-05-10T10:49:03] GET https://api.jolpi.ca/ergast/f1/2026/results.json
[2026-05-10T10:49:03] wrote /home/jvivona/agents/tidbyt-data/formula1/current/last/results.json (17853 bytes)
[2026-05-10T10:49:03] GET https://api.jolpi.ca/ergast/f1/2026/constructorstandings
[2026-05-10T10:49:04] wrote /home/jvivona/agents/tidbyt-data/formula1/constructorStandings.json (2492 bytes)
[2026-05-10T10:49:04] GET https://api.jolpi.ca/ergast/f1/2026/driverstandings
[2026-05-10T10:49:04] wrote /home/jvivona/agents/tidbyt-data/formula1/driverStandings.json (9563 bytes)
[2026-05-10T10:49:04] GET https://api.jolpi.ca/ergast/f1/2026/4/qualifying.json
[2026-05-10T10:49:05] wrote /home/jvivona/agents/tidbyt-data/formula1/2026/4/qualifying.json (9953 bytes)
[2026-05-10T10:49:05] GET https://api.jolpi.ca/ergast/f1/2026/4/results.json
[2026-05-10T10:49:05] wrote /home/jvivona/agents/tidbyt-data/formula1/2026/4/results.json (13061 bytes)
[2026-05-10T10:49:05] GET https://api.jolpi.ca/ergast/f1/2026/5/qualifying.json
[2026-05-10T10:49:05] wrote /home/jvivona/agents/tidbyt-data/formula1/2026/5/qualifying.json (190 bytes)
[2026-05-10T10:49:05] GET https://api.jolpi.ca/ergast/f1/2026/5/results.json
[2026-05-10T10:49:06] wrote /home/jvivona/agents/tidbyt-data/formula1/2026/5/results.json (187 bytes)
[2026-05-10T10:49:06] GET https://api.jolpi.ca/ergast/f1/2026/6/qualifying.json
[2026-05-10T10:49:06] wrote /home/jvivona/agents/tidbyt-data/formula1/2026/6/qualifying.json (190 bytes)
[2026-05-10T10:49:06] GET https://api.jolpi.ca/ergast/f1/2026/6/results.json
[2026-05-10T10:49:06] wrote /home/jvivona/agents/tidbyt-data/formula1/2026/6/results.json (187 bytes)
[2026-05-10T10:49:06] git add --all in /home/jvivona/agents/tidbyt-data
[2026-05-10T10:49:07] git commit -m 'Formula1 Update'
[main e655b5538] Formula1 Update
 2 files changed, 32 insertions(+)
[2026-05-10T10:49:07] git push origin main
To https://github.com/jvivona/tidbyt-data.git
   359f6c118..e655b5538  main -> main
[2026-05-10T10:49:08] finished formula1
[2026-05-10T11:19:01] start formula1
[2026-05-10T11:19:01] formula1 year=2026
[2026-05-10T11:19:01] GET https://api.jolpi.ca/ergast/f1/2026/next
[2026-05-10T11:19:02] wrote /home/jvivona/agents/tidbyt-data/formula1/next.json (791 bytes)
[2026-05-10T11:19:02] GET https://api.jolpi.ca/ergast/f1/2026/races.json
[2026-05-10T11:19:02] wrote /home/jvivona/agents/tidbyt-data/formula1/races.json (13658 bytes)
[2026-05-10T11:19:02] GET https://api.jolpi.ca/ergast/f1/2026/results.json
[2026-05-10T11:19:03] wrote /home/jvivona/agents/tidbyt-data/formula1/current/last/results.json (17853 bytes)
[2026-05-10T11:19:03] GET https://api.jolpi.ca/ergast/f1/2026/constructorstandings
[2026-05-10T11:19:03] wrote /home/jvivona/agents/tidbyt-data/formula1/constructorStandings.json (2492 bytes)
[2026-05-10T11:19:03] GET https://api.jolpi.ca/ergast/f1/2026/driverstandings
[2026-05-10T11:19:04] wrote /home/jvivona/agents/tidbyt-data/formula1/driverStandings.json (9563 bytes)
[2026-05-10T11:19:04] GET https://api.jolpi.ca/ergast/f1/2026/4/qualifying.json
[2026-05-10T11:19:04] wrote /home/jvivona/agents/tidbyt-data/formula1/2026/4/qualifying.json (9953 bytes)
[2026-05-10T11:19:04] GET https://api.jolpi.ca/ergast/f1/2026/4/results.json
[2026-05-10T11:19:04] wrote /home/jvivona/agents/tidbyt-data/formula1/2026/4/results.json (13061 bytes)
[2026-05-10T11:19:04] GET https://api.jolpi.ca/ergast/f1/2026/5/qualifying.json
[2026-05-10T11:19:05] wrote /home/jvivona/agents/tidbyt-data/formula1/2026/5/qualifying.json (190 bytes)
[2026-05-10T11:19:05] GET https://api.jolpi.ca/ergast/f1/2026/5/results.json
[2026-05-10T11:19:05] wrote /home/jvivona/agents/tidbyt-data/formula1/2026/5/results.json (187 bytes)
[2026-05-10T11:19:05] GET https://api.jolpi.ca/ergast/f1/2026/6/qualifying.json
[2026-05-10T11:19:06] wrote /home/jvivona/agents/tidbyt-data/formula1/2026/6/qualifying.json (190 bytes)
[2026-05-10T11:19:06] GET https://api.jolpi.ca/ergast/f1/2026/6/results.json
[2026-05-10T11:19:06] wrote /home/jvivona/agents/tidbyt-data/formula1/2026/6/results.json (187 bytes)
[2026-05-10T11:19:06] git add --all in /home/jvivona/agents/tidbyt-data
[2026-05-10T11:19:06] git commit -m 'Formula1 Update'
[main 9d8029336] Formula1 Update
 2 files changed, 38 insertions(+)
[2026-05-10T11:19:06] git push origin main
To https://github.com/jvivona/tidbyt-data.git
   e655b5538..9d8029336  main -> main
[2026-05-10T11:19:07] finished formula1
[2026-05-10T11:49:02] start formula1
[2026-05-10T11:49:02] formula1 year=2026
[2026-05-10T11:49:02] GET https://api.jolpi.ca/ergast/f1/2026/next
[2026-05-10T11:49:02] wrote /home/jvivona/agents/tidbyt-data/formula1/next.json (791 bytes)
[2026-05-10T11:49:02] GET https://api.jolpi.ca/ergast/f1/2026/races.json
[2026-05-10T11:49:03] wrote /home/jvivona/agents/tidbyt-data/formula1/races.json (13658 bytes)
[2026-05-10T11:49:03] GET https://api.jolpi.ca/ergast/f1/2026/results.json
[2026-05-10T11:49:03] wrote /home/jvivona/agents/tidbyt-data/formula1/current/last/results.json (17853 bytes)
[2026-05-10T11:49:03] GET https://api.jolpi.ca/ergast/f1/2026/constructorstandings
[2026-05-10T11:49:03] wrote /home/jvivona/agents/tidbyt-data/formula1/constructorStandings.json (2492 bytes)
[2026-05-10T11:49:04] GET https://api.jolpi.ca/ergast/f1/2026/driverstandings
[2026-05-10T11:49:04] wrote /home/jvivona/agents/tidbyt-data/formula1/driverStandings.json (9563 bytes)
[2026-05-10T11:49:04] GET https://api.jolpi.ca/ergast/f1/2026/4/qualifying.json
[2026-05-10T11:49:04] wrote /home/jvivona/agents/tidbyt-data/formula1/2026/4/qualifying.json (9953 bytes)
[2026-05-10T11:49:04] GET https://api.jolpi.ca/ergast/f1/2026/4/results.json
[2026-05-10T11:49:05] wrote /home/jvivona/agents/tidbyt-data/formula1/2026/4/results.json (13061 bytes)
[2026-05-10T11:49:05] GET https://api.jolpi.ca/ergast/f1/2026/5/qualifying.json
[2026-05-10T11:49:05] wrote /home/jvivona/agents/tidbyt-data/formula1/2026/5/qualifying.json (190 bytes)
[2026-05-10T11:49:05] GET https://api.jolpi.ca/ergast/f1/2026/5/results.json
[2026-05-10T11:49:06] wrote /home/jvivona/agents/tidbyt-data/formula1/2026/5/results.json (187 bytes)
[2026-05-10T11:49:06] GET https://api.jolpi.ca/ergast/f1/2026/6/qualifying.json
[2026-05-10T11:49:06] wrote /home/jvivona/agents/tidbyt-data/formula1/2026/6/qualifying.json (190 bytes)
[2026-05-10T11:49:06] GET https://api.jolpi.ca/ergast/f1/2026/6/results.json
[2026-05-10T11:49:06] wrote /home/jvivona/agents/tidbyt-data/formula1/2026/6/results.json (187 bytes)
[2026-05-10T11:49:06] git add --all in /home/jvivona/agents/tidbyt-data
[2026-05-10T11:49:06] git commit -m 'Formula1 Update'
[main bdcb1ade9] Formula1 Update
 2 files changed, 32 insertions(+)
[2026-05-10T11:49:06] git push origin main
To https://github.com/jvivona/tidbyt-data.git
   3c9b66ac4..bdcb1ade9  main -> main
[2026-05-10T11:49:07] finished formula1
[2026-05-10T12:19:02] start formula1
[2026-05-10T12:19:02] formula1 year=2026
[2026-05-10T12:19:02] GET https://api.jolpi.ca/ergast/f1/2026/next
[2026-05-10T12:19:02] wrote /home/jvivona/agents/tidbyt-data/formula1/next.json (791 bytes)
[2026-05-10T12:19:02] GET https://api.jolpi.ca/ergast/f1/2026/races.json
[2026-05-10T12:19:03] wrote /home/jvivona/agents/tidbyt-data/formula1/races.json (13658 bytes)
[2026-05-10T12:19:03] GET https://api.jolpi.ca/ergast/f1/2026/results.json
[2026-05-10T12:19:03] wrote /home/jvivona/agents/tidbyt-data/formula1/current/last/results.json (17853 bytes)
[2026-05-10T12:19:03] GET https://api.jolpi.ca/ergast/f1/2026/constructorstandings
[2026-05-10T12:19:04] wrote /home/jvivona/agents/tidbyt-data/formula1/constructorStandings.json (2492 bytes)
[2026-05-10T12:19:04] GET https://api.jolpi.ca/ergast/f1/2026/driverstandings
[2026-05-10T12:19:04] wrote /home/jvivona/agents/tidbyt-data/formula1/driverStandings.json (9563 bytes)
[2026-05-10T12:19:04] GET https://api.jolpi.ca/ergast/f1/2026/4/qualifying.json
[2026-05-10T12:19:04] wrote /home/jvivona/agents/tidbyt-data/formula1/2026/4/qualifying.json (9953 bytes)
[2026-05-10T12:19:04] GET https://api.jolpi.ca/ergast/f1/2026/4/results.json
[2026-05-10T12:19:05] wrote /home/jvivona/agents/tidbyt-data/formula1/2026/4/results.json (13061 bytes)
[2026-05-10T12:19:05] GET https://api.jolpi.ca/ergast/f1/2026/5/qualifying.json
[2026-05-10T12:19:05] wrote /home/jvivona/agents/tidbyt-data/formula1/2026/5/qualifying.json (190 bytes)
[2026-05-10T12:19:05] GET https://api.jolpi.ca/ergast/f1/2026/5/results.json
[2026-05-10T12:19:06] wrote /home/jvivona/agents/tidbyt-data/formula1/2026/5/results.json (187 bytes)
[2026-05-10T12:19:06] GET https://api.jolpi.ca/ergast/f1/2026/6/qualifying.json
[2026-05-10T12:19:06] wrote /home/jvivona/agents/tidbyt-data/formula1/2026/6/qualifying.json (190 bytes)
[2026-05-10T12:19:06] GET https://api.jolpi.ca/ergast/f1/2026/6/results.json
[2026-05-10T12:19:06] wrote /home/jvivona/agents/tidbyt-data/formula1/2026/6/results.json (187 bytes)
[2026-05-10T12:19:06] git add --all in /home/jvivona/agents/tidbyt-data
[2026-05-10T12:19:06] git commit -m 'Formula1 Update'
[main 21fdba71a] Formula1 Update
 3 files changed, 33 insertions(+)
[2026-05-10T12:19:06] git push origin main
To https://github.com/jvivona/tidbyt-data.git
   8e84ab750..21fdba71a  main -> main
[2026-05-10T12:19:07] finished formula1
[2026-05-10T12:49:02] start formula1
[2026-05-10T12:49:02] formula1 year=2026
[2026-05-10T12:49:02] GET https://api.jolpi.ca/ergast/f1/2026/next
[2026-05-10T12:49:02] wrote /home/jvivona/agents/tidbyt-data/formula1/next.json (791 bytes)
[2026-05-10T12:49:02] GET https://api.jolpi.ca/ergast/f1/2026/races.json
[2026-05-10T12:49:03] wrote /home/jvivona/agents/tidbyt-data/formula1/races.json (13658 bytes)
[2026-05-10T12:49:03] GET https://api.jolpi.ca/ergast/f1/2026/results.json
[2026-05-10T12:49:03] wrote /home/jvivona/agents/tidbyt-data/formula1/current/last/results.json (17853 bytes)
[2026-05-10T12:49:03] GET https://api.jolpi.ca/ergast/f1/2026/constructorstandings
[2026-05-10T12:49:04] wrote /home/jvivona/agents/tidbyt-data/formula1/constructorStandings.json (2492 bytes)
[2026-05-10T12:49:04] GET https://api.jolpi.ca/ergast/f1/2026/driverstandings
[2026-05-10T12:49:04] wrote /home/jvivona/agents/tidbyt-data/formula1/driverStandings.json (9563 bytes)
[2026-05-10T12:49:04] GET https://api.jolpi.ca/ergast/f1/2026/4/qualifying.json
[2026-05-10T12:49:04] wrote /home/jvivona/agents/tidbyt-data/formula1/2026/4/qualifying.json (9953 bytes)
[2026-05-10T12:49:04] GET https://api.jolpi.ca/ergast/f1/2026/4/results.json
[2026-05-10T12:49:05] wrote /home/jvivona/agents/tidbyt-data/formula1/2026/4/results.json (13061 bytes)
[2026-05-10T12:49:05] GET https://api.jolpi.ca/ergast/f1/2026/5/qualifying.json
[2026-05-10T12:49:05] wrote /home/jvivona/agents/tidbyt-data/formula1/2026/5/qualifying.json (190 bytes)
[2026-05-10T12:49:05] GET https://api.jolpi.ca/ergast/f1/2026/5/results.json
[2026-05-10T12:49:06] wrote /home/jvivona/agents/tidbyt-data/formula1/2026/5/results.json (187 bytes)
[2026-05-10T12:49:06] GET https://api.jolpi.ca/ergast/f1/2026/6/qualifying.json
[2026-05-10T12:49:06] wrote /home/jvivona/agents/tidbyt-data/formula1/2026/6/qualifying.json (190 bytes)
[2026-05-10T12:49:06] GET https://api.jolpi.ca/ergast/f1/2026/6/results.json
[2026-05-10T12:49:06] wrote /home/jvivona/agents/tidbyt-data/formula1/2026/6/results.json (187 bytes)
[2026-05-10T12:49:06] git add --all in /home/jvivona/agents/tidbyt-data
[2026-05-10T12:49:06] git commit -m 'Formula1 Update'
[main ddf66be31] Formula1 Update
 2 files changed, 32 insertions(+)
[2026-05-10T12:49:06] git push origin main
To https://github.com/jvivona/tidbyt-data.git
   b46eefe25..ddf66be31  main -> main
[2026-05-10T12:49:08] finished formula1
[2026-05-10T13:19:02] start formula1
[2026-05-10T13:19:02] formula1 year=2026
[2026-05-10T13:19:02] GET https://api.jolpi.ca/ergast/f1/2026/next
[2026-05-10T13:19:02] wrote /home/jvivona/agents/tidbyt-data/formula1/next.json (791 bytes)
[2026-05-10T13:19:02] GET https://api.jolpi.ca/ergast/f1/2026/races.json
[2026-05-10T13:19:03] wrote /home/jvivona/agents/tidbyt-data/formula1/races.json (13658 bytes)
[2026-05-10T13:19:03] GET https://api.jolpi.ca/ergast/f1/2026/results.json
[2026-05-10T13:19:03] wrote /home/jvivona/agents/tidbyt-data/formula1/current/last/results.json (17853 bytes)
[2026-05-10T13:19:03] GET https://api.jolpi.ca/ergast/f1/2026/constructorstandings
[2026-05-10T13:19:04] wrote /home/jvivona/agents/tidbyt-data/formula1/constructorStandings.json (2492 bytes)
[2026-05-10T13:19:04] GET https://api.jolpi.ca/ergast/f1/2026/driverstandings
[2026-05-10T13:19:04] wrote /home/jvivona/agents/tidbyt-data/formula1/driverStandings.json (9563 bytes)
[2026-05-10T13:19:04] GET https://api.jolpi.ca/ergast/f1/2026/4/qualifying.json
[2026-05-10T13:19:05] wrote /home/jvivona/agents/tidbyt-data/formula1/2026/4/qualifying.json (9953 bytes)
[2026-05-10T13:19:05] GET https://api.jolpi.ca/ergast/f1/2026/4/results.json
[2026-05-10T13:19:05] wrote /home/jvivona/agents/tidbyt-data/formula1/2026/4/results.json (13061 bytes)
[2026-05-10T13:19:05] GET https://api.jolpi.ca/ergast/f1/2026/5/qualifying.json
[2026-05-10T13:19:05] wrote /home/jvivona/agents/tidbyt-data/formula1/2026/5/qualifying.json (190 bytes)
[2026-05-10T13:19:05] GET https://api.jolpi.ca/ergast/f1/2026/5/results.json
[2026-05-10T13:19:06] wrote /home/jvivona/agents/tidbyt-data/formula1/2026/5/results.json (187 bytes)
[2026-05-10T13:19:06] GET https://api.jolpi.ca/ergast/f1/2026/6/qualifying.json
[2026-05-10T13:19:06] wrote /home/jvivona/agents/tidbyt-data/formula1/2026/6/qualifying.json (190 bytes)
[2026-05-10T13:19:06] GET https://api.jolpi.ca/ergast/f1/2026/6/results.json
[2026-05-10T13:19:07] wrote /home/jvivona/agents/tidbyt-data/formula1/2026/6/results.json (187 bytes)
[2026-05-10T13:19:07] git add --all in /home/jvivona/agents/tidbyt-data
[2026-05-10T13:19:07] git commit -m 'Formula1 Update'
[main 7d5488f71] Formula1 Update
 2 files changed, 38 insertions(+)
[2026-05-10T13:19:07] git push origin main
To https://github.com/jvivona/tidbyt-data.git
   ddf66be31..7d5488f71  main -> main
[2026-05-10T13:19:08] finished formula1
[2026-05-10T13:49:01] start formula1
[2026-05-10T13:49:01] formula1 year=2026
[2026-05-10T13:49:01] GET https://api.jolpi.ca/ergast/f1/2026/next
[2026-05-10T13:49:02] wrote /home/jvivona/agents/tidbyt-data/formula1/next.json (791 bytes)
[2026-05-10T13:49:02] GET https://api.jolpi.ca/ergast/f1/2026/races.json
[2026-05-10T13:49:03] wrote /home/jvivona/agents/tidbyt-data/formula1/races.json (13658 bytes)
[2026-05-10T13:49:03] GET https://api.jolpi.ca/ergast/f1/2026/results.json
[2026-05-10T13:49:03] wrote /home/jvivona/agents/tidbyt-data/formula1/current/last/results.json (17853 bytes)
[2026-05-10T13:49:03] GET https://api.jolpi.ca/ergast/f1/2026/constructorstandings
[2026-05-10T13:49:03] wrote /home/jvivona/agents/tidbyt-data/formula1/constructorStandings.json (2492 bytes)
[2026-05-10T13:49:03] GET https://api.jolpi.ca/ergast/f1/2026/driverstandings
[2026-05-10T13:49:04] wrote /home/jvivona/agents/tidbyt-data/formula1/driverStandings.json (9563 bytes)
[2026-05-10T13:49:04] GET https://api.jolpi.ca/ergast/f1/2026/4/qualifying.json
[2026-05-10T13:49:04] wrote /home/jvivona/agents/tidbyt-data/formula1/2026/4/qualifying.json (9953 bytes)
[2026-05-10T13:49:04] GET https://api.jolpi.ca/ergast/f1/2026/4/results.json
[2026-05-10T13:49:05] wrote /home/jvivona/agents/tidbyt-data/formula1/2026/4/results.json (13061 bytes)
[2026-05-10T13:49:05] GET https://api.jolpi.ca/ergast/f1/2026/5/qualifying.json
[2026-05-10T13:49:05] wrote /home/jvivona/agents/tidbyt-data/formula1/2026/5/qualifying.json (190 bytes)
[2026-05-10T13:49:05] GET https://api.jolpi.ca/ergast/f1/2026/5/results.json
[2026-05-10T13:49:05] wrote /home/jvivona/agents/tidbyt-data/formula1/2026/5/results.json (187 bytes)
[2026-05-10T13:49:05] GET https://api.jolpi.ca/ergast/f1/2026/6/qualifying.json
[2026-05-10T13:49:06] wrote /home/jvivona/agents/tidbyt-data/formula1/2026/6/qualifying.json (190 bytes)
[2026-05-10T13:49:06] GET https://api.jolpi.ca/ergast/f1/2026/6/results.json
[2026-05-10T13:49:06] wrote /home/jvivona/agents/tidbyt-data/formula1/2026/6/results.json (187 bytes)
[2026-05-10T13:49:06] git add --all in /home/jvivona/agents/tidbyt-data
[2026-05-10T13:49:06] git commit -m 'Formula1 Update'
[main 19248c139] Formula1 Update
 2 files changed, 32 insertions(+)
[2026-05-10T13:49:06] git push origin main
To https://github.com/jvivona/tidbyt-data.git
   23749da33..19248c139  main -> main
[2026-05-10T13:49:07] finished formula1
[2026-05-10T14:19:01] start formula1
[2026-05-10T14:19:01] formula1 year=2026
[2026-05-10T14:19:01] GET https://api.jolpi.ca/ergast/f1/2026/next
[2026-05-10T14:19:02] wrote /home/jvivona/agents/tidbyt-data/formula1/next.json (791 bytes)
[2026-05-10T14:19:02] GET https://api.jolpi.ca/ergast/f1/2026/races.json
[2026-05-10T14:19:02] wrote /home/jvivona/agents/tidbyt-data/formula1/races.json (13658 bytes)
[2026-05-10T14:19:02] GET https://api.jolpi.ca/ergast/f1/2026/results.json
[2026-05-10T14:19:03] wrote /home/jvivona/agents/tidbyt-data/formula1/current/last/results.json (17853 bytes)
[2026-05-10T14:19:03] GET https://api.jolpi.ca/ergast/f1/2026/constructorstandings
[2026-05-10T14:19:03] wrote /home/jvivona/agents/tidbyt-data/formula1/constructorStandings.json (2492 bytes)
[2026-05-10T14:19:03] GET https://api.jolpi.ca/ergast/f1/2026/driverstandings
[2026-05-10T14:19:04] wrote /home/jvivona/agents/tidbyt-data/formula1/driverStandings.json (9563 bytes)
[2026-05-10T14:19:04] GET https://api.jolpi.ca/ergast/f1/2026/4/qualifying.json
[2026-05-10T14:19:04] wrote /home/jvivona/agents/tidbyt-data/formula1/2026/4/qualifying.json (9953 bytes)
[2026-05-10T14:19:04] GET https://api.jolpi.ca/ergast/f1/2026/4/results.json
[2026-05-10T14:19:04] wrote /home/jvivona/agents/tidbyt-data/formula1/2026/4/results.json (13061 bytes)
[2026-05-10T14:19:04] GET https://api.jolpi.ca/ergast/f1/2026/5/qualifying.json
[2026-05-10T14:19:05] wrote /home/jvivona/agents/tidbyt-data/formula1/2026/5/qualifying.json (190 bytes)
[2026-05-10T14:19:05] GET https://api.jolpi.ca/ergast/f1/2026/5/results.json
[2026-05-10T14:19:05] wrote /home/jvivona/agents/tidbyt-data/formula1/2026/5/results.json (187 bytes)
[2026-05-10T14:19:05] GET https://api.jolpi.ca/ergast/f1/2026/6/qualifying.json
[2026-05-10T14:19:06] wrote /home/jvivona/agents/tidbyt-data/formula1/2026/6/qualifying.json (190 bytes)
[2026-05-10T14:19:06] GET https://api.jolpi.ca/ergast/f1/2026/6/results.json
[2026-05-10T14:19:06] wrote /home/jvivona/agents/tidbyt-data/formula1/2026/6/results.json (187 bytes)
[2026-05-10T14:19:06] git add --all in /home/jvivona/agents/tidbyt-data
[2026-05-10T14:19:06] git commit -m 'Formula1 Update'
[main 82d62a86c] Formula1 Update
 3 files changed, 34 insertions(+)
[2026-05-10T14:19:06] git push origin main
To https://github.com/jvivona/tidbyt-data.git
   a6ba9a3f0..82d62a86c  main -> main
[2026-05-10T14:19:07] finished formula1
[2026-05-10T14:49:02] start formula1
[2026-05-10T14:49:02] formula1 year=2026
[2026-05-10T14:49:02] GET https://api.jolpi.ca/ergast/f1/2026/next
[2026-05-10T14:49:02] wrote /home/jvivona/agents/tidbyt-data/formula1/next.json (791 bytes)
[2026-05-10T14:49:02] GET https://api.jolpi.ca/ergast/f1/2026/races.json
[2026-05-10T14:49:03] wrote /home/jvivona/agents/tidbyt-data/formula1/races.json (13658 bytes)
[2026-05-10T14:49:03] GET https://api.jolpi.ca/ergast/f1/2026/results.json
[2026-05-10T14:49:03] wrote /home/jvivona/agents/tidbyt-data/formula1/current/last/results.json (17853 bytes)
[2026-05-10T14:49:03] GET https://api.jolpi.ca/ergast/f1/2026/constructorstandings
[2026-05-10T14:49:03] wrote /home/jvivona/agents/tidbyt-data/formula1/constructorStandings.json (2492 bytes)
[2026-05-10T14:49:03] GET https://api.jolpi.ca/ergast/f1/2026/driverstandings
[2026-05-10T14:49:04] wrote /home/jvivona/agents/tidbyt-data/formula1/driverStandings.json (9563 bytes)
[2026-05-10T14:49:04] GET https://api.jolpi.ca/ergast/f1/2026/4/qualifying.json
[2026-05-10T14:49:04] wrote /home/jvivona/agents/tidbyt-data/formula1/2026/4/qualifying.json (9953 bytes)
[2026-05-10T14:49:04] GET https://api.jolpi.ca/ergast/f1/2026/4/results.json
[2026-05-10T14:49:05] wrote /home/jvivona/agents/tidbyt-data/formula1/2026/4/results.json (13061 bytes)
[2026-05-10T14:49:05] GET https://api.jolpi.ca/ergast/f1/2026/5/qualifying.json
[2026-05-10T14:49:05] wrote /home/jvivona/agents/tidbyt-data/formula1/2026/5/qualifying.json (190 bytes)
[2026-05-10T14:49:05] GET https://api.jolpi.ca/ergast/f1/2026/5/results.json
[2026-05-10T14:49:06] wrote /home/jvivona/agents/tidbyt-data/formula1/2026/5/results.json (187 bytes)
[2026-05-10T14:49:06] GET https://api.jolpi.ca/ergast/f1/2026/6/qualifying.json
[2026-05-10T14:49:06] wrote /home/jvivona/agents/tidbyt-data/formula1/2026/6/qualifying.json (190 bytes)
[2026-05-10T14:49:06] GET https://api.jolpi.ca/ergast/f1/2026/6/results.json
[2026-05-10T14:49:06] wrote /home/jvivona/agents/tidbyt-data/formula1/2026/6/results.json (187 bytes)
[2026-05-10T14:49:06] git add --all in /home/jvivona/agents/tidbyt-data
[2026-05-10T14:49:06] git commit -m 'Formula1 Update'
[main 119e165a7] Formula1 Update
 2 files changed, 32 insertions(+)
[2026-05-10T14:49:06] git push origin main
To https://github.com/jvivona/tidbyt-data.git
   212eac5d1..119e165a7  main -> main
[2026-05-10T14:49:07] finished formula1
[2026-05-10T15:19:02] start formula1
[2026-05-10T15:19:02] formula1 year=2026
[2026-05-10T15:19:02] GET https://api.jolpi.ca/ergast/f1/2026/next
[2026-05-10T15:19:03] wrote /home/jvivona/agents/tidbyt-data/formula1/next.json (791 bytes)
[2026-05-10T15:19:03] GET https://api.jolpi.ca/ergast/f1/2026/races.json
[2026-05-10T15:19:03] wrote /home/jvivona/agents/tidbyt-data/formula1/races.json (13658 bytes)
[2026-05-10T15:19:03] GET https://api.jolpi.ca/ergast/f1/2026/results.json
[2026-05-10T15:19:04] wrote /home/jvivona/agents/tidbyt-data/formula1/current/last/results.json (17853 bytes)
[2026-05-10T15:19:04] GET https://api.jolpi.ca/ergast/f1/2026/constructorstandings
[2026-05-10T15:19:04] wrote /home/jvivona/agents/tidbyt-data/formula1/constructorStandings.json (2492 bytes)
[2026-05-10T15:19:04] GET https://api.jolpi.ca/ergast/f1/2026/driverstandings
[2026-05-10T15:19:05] wrote /home/jvivona/agents/tidbyt-data/formula1/driverStandings.json (9563 bytes)
[2026-05-10T15:19:05] GET https://api.jolpi.ca/ergast/f1/2026/4/qualifying.json
[2026-05-10T15:19:05] wrote /home/jvivona/agents/tidbyt-data/formula1/2026/4/qualifying.json (9953 bytes)
[2026-05-10T15:19:05] GET https://api.jolpi.ca/ergast/f1/2026/4/results.json
[2026-05-10T15:19:05] wrote /home/jvivona/agents/tidbyt-data/formula1/2026/4/results.json (13061 bytes)
[2026-05-10T15:19:05] GET https://api.jolpi.ca/ergast/f1/2026/5/qualifying.json
[2026-05-10T15:19:06] wrote /home/jvivona/agents/tidbyt-data/formula1/2026/5/qualifying.json (190 bytes)
[2026-05-10T15:19:06] GET https://api.jolpi.ca/ergast/f1/2026/5/results.json
[2026-05-10T15:19:06] wrote /home/jvivona/agents/tidbyt-data/formula1/2026/5/results.json (187 bytes)
[2026-05-10T15:19:06] GET https://api.jolpi.ca/ergast/f1/2026/6/qualifying.json
[2026-05-10T15:19:07] wrote /home/jvivona/agents/tidbyt-data/formula1/2026/6/qualifying.json (190 bytes)
[2026-05-10T15:19:07] GET https://api.jolpi.ca/ergast/f1/2026/6/results.json
[2026-05-10T15:19:07] wrote /home/jvivona/agents/tidbyt-data/formula1/2026/6/results.json (187 bytes)
[2026-05-10T15:19:07] git add --all in /home/jvivona/agents/tidbyt-data
[2026-05-10T15:19:07] git commit -m 'Formula1 Update'
[main d6978f4d0] Formula1 Update
 3 files changed, 33 insertions(+)
[2026-05-10T15:19:07] git push origin main
To https://github.com/jvivona/tidbyt-data.git
   687352073..d6978f4d0  main -> main
[2026-05-10T15:19:08] finished formula1
[2026-05-10T15:49:02] start formula1
[2026-05-10T15:49:02] formula1 year=2026
[2026-05-10T15:49:02] GET https://api.jolpi.ca/ergast/f1/2026/next
[2026-05-10T15:49:02] wrote /home/jvivona/agents/tidbyt-data/formula1/next.json (791 bytes)
[2026-05-10T15:49:02] GET https://api.jolpi.ca/ergast/f1/2026/races.json
[2026-05-10T15:49:03] wrote /home/jvivona/agents/tidbyt-data/formula1/races.json (13658 bytes)
[2026-05-10T15:49:03] GET https://api.jolpi.ca/ergast/f1/2026/results.json
[2026-05-10T15:49:03] wrote /home/jvivona/agents/tidbyt-data/formula1/current/last/results.json (17853 bytes)
[2026-05-10T15:49:03] GET https://api.jolpi.ca/ergast/f1/2026/constructorstandings
[2026-05-10T15:49:04] wrote /home/jvivona/agents/tidbyt-data/formula1/constructorStandings.json (2492 bytes)
[2026-05-10T15:49:04] GET https://api.jolpi.ca/ergast/f1/2026/driverstandings
[2026-05-10T15:49:04] wrote /home/jvivona/agents/tidbyt-data/formula1/driverStandings.json (9563 bytes)
[2026-05-10T15:49:04] GET https://api.jolpi.ca/ergast/f1/2026/4/qualifying.json
[2026-05-10T15:49:05] wrote /home/jvivona/agents/tidbyt-data/formula1/2026/4/qualifying.json (9953 bytes)
[2026-05-10T15:49:05] GET https://api.jolpi.ca/ergast/f1/2026/4/results.json
[2026-05-10T15:49:05] wrote /home/jvivona/agents/tidbyt-data/formula1/2026/4/results.json (13061 bytes)
[2026-05-10T15:49:05] GET https://api.jolpi.ca/ergast/f1/2026/5/qualifying.json
[2026-05-10T15:49:05] wrote /home/jvivona/agents/tidbyt-data/formula1/2026/5/qualifying.json (190 bytes)
[2026-05-10T15:49:05] GET https://api.jolpi.ca/ergast/f1/2026/5/results.json
[2026-05-10T15:49:06] wrote /home/jvivona/agents/tidbyt-data/formula1/2026/5/results.json (187 bytes)
[2026-05-10T15:49:06] GET https://api.jolpi.ca/ergast/f1/2026/6/qualifying.json
[2026-05-10T15:49:06] wrote /home/jvivona/agents/tidbyt-data/formula1/2026/6/qualifying.json (190 bytes)
[2026-05-10T15:49:06] GET https://api.jolpi.ca/ergast/f1/2026/6/results.json
[2026-05-10T15:49:07] wrote /home/jvivona/agents/tidbyt-data/formula1/2026/6/results.json (187 bytes)
[2026-05-10T15:49:07] git add --all in /home/jvivona/agents/tidbyt-data
[2026-05-10T15:49:07] git commit -m 'Formula1 Update'
[main 4d4e3a224] Formula1 Update
 2 files changed, 32 insertions(+)
[2026-05-10T15:49:07] git push origin main
To https://github.com/jvivona/tidbyt-data.git
   ce78a10b8..4d4e3a224  main -> main
[2026-05-10T15:49:08] finished formula1
[2026-05-10T16:19:01] start formula1
[2026-05-10T16:19:01] formula1 year=2026
[2026-05-10T16:19:01] GET https://api.jolpi.ca/ergast/f1/2026/next
[2026-05-10T16:19:02] wrote /home/jvivona/agents/tidbyt-data/formula1/next.json (791 bytes)
[2026-05-10T16:19:02] GET https://api.jolpi.ca/ergast/f1/2026/races.json
[2026-05-10T16:19:02] wrote /home/jvivona/agents/tidbyt-data/formula1/races.json (13658 bytes)
[2026-05-10T16:19:02] GET https://api.jolpi.ca/ergast/f1/2026/results.json
[2026-05-10T16:19:03] wrote /home/jvivona/agents/tidbyt-data/formula1/current/last/results.json (17853 bytes)
[2026-05-10T16:19:03] GET https://api.jolpi.ca/ergast/f1/2026/constructorstandings
[2026-05-10T16:19:03] wrote /home/jvivona/agents/tidbyt-data/formula1/constructorStandings.json (2492 bytes)
[2026-05-10T16:19:03] GET https://api.jolpi.ca/ergast/f1/2026/driverstandings
[2026-05-10T16:19:04] wrote /home/jvivona/agents/tidbyt-data/formula1/driverStandings.json (9563 bytes)
[2026-05-10T16:19:04] GET https://api.jolpi.ca/ergast/f1/2026/4/qualifying.json
[2026-05-10T16:19:04] wrote /home/jvivona/agents/tidbyt-data/formula1/2026/4/qualifying.json (9953 bytes)
[2026-05-10T16:19:04] GET https://api.jolpi.ca/ergast/f1/2026/4/results.json
[2026-05-10T16:19:05] wrote /home/jvivona/agents/tidbyt-data/formula1/2026/4/results.json (13061 bytes)
[2026-05-10T16:19:05] GET https://api.jolpi.ca/ergast/f1/2026/5/qualifying.json
[2026-05-10T16:19:05] wrote /home/jvivona/agents/tidbyt-data/formula1/2026/5/qualifying.json (190 bytes)
[2026-05-10T16:19:05] GET https://api.jolpi.ca/ergast/f1/2026/5/results.json
[2026-05-10T16:19:05] wrote /home/jvivona/agents/tidbyt-data/formula1/2026/5/results.json (187 bytes)
[2026-05-10T16:19:05] GET https://api.jolpi.ca/ergast/f1/2026/6/qualifying.json
[2026-05-10T16:19:06] wrote /home/jvivona/agents/tidbyt-data/formula1/2026/6/qualifying.json (190 bytes)
[2026-05-10T16:19:06] GET https://api.jolpi.ca/ergast/f1/2026/6/results.json
[2026-05-10T16:19:06] wrote /home/jvivona/agents/tidbyt-data/formula1/2026/6/results.json (187 bytes)
[2026-05-10T16:19:06] git add --all in /home/jvivona/agents/tidbyt-data
[2026-05-10T16:19:06] git commit -m 'Formula1 Update'
[main 629000219] Formula1 Update
 3 files changed, 34 insertions(+)
[2026-05-10T16:19:06] git push origin main
To https://github.com/jvivona/tidbyt-data.git
   a3ade663f..629000219  main -> main
[2026-05-10T16:19:07] finished formula1
[2026-05-10T16:49:01] start formula1
[2026-05-10T16:49:01] formula1 year=2026
[2026-05-10T16:49:01] GET https://api.jolpi.ca/ergast/f1/2026/next
[2026-05-10T16:49:02] wrote /home/jvivona/agents/tidbyt-data/formula1/next.json (791 bytes)
[2026-05-10T16:49:02] GET https://api.jolpi.ca/ergast/f1/2026/races.json
[2026-05-10T16:49:02] wrote /home/jvivona/agents/tidbyt-data/formula1/races.json (13658 bytes)
[2026-05-10T16:49:02] GET https://api.jolpi.ca/ergast/f1/2026/results.json
[2026-05-10T16:49:03] wrote /home/jvivona/agents/tidbyt-data/formula1/current/last/results.json (17853 bytes)
[2026-05-10T16:49:03] GET https://api.jolpi.ca/ergast/f1/2026/constructorstandings
[2026-05-10T16:49:03] wrote /home/jvivona/agents/tidbyt-data/formula1/constructorStandings.json (2492 bytes)
[2026-05-10T16:49:03] GET https://api.jolpi.ca/ergast/f1/2026/driverstandings
[2026-05-10T16:49:04] wrote /home/jvivona/agents/tidbyt-data/formula1/driverStandings.json (9563 bytes)
[2026-05-10T16:49:04] GET https://api.jolpi.ca/ergast/f1/2026/4/qualifying.json
[2026-05-10T16:49:04] wrote /home/jvivona/agents/tidbyt-data/formula1/2026/4/qualifying.json (9953 bytes)
[2026-05-10T16:49:04] GET https://api.jolpi.ca/ergast/f1/2026/4/results.json
[2026-05-10T16:49:04] wrote /home/jvivona/agents/tidbyt-data/formula1/2026/4/results.json (13061 bytes)
[2026-05-10T16:49:04] GET https://api.jolpi.ca/ergast/f1/2026/5/qualifying.json
[2026-05-10T16:49:05] wrote /home/jvivona/agents/tidbyt-data/formula1/2026/5/qualifying.json (190 bytes)
[2026-05-10T16:49:05] GET https://api.jolpi.ca/ergast/f1/2026/5/results.json
[2026-05-10T16:49:05] wrote /home/jvivona/agents/tidbyt-data/formula1/2026/5/results.json (187 bytes)
[2026-05-10T16:49:05] GET https://api.jolpi.ca/ergast/f1/2026/6/qualifying.json
[2026-05-10T16:49:05] wrote /home/jvivona/agents/tidbyt-data/formula1/2026/6/qualifying.json (190 bytes)
[2026-05-10T16:49:05] GET https://api.jolpi.ca/ergast/f1/2026/6/results.json
[2026-05-10T16:49:06] wrote /home/jvivona/agents/tidbyt-data/formula1/2026/6/results.json (187 bytes)
[2026-05-10T16:49:06] git add --all in /home/jvivona/agents/tidbyt-data
[2026-05-10T16:49:06] git commit -m 'Formula1 Update'
[main c17118cec] Formula1 Update
 2 files changed, 32 insertions(+)
[2026-05-10T16:49:06] git push origin main
To https://github.com/jvivona/tidbyt-data.git
   77b1d6739..c17118cec  main -> main
[2026-05-10T16:49:07] finished formula1
[2026-05-10T17:19:01] start formula1
[2026-05-10T17:19:01] formula1 year=2026
[2026-05-10T17:19:01] GET https://api.jolpi.ca/ergast/f1/2026/next
[2026-05-10T17:19:02] wrote /home/jvivona/agents/tidbyt-data/formula1/next.json (791 bytes)
[2026-05-10T17:19:02] GET https://api.jolpi.ca/ergast/f1/2026/races.json
[2026-05-10T17:19:02] wrote /home/jvivona/agents/tidbyt-data/formula1/races.json (13658 bytes)
[2026-05-10T17:19:02] GET https://api.jolpi.ca/ergast/f1/2026/results.json
[2026-05-10T17:19:03] wrote /home/jvivona/agents/tidbyt-data/formula1/current/last/results.json (17853 bytes)
[2026-05-10T17:19:03] GET https://api.jolpi.ca/ergast/f1/2026/constructorstandings
[2026-05-10T17:19:03] wrote /home/jvivona/agents/tidbyt-data/formula1/constructorStandings.json (2492 bytes)
[2026-05-10T17:19:03] GET https://api.jolpi.ca/ergast/f1/2026/driverstandings
[2026-05-10T17:19:04] wrote /home/jvivona/agents/tidbyt-data/formula1/driverStandings.json (9563 bytes)
[2026-05-10T17:19:04] GET https://api.jolpi.ca/ergast/f1/2026/4/qualifying.json
[2026-05-10T17:19:04] wrote /home/jvivona/agents/tidbyt-data/formula1/2026/4/qualifying.json (9953 bytes)
[2026-05-10T17:19:04] GET https://api.jolpi.ca/ergast/f1/2026/4/results.json
[2026-05-10T17:19:04] wrote /home/jvivona/agents/tidbyt-data/formula1/2026/4/results.json (13061 bytes)
[2026-05-10T17:19:04] GET https://api.jolpi.ca/ergast/f1/2026/5/qualifying.json
[2026-05-10T17:19:05] wrote /home/jvivona/agents/tidbyt-data/formula1/2026/5/qualifying.json (190 bytes)
[2026-05-10T17:19:05] GET https://api.jolpi.ca/ergast/f1/2026/5/results.json
[2026-05-10T17:19:05] wrote /home/jvivona/agents/tidbyt-data/formula1/2026/5/results.json (187 bytes)
[2026-05-10T17:19:05] GET https://api.jolpi.ca/ergast/f1/2026/6/qualifying.json
[2026-05-10T17:19:05] wrote /home/jvivona/agents/tidbyt-data/formula1/2026/6/qualifying.json (190 bytes)
[2026-05-10T17:19:05] GET https://api.jolpi.ca/ergast/f1/2026/6/results.json
[2026-05-10T17:19:06] wrote /home/jvivona/agents/tidbyt-data/formula1/2026/6/results.json (187 bytes)
[2026-05-10T17:19:06] git add --all in /home/jvivona/agents/tidbyt-data
