[2026-05-10T08:49:02] start formula1
[2026-05-10T08:49:02] formula1 year=2026
[2026-05-10T08:49:02] GET https://api.jolpi.ca/ergast/f1/2026/next
[2026-05-10T08:49:02] wrote /home/jvivona/agents/tidbyt-data/formula1/next.json (791 bytes)
[2026-05-10T08:49:02] GET https://api.jolpi.ca/ergast/f1/2026/races.json
[2026-05-10T08:49:03] wrote /home/jvivona/agents/tidbyt-data/formula1/races.json (13658 bytes)
[2026-05-10T08:49:03] GET https://api.jolpi.ca/ergast/f1/2026/results.json
[2026-05-10T08:49:03] wrote /home/jvivona/agents/tidbyt-data/formula1/current/last/results.json (17853 bytes)
[2026-05-10T08:49:03] GET https://api.jolpi.ca/ergast/f1/2026/constructorstandings
[2026-05-10T08:49:03] wrote /home/jvivona/agents/tidbyt-data/formula1/constructorStandings.json (2492 bytes)
[2026-05-10T08:49:03] GET https://api.jolpi.ca/ergast/f1/2026/driverstandings
[2026-05-10T08:49:04] wrote /home/jvivona/agents/tidbyt-data/formula1/driverStandings.json (9563 bytes)
[2026-05-10T08:49:04] GET https://api.jolpi.ca/ergast/f1/2026/4/qualifying.json
[2026-05-10T08:49:04] wrote /home/jvivona/agents/tidbyt-data/formula1/2026/4/qualifying.json (9953 bytes)
[2026-05-10T08:49:04] GET https://api.jolpi.ca/ergast/f1/2026/4/results.json
[2026-05-10T08:49:05] wrote /home/jvivona/agents/tidbyt-data/formula1/2026/4/results.json (13061 bytes)
[2026-05-10T08:49:05] GET https://api.jolpi.ca/ergast/f1/2026/5/qualifying.json
[2026-05-10T08:49:05] wrote /home/jvivona/agents/tidbyt-data/formula1/2026/5/qualifying.json (190 bytes)
[2026-05-10T08:49:05] GET https://api.jolpi.ca/ergast/f1/2026/5/results.json
[2026-05-10T08:49:06] wrote /home/jvivona/agents/tidbyt-data/formula1/2026/5/results.json (187 bytes)
[2026-05-10T08:49:06] GET https://api.jolpi.ca/ergast/f1/2026/6/qualifying.json
[2026-05-10T08:49:06] wrote /home/jvivona/agents/tidbyt-data/formula1/2026/6/qualifying.json (190 bytes)
[2026-05-10T08:49:06] GET https://api.jolpi.ca/ergast/f1/2026/6/results.json
[2026-05-10T08:49:06] wrote /home/jvivona/agents/tidbyt-data/formula1/2026/6/results.json (187 bytes)
[2026-05-10T08:49:06] git add --all in /home/jvivona/agents/tidbyt-data
[2026-05-10T08:49:06] git commit -m 'Formula1 Update'
[main cf1b9865d] Formula1 Update
 2 files changed, 40 insertions(+)
[2026-05-10T08:49:06] git push origin main
To https://github.com/jvivona/tidbyt-data.git
   901290550..cf1b9865d  main -> main
[2026-05-10T08:49:07] finished formula1
[2026-05-10T09:19:01] start formula1
[2026-05-10T09:19:01] formula1 year=2026
[2026-05-10T09:19:01] GET https://api.jolpi.ca/ergast/f1/2026/next
[2026-05-10T09:19:02] wrote /home/jvivona/agents/tidbyt-data/formula1/next.json (791 bytes)
[2026-05-10T09:19:02] GET https://api.jolpi.ca/ergast/f1/2026/races.json
[2026-05-10T09:19:02] wrote /home/jvivona/agents/tidbyt-data/formula1/races.json (13658 bytes)
[2026-05-10T09:19:02] GET https://api.jolpi.ca/ergast/f1/2026/results.json
[2026-05-10T09:19:02] wrote /home/jvivona/agents/tidbyt-data/formula1/current/last/results.json (17853 bytes)
[2026-05-10T09:19:02] GET https://api.jolpi.ca/ergast/f1/2026/constructorstandings
[2026-05-10T09:19:03] wrote /home/jvivona/agents/tidbyt-data/formula1/constructorStandings.json (2492 bytes)
[2026-05-10T09:19:03] GET https://api.jolpi.ca/ergast/f1/2026/driverstandings
[2026-05-10T09:19:03] wrote /home/jvivona/agents/tidbyt-data/formula1/driverStandings.json (9563 bytes)
[2026-05-10T09:19:03] GET https://api.jolpi.ca/ergast/f1/2026/4/qualifying.json
[2026-05-10T09:19:04] wrote /home/jvivona/agents/tidbyt-data/formula1/2026/4/qualifying.json (9953 bytes)
[2026-05-10T09:19:04] GET https://api.jolpi.ca/ergast/f1/2026/4/results.json
[2026-05-10T09:19:04] wrote /home/jvivona/agents/tidbyt-data/formula1/2026/4/results.json (13061 bytes)
[2026-05-10T09:19:04] GET https://api.jolpi.ca/ergast/f1/2026/5/qualifying.json
[2026-05-10T09:19:05] wrote /home/jvivona/agents/tidbyt-data/formula1/2026/5/qualifying.json (190 bytes)
[2026-05-10T09:19:05] GET https://api.jolpi.ca/ergast/f1/2026/5/results.json
[2026-05-10T09:19:05] wrote /home/jvivona/agents/tidbyt-data/formula1/2026/5/results.json (187 bytes)
[2026-05-10T09:19:05] GET https://api.jolpi.ca/ergast/f1/2026/6/qualifying.json
[2026-05-10T09:19:05] wrote /home/jvivona/agents/tidbyt-data/formula1/2026/6/qualifying.json (190 bytes)
[2026-05-10T09:19:05] GET https://api.jolpi.ca/ergast/f1/2026/6/results.json
[2026-05-10T09:19:06] wrote /home/jvivona/agents/tidbyt-data/formula1/2026/6/results.json (187 bytes)
[2026-05-10T09:19:06] git add --all in /home/jvivona/agents/tidbyt-data
[2026-05-10T09:19:06] git commit -m 'Formula1 Update'
[main 387ad00db] Formula1 Update
 3 files changed, 33 insertions(+)
[2026-05-10T09:19:06] git push origin main
To https://github.com/jvivona/tidbyt-data.git
   73eda747f..387ad00db  main -> main
[2026-05-10T09:19:07] finished formula1
[2026-05-10T09:49:02] start formula1
[2026-05-10T09:49:02] formula1 year=2026
[2026-05-10T09:49:02] GET https://api.jolpi.ca/ergast/f1/2026/next
[2026-05-10T09:49:02] wrote /home/jvivona/agents/tidbyt-data/formula1/next.json (791 bytes)
[2026-05-10T09:49:02] GET https://api.jolpi.ca/ergast/f1/2026/races.json
[2026-05-10T09:49:03] wrote /home/jvivona/agents/tidbyt-data/formula1/races.json (13658 bytes)
[2026-05-10T09:49:03] GET https://api.jolpi.ca/ergast/f1/2026/results.json
[2026-05-10T09:49:03] wrote /home/jvivona/agents/tidbyt-data/formula1/current/last/results.json (17853 bytes)
[2026-05-10T09:49:03] GET https://api.jolpi.ca/ergast/f1/2026/constructorstandings
[2026-05-10T09:49:04] wrote /home/jvivona/agents/tidbyt-data/formula1/constructorStandings.json (2492 bytes)
[2026-05-10T09:49:04] GET https://api.jolpi.ca/ergast/f1/2026/driverstandings
[2026-05-10T09:49:04] wrote /home/jvivona/agents/tidbyt-data/formula1/driverStandings.json (9563 bytes)
[2026-05-10T09:49:04] GET https://api.jolpi.ca/ergast/f1/2026/4/qualifying.json
[2026-05-10T09:49:04] wrote /home/jvivona/agents/tidbyt-data/formula1/2026/4/qualifying.json (9953 bytes)
[2026-05-10T09:49:04] GET https://api.jolpi.ca/ergast/f1/2026/4/results.json
[2026-05-10T09:49:05] wrote /home/jvivona/agents/tidbyt-data/formula1/2026/4/results.json (13061 bytes)
[2026-05-10T09:49:05] GET https://api.jolpi.ca/ergast/f1/2026/5/qualifying.json
[2026-05-10T09:49:05] wrote /home/jvivona/agents/tidbyt-data/formula1/2026/5/qualifying.json (190 bytes)
[2026-05-10T09:49:05] GET https://api.jolpi.ca/ergast/f1/2026/5/results.json
[2026-05-10T09:49:06] wrote /home/jvivona/agents/tidbyt-data/formula1/2026/5/results.json (187 bytes)
[2026-05-10T09:49:06] GET https://api.jolpi.ca/ergast/f1/2026/6/qualifying.json
[2026-05-10T09:49:06] wrote /home/jvivona/agents/tidbyt-data/formula1/2026/6/qualifying.json (190 bytes)
[2026-05-10T09:49:06] GET https://api.jolpi.ca/ergast/f1/2026/6/results.json
[2026-05-10T09:49:06] wrote /home/jvivona/agents/tidbyt-data/formula1/2026/6/results.json (187 bytes)
[2026-05-10T09:49:06] git add --all in /home/jvivona/agents/tidbyt-data
[2026-05-10T09:49:06] git commit -m 'Formula1 Update'
[main ceb8ed1b2] Formula1 Update
 2 files changed, 32 insertions(+)
[2026-05-10T09:49:06] git push origin main
To https://github.com/jvivona/tidbyt-data.git
   309e84959..ceb8ed1b2  main -> main
[2026-05-10T09:49:07] finished formula1
