[2026-05-10T09:24:02] start indycar
[2026-05-10T09:24:02] indycar[car] scraping standings from https://www.indycar.com/Standings
[2026-05-10T09:24:02] GET https://www.indycar.com/Standings
[2026-05-10T09:24:03] wrote /home/jvivona/agents/tidbyt-data/indycar/car/drv.json (33 drivers)
[2026-05-10T09:24:03] wrote /home/jvivona/agents/tidbyt-data/indycar/car/nri.json (next race: 110th Indianapolis 500)
[2026-05-10T09:24:03] indycar[nxt] scraping standings from https://www.indynxt.com/Standings
[2026-05-10T09:24:03] GET https://www.indynxt.com/Standings
[2026-05-10T09:24:03] wrote /home/jvivona/agents/tidbyt-data/indycar/nxt/drv.json (24 drivers)
[2026-05-10T09:24:03] wrote /home/jvivona/agents/tidbyt-data/indycar/nxt/nri.json (next race: Detroit Grand Prix)
[2026-05-10T09:24:03] git add --all in /home/jvivona/agents/tidbyt-data
[2026-05-10T09:24:03] git commit -m 'IndyCar/NXT Update'
[main eb6d6b891] IndyCar/NXT Update
 3 files changed, 18 insertions(+)
[2026-05-10T09:24:03] git push origin main
To https://github.com/jvivona/tidbyt-data.git
   387ad00db..eb6d6b891  main -> main
[2026-05-10T09:24:05] finished indycar
[2026-05-10T10:24:02] start indycar
[2026-05-10T10:24:02] indycar[car] scraping standings from https://www.indycar.com/Standings
[2026-05-10T10:24:02] GET https://www.indycar.com/Standings
[2026-05-10T10:24:03] wrote /home/jvivona/agents/tidbyt-data/indycar/car/drv.json (33 drivers)
[2026-05-10T10:24:03] wrote /home/jvivona/agents/tidbyt-data/indycar/car/nri.json (next race: 110th Indianapolis 500)
[2026-05-10T10:24:03] indycar[nxt] scraping standings from https://www.indynxt.com/Standings
[2026-05-10T10:24:03] GET https://www.indynxt.com/Standings
[2026-05-10T10:24:03] wrote /home/jvivona/agents/tidbyt-data/indycar/nxt/drv.json (24 drivers)
[2026-05-10T10:24:03] wrote /home/jvivona/agents/tidbyt-data/indycar/nxt/nri.json (next race: Detroit Grand Prix)
[2026-05-10T10:24:03] git add --all in /home/jvivona/agents/tidbyt-data
[2026-05-10T10:24:03] git commit -m 'IndyCar/NXT Update'
[main 651d890f8] IndyCar/NXT Update
 3 files changed, 18 insertions(+)
[2026-05-10T10:24:03] git push origin main
To https://github.com/jvivona/tidbyt-data.git
   c3690134d..651d890f8  main -> main
[2026-05-10T10:24:05] finished indycar
[2026-05-10T11:24:01] start indycar
[2026-05-10T11:24:01] indycar[car] scraping standings from https://www.indycar.com/Standings
[2026-05-10T11:24:01] GET https://www.indycar.com/Standings
[2026-05-10T11:24:02] wrote /home/jvivona/agents/tidbyt-data/indycar/car/drv.json (33 drivers)
[2026-05-10T11:24:02] wrote /home/jvivona/agents/tidbyt-data/indycar/car/nri.json (next race: 110th Indianapolis 500)
[2026-05-10T11:24:02] indycar[nxt] scraping standings from https://www.indynxt.com/Standings
[2026-05-10T11:24:02] GET https://www.indynxt.com/Standings
[2026-05-10T11:24:03] wrote /home/jvivona/agents/tidbyt-data/indycar/nxt/drv.json (24 drivers)
[2026-05-10T11:24:03] wrote /home/jvivona/agents/tidbyt-data/indycar/nxt/nri.json (next race: Detroit Grand Prix)
[2026-05-10T11:24:03] git add --all in /home/jvivona/agents/tidbyt-data
