[2026-05-10T09:24:02] start indycar
[2026-05-10T09:24:02] indycar[car] scraping standings from https://www.indycar.com/Standings
[2026-05-10T09:24:02] GET https://www.indycar.com/Standings
[2026-05-10T09:24:03] wrote /home/jvivona/agents/tidbyt-data/indycar/car/drv.json (33 drivers)
[2026-05-10T09:24:03] wrote /home/jvivona/agents/tidbyt-data/indycar/car/nri.json (next race: 110th Indianapolis 500)
[2026-05-10T09:24:03] indycar[nxt] scraping standings from https://www.indynxt.com/Standings
[2026-05-10T09:24:03] GET https://www.indynxt.com/Standings
[2026-05-10T09:24:03] wrote /home/jvivona/agents/tidbyt-data/indycar/nxt/drv.json (24 drivers)
[2026-05-10T09:24:03] wrote /home/jvivona/agents/tidbyt-data/indycar/nxt/nri.json (next race: Detroit Grand Prix)
[2026-05-10T09:24:03] git add --all in /home/jvivona/agents/tidbyt-data
[2026-05-10T09:24:03] git commit -m 'IndyCar/NXT Update'
[main eb6d6b891] IndyCar/NXT Update
 3 files changed, 18 insertions(+)
[2026-05-10T09:24:03] git push origin main
To https://github.com/jvivona/tidbyt-data.git
   387ad00db..eb6d6b891  main -> main
[2026-05-10T09:24:05] finished indycar
[2026-05-10T10:24:02] start indycar
[2026-05-10T10:24:02] indycar[car] scraping standings from https://www.indycar.com/Standings
[2026-05-10T10:24:02] GET https://www.indycar.com/Standings
[2026-05-10T10:24:03] wrote /home/jvivona/agents/tidbyt-data/indycar/car/drv.json (33 drivers)
[2026-05-10T10:24:03] wrote /home/jvivona/agents/tidbyt-data/indycar/car/nri.json (next race: 110th Indianapolis 500)
[2026-05-10T10:24:03] indycar[nxt] scraping standings from https://www.indynxt.com/Standings
[2026-05-10T10:24:03] GET https://www.indynxt.com/Standings
[2026-05-10T10:24:03] wrote /home/jvivona/agents/tidbyt-data/indycar/nxt/drv.json (24 drivers)
[2026-05-10T10:24:03] wrote /home/jvivona/agents/tidbyt-data/indycar/nxt/nri.json (next race: Detroit Grand Prix)
[2026-05-10T10:24:03] git add --all in /home/jvivona/agents/tidbyt-data
[2026-05-10T10:24:03] git commit -m 'IndyCar/NXT Update'
[main 651d890f8] IndyCar/NXT Update
 3 files changed, 18 insertions(+)
[2026-05-10T10:24:03] git push origin main
To https://github.com/jvivona/tidbyt-data.git
   c3690134d..651d890f8  main -> main
[2026-05-10T10:24:05] finished indycar
[2026-05-10T11:24:01] start indycar
[2026-05-10T11:24:01] indycar[car] scraping standings from https://www.indycar.com/Standings
[2026-05-10T11:24:01] GET https://www.indycar.com/Standings
[2026-05-10T11:24:02] wrote /home/jvivona/agents/tidbyt-data/indycar/car/drv.json (33 drivers)
[2026-05-10T11:24:02] wrote /home/jvivona/agents/tidbyt-data/indycar/car/nri.json (next race: 110th Indianapolis 500)
[2026-05-10T11:24:02] indycar[nxt] scraping standings from https://www.indynxt.com/Standings
[2026-05-10T11:24:02] GET https://www.indynxt.com/Standings
[2026-05-10T11:24:03] wrote /home/jvivona/agents/tidbyt-data/indycar/nxt/drv.json (24 drivers)
[2026-05-10T11:24:03] wrote /home/jvivona/agents/tidbyt-data/indycar/nxt/nri.json (next race: Detroit Grand Prix)
[2026-05-10T11:24:03] git add --all in /home/jvivona/agents/tidbyt-data
[2026-05-10T11:24:03] git commit -m 'IndyCar/NXT Update'
[main 2588254d2] IndyCar/NXT Update
 3 files changed, 18 insertions(+)
[2026-05-10T11:24:03] git push origin main
To https://github.com/jvivona/tidbyt-data.git
   9d8029336..2588254d2  main -> main
[2026-05-10T11:24:04] finished indycar
[2026-05-10T12:24:02] start indycar
[2026-05-10T12:24:02] indycar[car] scraping standings from https://www.indycar.com/Standings
[2026-05-10T12:24:02] GET https://www.indycar.com/Standings
[2026-05-10T12:24:02] wrote /home/jvivona/agents/tidbyt-data/indycar/car/drv.json (33 drivers)
[2026-05-10T12:24:02] wrote /home/jvivona/agents/tidbyt-data/indycar/car/nri.json (next race: 110th Indianapolis 500)
[2026-05-10T12:24:02] indycar[nxt] scraping standings from https://www.indynxt.com/Standings
[2026-05-10T12:24:02] GET https://www.indynxt.com/Standings
[2026-05-10T12:24:03] wrote /home/jvivona/agents/tidbyt-data/indycar/nxt/drv.json (24 drivers)
[2026-05-10T12:24:03] wrote /home/jvivona/agents/tidbyt-data/indycar/nxt/nri.json (next race: Detroit Grand Prix)
[2026-05-10T12:24:03] git add --all in /home/jvivona/agents/tidbyt-data
[2026-05-10T12:24:03] git commit -m 'IndyCar/NXT Update'
[main c1ea3e2a2] IndyCar/NXT Update
 3 files changed, 18 insertions(+)
[2026-05-10T12:24:03] git push origin main
To https://github.com/jvivona/tidbyt-data.git
   21fdba71a..c1ea3e2a2  main -> main
[2026-05-10T12:24:04] finished indycar
[2026-05-10T13:24:02] start indycar
[2026-05-10T13:24:02] indycar[car] scraping standings from https://www.indycar.com/Standings
[2026-05-10T13:24:02] GET https://www.indycar.com/Standings
[2026-05-10T13:24:02] wrote /home/jvivona/agents/tidbyt-data/indycar/car/drv.json (33 drivers)
[2026-05-10T13:24:02] wrote /home/jvivona/agents/tidbyt-data/indycar/car/nri.json (next race: 110th Indianapolis 500)
[2026-05-10T13:24:02] indycar[nxt] scraping standings from https://www.indynxt.com/Standings
[2026-05-10T13:24:02] GET https://www.indynxt.com/Standings
[2026-05-10T13:24:03] wrote /home/jvivona/agents/tidbyt-data/indycar/nxt/drv.json (24 drivers)
[2026-05-10T13:24:03] wrote /home/jvivona/agents/tidbyt-data/indycar/nxt/nri.json (next race: Detroit Grand Prix)
[2026-05-10T13:24:03] git add --all in /home/jvivona/agents/tidbyt-data
[2026-05-10T13:24:03] git commit -m 'IndyCar/NXT Update'
[main 29ee6e351] IndyCar/NXT Update
 3 files changed, 18 insertions(+)
[2026-05-10T13:24:03] git push origin main
To https://github.com/jvivona/tidbyt-data.git
   7d5488f71..29ee6e351  main -> main
[2026-05-10T13:24:04] finished indycar
[2026-05-10T14:24:02] start indycar
[2026-05-10T14:24:02] indycar[car] scraping standings from https://www.indycar.com/Standings
[2026-05-10T14:24:02] GET https://www.indycar.com/Standings
[2026-05-10T14:24:02] wrote /home/jvivona/agents/tidbyt-data/indycar/car/drv.json (33 drivers)
[2026-05-10T14:24:02] wrote /home/jvivona/agents/tidbyt-data/indycar/car/nri.json (next race: 110th Indianapolis 500)
[2026-05-10T14:24:02] indycar[nxt] scraping standings from https://www.indynxt.com/Standings
[2026-05-10T14:24:02] GET https://www.indynxt.com/Standings
[2026-05-10T14:24:03] wrote /home/jvivona/agents/tidbyt-data/indycar/nxt/drv.json (24 drivers)
[2026-05-10T14:24:03] wrote /home/jvivona/agents/tidbyt-data/indycar/nxt/nri.json (next race: Detroit Grand Prix)
[2026-05-10T14:24:03] git add --all in /home/jvivona/agents/tidbyt-data
[2026-05-10T14:24:03] git commit -m 'IndyCar/NXT Update'
[main 196c78254] IndyCar/NXT Update
 3 files changed, 18 insertions(+)
[2026-05-10T14:24:03] git push origin main
To https://github.com/jvivona/tidbyt-data.git
   82d62a86c..196c78254  main -> main
[2026-05-10T14:24:04] finished indycar
[2026-05-10T15:24:01] start indycar
[2026-05-10T15:24:01] indycar[car] scraping standings from https://www.indycar.com/Standings
[2026-05-10T15:24:01] GET https://www.indycar.com/Standings
[2026-05-10T15:24:02] wrote /home/jvivona/agents/tidbyt-data/indycar/car/drv.json (33 drivers)
[2026-05-10T15:24:02] wrote /home/jvivona/agents/tidbyt-data/indycar/car/nri.json (next race: 110th Indianapolis 500)
[2026-05-10T15:24:02] indycar[nxt] scraping standings from https://www.indynxt.com/Standings
[2026-05-10T15:24:02] GET https://www.indynxt.com/Standings
[2026-05-10T15:24:03] wrote /home/jvivona/agents/tidbyt-data/indycar/nxt/drv.json (24 drivers)
[2026-05-10T15:24:03] wrote /home/jvivona/agents/tidbyt-data/indycar/nxt/nri.json (next race: Detroit Grand Prix)
[2026-05-10T15:24:03] git add --all in /home/jvivona/agents/tidbyt-data
[2026-05-10T15:24:03] git commit -m 'IndyCar/NXT Update'
[main 6a5dc96f4] IndyCar/NXT Update
 3 files changed, 18 insertions(+)
[2026-05-10T15:24:03] git push origin main
To https://github.com/jvivona/tidbyt-data.git
   d6978f4d0..6a5dc96f4  main -> main
[2026-05-10T15:24:04] finished indycar
[2026-05-10T16:24:02] start indycar
[2026-05-10T16:24:02] indycar[car] scraping standings from https://www.indycar.com/Standings
[2026-05-10T16:24:02] GET https://www.indycar.com/Standings
[2026-05-10T16:24:03] wrote /home/jvivona/agents/tidbyt-data/indycar/car/drv.json (33 drivers)
[2026-05-10T16:24:03] wrote /home/jvivona/agents/tidbyt-data/indycar/car/nri.json (next race: 110th Indianapolis 500)
[2026-05-10T16:24:03] indycar[nxt] scraping standings from https://www.indynxt.com/Standings
[2026-05-10T16:24:03] GET https://www.indynxt.com/Standings
[2026-05-10T16:24:03] wrote /home/jvivona/agents/tidbyt-data/indycar/nxt/drv.json (24 drivers)
[2026-05-10T16:24:03] wrote /home/jvivona/agents/tidbyt-data/indycar/nxt/nri.json (next race: Detroit Grand Prix)
[2026-05-10T16:24:03] git add --all in /home/jvivona/agents/tidbyt-data
[2026-05-10T16:24:03] git commit -m 'IndyCar/NXT Update'
[main 3837bc3bd] IndyCar/NXT Update
 3 files changed, 18 insertions(+)
[2026-05-10T16:24:03] git push origin main
To https://github.com/jvivona/tidbyt-data.git
   629000219..3837bc3bd  main -> main
[2026-05-10T16:24:04] finished indycar
[2026-05-10T17:24:02] start indycar
[2026-05-10T17:24:02] indycar[car] scraping standings from https://www.indycar.com/Standings
[2026-05-10T17:24:02] GET https://www.indycar.com/Standings
[2026-05-10T17:24:03] wrote /home/jvivona/agents/tidbyt-data/indycar/car/drv.json (33 drivers)
[2026-05-10T17:24:03] wrote /home/jvivona/agents/tidbyt-data/indycar/car/nri.json (next race: 110th Indianapolis 500)
[2026-05-10T17:24:03] indycar[nxt] scraping standings from https://www.indynxt.com/Standings
[2026-05-10T17:24:03] GET https://www.indynxt.com/Standings
[2026-05-10T17:24:03] wrote /home/jvivona/agents/tidbyt-data/indycar/nxt/drv.json (24 drivers)
[2026-05-10T17:24:03] wrote /home/jvivona/agents/tidbyt-data/indycar/nxt/nri.json (next race: Detroit Grand Prix)
[2026-05-10T17:24:03] git add --all in /home/jvivona/agents/tidbyt-data
[2026-05-10T17:24:03] git commit -m 'IndyCar/NXT Update'
[main b29ad4fc6] IndyCar/NXT Update
 3 files changed, 18 insertions(+)
[2026-05-10T17:24:03] git push origin main
To https://github.com/jvivona/tidbyt-data.git
   f31a5ed21..b29ad4fc6  main -> main
[2026-05-10T17:24:04] finished indycar
[2026-05-10T18:24:01] start indycar
[2026-05-10T18:24:01] indycar[car] scraping standings from https://www.indycar.com/Standings
[2026-05-10T18:24:01] GET https://www.indycar.com/Standings
[2026-05-10T18:24:02] wrote /home/jvivona/agents/tidbyt-data/indycar/car/drv.json (33 drivers)
[2026-05-10T18:24:02] wrote /home/jvivona/agents/tidbyt-data/indycar/car/nri.json (next race: 110th Indianapolis 500)
[2026-05-10T18:24:02] indycar[nxt] scraping standings from https://www.indynxt.com/Standings
[2026-05-10T18:24:02] GET https://www.indynxt.com/Standings
[2026-05-10T18:24:03] wrote /home/jvivona/agents/tidbyt-data/indycar/nxt/drv.json (24 drivers)
[2026-05-10T18:24:03] wrote /home/jvivona/agents/tidbyt-data/indycar/nxt/nri.json (next race: Detroit Grand Prix)
[2026-05-10T18:24:03] git add --all in /home/jvivona/agents/tidbyt-data
[2026-05-10T18:24:03] git commit -m 'IndyCar/NXT Update'
[main a611a1c5f] IndyCar/NXT Update
 3 files changed, 18 insertions(+)
[2026-05-10T18:24:03] git push origin main
To https://github.com/jvivona/tidbyt-data.git
   333011df9..a611a1c5f  main -> main
[2026-05-10T18:24:04] finished indycar
[2026-05-10T19:24:02] start indycar
[2026-05-10T19:24:02] indycar[car] scraping standings from https://www.indycar.com/Standings
[2026-05-10T19:24:02] GET https://www.indycar.com/Standings
[2026-05-10T19:24:03] wrote /home/jvivona/agents/tidbyt-data/indycar/car/drv.json (33 drivers)
[2026-05-10T19:24:03] wrote /home/jvivona/agents/tidbyt-data/indycar/car/nri.json (next race: 110th Indianapolis 500)
[2026-05-10T19:24:03] indycar[nxt] scraping standings from https://www.indynxt.com/Standings
[2026-05-10T19:24:03] GET https://www.indynxt.com/Standings
[2026-05-10T19:24:03] wrote /home/jvivona/agents/tidbyt-data/indycar/nxt/drv.json (24 drivers)
[2026-05-10T19:24:03] wrote /home/jvivona/agents/tidbyt-data/indycar/nxt/nri.json (next race: Detroit Grand Prix)
[2026-05-10T19:24:03] git add --all in /home/jvivona/agents/tidbyt-data
[2026-05-10T19:24:03] git commit -m 'IndyCar/NXT Update'
[main ea6875044] IndyCar/NXT Update
 3 files changed, 18 insertions(+)
[2026-05-10T19:24:03] git push origin main
To https://github.com/jvivona/tidbyt-data.git
   134d56071..ea6875044  main -> main
[2026-05-10T19:24:04] finished indycar
[2026-05-10T20:24:01] start indycar
[2026-05-10T20:24:01] indycar[car] scraping standings from https://www.indycar.com/Standings
[2026-05-10T20:24:01] GET https://www.indycar.com/Standings
[2026-05-10T20:24:02] wrote /home/jvivona/agents/tidbyt-data/indycar/car/drv.json (33 drivers)
[2026-05-10T20:24:02] wrote /home/jvivona/agents/tidbyt-data/indycar/car/nri.json (next race: 110th Indianapolis 500)
[2026-05-10T20:24:02] indycar[nxt] scraping standings from https://www.indynxt.com/Standings
[2026-05-10T20:24:02] GET https://www.indynxt.com/Standings
[2026-05-10T20:24:03] wrote /home/jvivona/agents/tidbyt-data/indycar/nxt/drv.json (24 drivers)
[2026-05-10T20:24:03] wrote /home/jvivona/agents/tidbyt-data/indycar/nxt/nri.json (next race: Detroit Grand Prix)
[2026-05-10T20:24:03] git add --all in /home/jvivona/agents/tidbyt-data
[2026-05-10T20:24:03] git commit -m 'IndyCar/NXT Update'
[main 6cf3c10e7] IndyCar/NXT Update
 3 files changed, 18 insertions(+)
[2026-05-10T20:24:03] git push origin main
To https://github.com/jvivona/tidbyt-data.git
   8d4c1ede6..6cf3c10e7  main -> main
[2026-05-10T20:24:04] finished indycar
[2026-05-10T21:24:02] start indycar
[2026-05-10T21:24:02] indycar[car] scraping standings from https://www.indycar.com/Standings
[2026-05-10T21:24:02] GET https://www.indycar.com/Standings
[2026-05-10T21:24:02] wrote /home/jvivona/agents/tidbyt-data/indycar/car/drv.json (33 drivers)
[2026-05-10T21:24:02] wrote /home/jvivona/agents/tidbyt-data/indycar/car/nri.json (next race: 110th Indianapolis 500)
[2026-05-10T21:24:02] indycar[nxt] scraping standings from https://www.indynxt.com/Standings
[2026-05-10T21:24:02] GET https://www.indynxt.com/Standings
[2026-05-10T21:24:03] wrote /home/jvivona/agents/tidbyt-data/indycar/nxt/drv.json (24 drivers)
[2026-05-10T21:24:03] wrote /home/jvivona/agents/tidbyt-data/indycar/nxt/nri.json (next race: Detroit Grand Prix)
[2026-05-10T21:24:03] git add --all in /home/jvivona/agents/tidbyt-data
[2026-05-10T21:24:03] git commit -m 'IndyCar/NXT Update'
[main 1b1ea61e2] IndyCar/NXT Update
 3 files changed, 18 insertions(+)
[2026-05-10T21:24:03] git push origin main
To https://github.com/jvivona/tidbyt-data.git
   fa2080b86..1b1ea61e2  main -> main
[2026-05-10T21:24:04] finished indycar
