[2026-05-04T18:24:02] start indycar
[2026-05-04T18:24:02] indycar[car] scraping standings from https://www.indycar.com/Standings
[2026-05-04T18:24:02] GET https://www.indycar.com/Standings
[2026-05-04T18:24:03] wrote /home/jvivona/agents/tidbyt-data/indycar/car/drv.json (33 drivers)
[2026-05-04T18:24:03] wrote /home/jvivona/agents/tidbyt-data/indycar/car/nri.json (next race: Grand Prix of Indianapolis)
[2026-05-04T18:24:03] indycar[nxt] scraping standings from https://www.indynxt.com/Standings
[2026-05-04T18:24:03] GET https://www.indynxt.com/Standings
[2026-05-04T18:24:03] wrote /home/jvivona/agents/tidbyt-data/indycar/nxt/drv.json (24 drivers)
[2026-05-04T18:24:03] wrote /home/jvivona/agents/tidbyt-data/indycar/nxt/nri.json (next race: Grand Prix of Indianapolis Race 1)
[2026-05-04T18:24:03] [dry-run] would: git add+commit+push in /home/jvivona/agents/tidbyt-data: 'IndyCar/NXT Update'
[2026-05-04T18:24:03] finished indycar
[2026-05-04T19:24:02] start indycar
[2026-05-04T19:24:02] indycar[car] scraping standings from https://www.indycar.com/Standings
[2026-05-04T19:24:02] GET https://www.indycar.com/Standings
[2026-05-04T19:24:02] wrote /home/jvivona/agents/tidbyt-data/indycar/car/drv.json (33 drivers)
[2026-05-04T19:24:02] wrote /home/jvivona/agents/tidbyt-data/indycar/car/nri.json (next race: Grand Prix of Indianapolis)
[2026-05-04T19:24:02] indycar[nxt] scraping standings from https://www.indynxt.com/Standings
[2026-05-04T19:24:02] GET https://www.indynxt.com/Standings
[2026-05-04T19:24:03] wrote /home/jvivona/agents/tidbyt-data/indycar/nxt/drv.json (24 drivers)
[2026-05-04T19:24:03] wrote /home/jvivona/agents/tidbyt-data/indycar/nxt/nri.json (next race: Grand Prix of Indianapolis Race 1)
[2026-05-04T19:24:03] [dry-run] would: git add+commit+push in /home/jvivona/agents/tidbyt-data: 'IndyCar/NXT Update'
[2026-05-04T19:24:03] finished indycar
[2026-05-04T20:24:02] start indycar
[2026-05-04T20:24:02] indycar[car] scraping standings from https://www.indycar.com/Standings
[2026-05-04T20:24:02] GET https://www.indycar.com/Standings
[2026-05-04T20:24:03] wrote /home/jvivona/agents/tidbyt-data/indycar/car/drv.json (33 drivers)
[2026-05-04T20:24:03] wrote /home/jvivona/agents/tidbyt-data/indycar/car/nri.json (next race: Grand Prix of Indianapolis)
[2026-05-04T20:24:03] indycar[nxt] scraping standings from https://www.indynxt.com/Standings
[2026-05-04T20:24:03] GET https://www.indynxt.com/Standings
[2026-05-04T20:24:03] wrote /home/jvivona/agents/tidbyt-data/indycar/nxt/drv.json (24 drivers)
[2026-05-04T20:24:03] wrote /home/jvivona/agents/tidbyt-data/indycar/nxt/nri.json (next race: Grand Prix of Indianapolis Race 1)
[2026-05-04T20:24:03] [dry-run] would: git add+commit+push in /home/jvivona/agents/tidbyt-data: 'IndyCar/NXT Update'
[2026-05-04T20:24:03] finished indycar
[2026-05-04T21:24:02] start indycar
[2026-05-04T21:24:02] indycar[car] scraping standings from https://www.indycar.com/Standings
[2026-05-04T21:24:02] GET https://www.indycar.com/Standings
[2026-05-04T21:24:03] wrote /home/jvivona/agents/tidbyt-data/indycar/car/drv.json (33 drivers)
[2026-05-04T21:24:03] wrote /home/jvivona/agents/tidbyt-data/indycar/car/nri.json (next race: Grand Prix of Indianapolis)
[2026-05-04T21:24:03] indycar[nxt] scraping standings from https://www.indynxt.com/Standings
[2026-05-04T21:24:03] GET https://www.indynxt.com/Standings
[2026-05-04T21:24:03] wrote /home/jvivona/agents/tidbyt-data/indycar/nxt/drv.json (24 drivers)
[2026-05-04T21:24:03] wrote /home/jvivona/agents/tidbyt-data/indycar/nxt/nri.json (next race: Grand Prix of Indianapolis Race 1)
[2026-05-04T21:24:03] [dry-run] would: git add+commit+push in /home/jvivona/agents/tidbyt-data: 'IndyCar/NXT Update'
[2026-05-04T21:24:03] finished indycar
[2026-05-04T22:24:01] start indycar
[2026-05-04T22:24:01] indycar[car] scraping standings from https://www.indycar.com/Standings
[2026-05-04T22:24:01] GET https://www.indycar.com/Standings
[2026-05-04T22:24:02] wrote /home/jvivona/agents/tidbyt-data/indycar/car/drv.json (33 drivers)
[2026-05-04T22:24:02] wrote /home/jvivona/agents/tidbyt-data/indycar/car/nri.json (next race: Grand Prix of Indianapolis)
[2026-05-04T22:24:02] indycar[nxt] scraping standings from https://www.indynxt.com/Standings
[2026-05-04T22:24:02] GET https://www.indynxt.com/Standings
[2026-05-04T22:24:03] wrote /home/jvivona/agents/tidbyt-data/indycar/nxt/drv.json (24 drivers)
[2026-05-04T22:24:03] wrote /home/jvivona/agents/tidbyt-data/indycar/nxt/nri.json (next race: Grand Prix of Indianapolis Race 1)
[2026-05-04T22:24:03] [dry-run] would: git add+commit+push in /home/jvivona/agents/tidbyt-data: 'IndyCar/NXT Update'
[2026-05-04T22:24:03] finished indycar
[2026-05-04T23:24:02] start indycar
[2026-05-04T23:24:02] indycar[car] scraping standings from https://www.indycar.com/Standings
[2026-05-04T23:24:02] GET https://www.indycar.com/Standings
[2026-05-04T23:24:03] wrote /home/jvivona/agents/tidbyt-data/indycar/car/drv.json (33 drivers)
[2026-05-04T23:24:03] wrote /home/jvivona/agents/tidbyt-data/indycar/car/nri.json (next race: Grand Prix of Indianapolis)
[2026-05-04T23:24:03] indycar[nxt] scraping standings from https://www.indynxt.com/Standings
[2026-05-04T23:24:03] GET https://www.indynxt.com/Standings
[2026-05-04T23:24:04] wrote /home/jvivona/agents/tidbyt-data/indycar/nxt/drv.json (24 drivers)
[2026-05-04T23:24:04] wrote /home/jvivona/agents/tidbyt-data/indycar/nxt/nri.json (next race: Grand Prix of Indianapolis Race 1)
[2026-05-04T23:24:04] [dry-run] would: git add+commit+push in /home/jvivona/agents/tidbyt-data: 'IndyCar/NXT Update'
[2026-05-04T23:24:04] finished indycar
[2026-05-05T00:24:02] start indycar
[2026-05-05T00:24:02] indycar[car] scraping standings from https://www.indycar.com/Standings
[2026-05-05T00:24:02] GET https://www.indycar.com/Standings
[2026-05-05T00:24:02] wrote /home/jvivona/agents/tidbyt-data/indycar/car/drv.json (33 drivers)
[2026-05-05T00:24:02] wrote /home/jvivona/agents/tidbyt-data/indycar/car/nri.json (next race: Grand Prix of Indianapolis)
[2026-05-05T00:24:02] indycar[nxt] scraping standings from https://www.indynxt.com/Standings
[2026-05-05T00:24:02] GET https://www.indynxt.com/Standings
[2026-05-05T00:24:03] wrote /home/jvivona/agents/tidbyt-data/indycar/nxt/drv.json (24 drivers)
[2026-05-05T00:24:03] wrote /home/jvivona/agents/tidbyt-data/indycar/nxt/nri.json (next race: Grand Prix of Indianapolis Race 1)
[2026-05-05T00:24:03] [dry-run] would: git add+commit+push in /home/jvivona/agents/tidbyt-data: 'IndyCar/NXT Update'
[2026-05-05T00:24:03] finished indycar
[2026-05-05T01:24:01] start indycar
[2026-05-05T01:24:01] indycar[car] scraping standings from https://www.indycar.com/Standings
[2026-05-05T01:24:01] GET https://www.indycar.com/Standings
[2026-05-05T01:24:02] wrote /home/jvivona/agents/tidbyt-data/indycar/car/drv.json (33 drivers)
[2026-05-05T01:24:02] wrote /home/jvivona/agents/tidbyt-data/indycar/car/nri.json (next race: Grand Prix of Indianapolis)
[2026-05-05T01:24:02] indycar[nxt] scraping standings from https://www.indynxt.com/Standings
[2026-05-05T01:24:02] GET https://www.indynxt.com/Standings
[2026-05-05T01:24:03] wrote /home/jvivona/agents/tidbyt-data/indycar/nxt/drv.json (24 drivers)
[2026-05-05T01:24:03] wrote /home/jvivona/agents/tidbyt-data/indycar/nxt/nri.json (next race: Grand Prix of Indianapolis Race 1)
[2026-05-05T01:24:03] [dry-run] would: git add+commit+push in /home/jvivona/agents/tidbyt-data: 'IndyCar/NXT Update'
[2026-05-05T01:24:03] finished indycar
[2026-05-05T02:24:02] start indycar
[2026-05-05T02:24:02] indycar[car] scraping standings from https://www.indycar.com/Standings
[2026-05-05T02:24:02] GET https://www.indycar.com/Standings
[2026-05-05T02:24:02] wrote /home/jvivona/agents/tidbyt-data/indycar/car/drv.json (33 drivers)
[2026-05-05T02:24:02] wrote /home/jvivona/agents/tidbyt-data/indycar/car/nri.json (next race: Grand Prix of Indianapolis)
[2026-05-05T02:24:02] indycar[nxt] scraping standings from https://www.indynxt.com/Standings
[2026-05-05T02:24:02] GET https://www.indynxt.com/Standings
[2026-05-05T02:24:03] wrote /home/jvivona/agents/tidbyt-data/indycar/nxt/drv.json (24 drivers)
[2026-05-05T02:24:03] wrote /home/jvivona/agents/tidbyt-data/indycar/nxt/nri.json (next race: Grand Prix of Indianapolis Race 1)
[2026-05-05T02:24:03] [dry-run] would: git add+commit+push in /home/jvivona/agents/tidbyt-data: 'IndyCar/NXT Update'
[2026-05-05T02:24:03] finished indycar
[2026-05-05T03:24:01] start indycar
[2026-05-05T03:24:01] indycar[car] scraping standings from https://www.indycar.com/Standings
[2026-05-05T03:24:01] GET https://www.indycar.com/Standings
[2026-05-05T03:24:02] wrote /home/jvivona/agents/tidbyt-data/indycar/car/drv.json (33 drivers)
[2026-05-05T03:24:02] wrote /home/jvivona/agents/tidbyt-data/indycar/car/nri.json (next race: Grand Prix of Indianapolis)
[2026-05-05T03:24:02] indycar[nxt] scraping standings from https://www.indynxt.com/Standings
[2026-05-05T03:24:02] GET https://www.indynxt.com/Standings
[2026-05-05T03:24:03] wrote /home/jvivona/agents/tidbyt-data/indycar/nxt/drv.json (24 drivers)
[2026-05-05T03:24:03] wrote /home/jvivona/agents/tidbyt-data/indycar/nxt/nri.json (next race: Grand Prix of Indianapolis Race 1)
[2026-05-05T03:24:03] [dry-run] would: git add+commit+push in /home/jvivona/agents/tidbyt-data: 'IndyCar/NXT Update'
[2026-05-05T03:24:03] finished indycar
[2026-05-05T04:24:02] start indycar
[2026-05-05T04:24:02] indycar[car] scraping standings from https://www.indycar.com/Standings
[2026-05-05T04:24:02] GET https://www.indycar.com/Standings
[2026-05-05T04:24:03] wrote /home/jvivona/agents/tidbyt-data/indycar/car/drv.json (33 drivers)
[2026-05-05T04:24:03] wrote /home/jvivona/agents/tidbyt-data/indycar/car/nri.json (next race: Grand Prix of Indianapolis)
[2026-05-05T04:24:03] indycar[nxt] scraping standings from https://www.indynxt.com/Standings
[2026-05-05T04:24:03] GET https://www.indynxt.com/Standings
[2026-05-05T04:24:03] wrote /home/jvivona/agents/tidbyt-data/indycar/nxt/drv.json (24 drivers)
[2026-05-05T04:24:03] wrote /home/jvivona/agents/tidbyt-data/indycar/nxt/nri.json (next race: Grand Prix of Indianapolis Race 1)
[2026-05-05T04:24:03] [dry-run] would: git add+commit+push in /home/jvivona/agents/tidbyt-data: 'IndyCar/NXT Update'
[2026-05-05T04:24:03] finished indycar
[2026-05-05T05:24:02] start indycar
[2026-05-05T05:24:02] indycar[car] scraping standings from https://www.indycar.com/Standings
[2026-05-05T05:24:02] GET https://www.indycar.com/Standings
[2026-05-05T05:24:03] wrote /home/jvivona/agents/tidbyt-data/indycar/car/drv.json (33 drivers)
[2026-05-05T05:24:03] wrote /home/jvivona/agents/tidbyt-data/indycar/car/nri.json (next race: Grand Prix of Indianapolis)
[2026-05-05T05:24:03] indycar[nxt] scraping standings from https://www.indynxt.com/Standings
[2026-05-05T05:24:03] GET https://www.indynxt.com/Standings
[2026-05-05T05:24:04] wrote /home/jvivona/agents/tidbyt-data/indycar/nxt/drv.json (24 drivers)
[2026-05-05T05:24:04] wrote /home/jvivona/agents/tidbyt-data/indycar/nxt/nri.json (next race: Grand Prix of Indianapolis Race 1)
[2026-05-05T05:24:04] git add --all in /home/jvivona/agents/tidbyt-data
[2026-05-05T05:24:04] git commit -m 'IndyCar/NXT Update'
[main d316db9aa] IndyCar/NXT Update
 Committer: jvivona <jvivona@joe-agent.ajcomputers.local>
Your name and email address were configured automatically based
on your username and hostname. Please check that they are accurate.
You can suppress this message by setting them explicitly. Run the
following command and follow the instructions in your editor to edit
your configuration file:

    git config --global --edit

After doing this, you may fix the identity used for this commit with:

    git commit --amend --reset-author

 35 files changed, 6882 insertions(+), 5224 deletions(-)
 create mode 100644 log/aadailyreflection.log
 create mode 100644 log/formula1.log
 create mode 100644 log/indycar.log
 create mode 100644 log/mayonews.log
 create mode 100644 log/nascar.log
 create mode 100644 log/nationalday.log
 create mode 100644 log/thisdayinhistwikipedia.log
[2026-05-05T05:24:04] git push origin main
To https://github.com/jvivona/tidbyt-data.git
 ! [rejected]            main -> main (fetch first)
error: failed to push some refs to 'https://github.com/jvivona/tidbyt-data.git'
hint: Updates were rejected because the remote contains work that you do not
hint: have locally. This is usually caused by another repository pushing to
hint: the same ref. If you want to integrate the remote changes, use
hint: 'git pull' before pushing again.
hint: See the 'Note about fast-forwards' in 'git push --help' for details.
[2026-05-05T05:24:04] ERROR: topic 'indycar' failed: CalledProcessError(1, ['git', 'push', 'origin', 'main'])
[2026-05-05T05:24:04] notify: failure email sent to joe@ajcomputers.com
[2026-05-05T05:24:04] finished indycar
Traceback (most recent call last):
  File "<frozen runpy>", line 198, in _run_module_as_main
  File "<frozen runpy>", line 88, in _run_code
  File "/home/jvivona/agents/tidbyt-data-scripts/tidbytdata/__main__.py", line 3, in <module>
    raise SystemExit(main())
                     ~~~~^^
  File "/home/jvivona/agents/tidbyt-data-scripts/tidbytdata/cli.py", line 46, in main
    commit_and_push(ctx.data_repo_path, ctx.commit_msg, dry_run=ctx.dry_run)
    ~~~~~~~~~~~~~~~^^^^^^^^^^^^^^^^^^^^^^^^^^^^^^^^^^^^^^^^^^^^^^^^^^^^^^^^^
  File "/home/jvivona/agents/tidbyt-data-scripts/tidbytdata/publish.py", line 32, in commit_and_push
    subprocess.run(["git", "push", "origin", "main"], cwd=data_repo_path, check=True)
    ~~~~~~~~~~~~~~^^^^^^^^^^^^^^^^^^^^^^^^^^^^^^^^^^^^^^^^^^^^^^^^^^^^^^^^^^^^^^^^^^^
  File "/usr/lib/python3.13/subprocess.py", line 577, in run
    raise CalledProcessError(retcode, process.args,
                             output=stdout, stderr=stderr)
subprocess.CalledProcessError: Command '['git', 'push', 'origin', 'main']' returned non-zero exit status 1.
[2026-05-05T06:24:02] start indycar
[2026-05-05T06:24:02] indycar[car] scraping standings from https://www.indycar.com/Standings
[2026-05-05T06:24:02] GET https://www.indycar.com/Standings
[2026-05-05T06:24:02] wrote /home/jvivona/agents/tidbyt-data/indycar/car/drv.json (33 drivers)
[2026-05-05T06:24:02] wrote /home/jvivona/agents/tidbyt-data/indycar/car/nri.json (next race: Grand Prix of Indianapolis)
[2026-05-05T06:24:02] indycar[nxt] scraping standings from https://www.indynxt.com/Standings
[2026-05-05T06:24:02] GET https://www.indynxt.com/Standings
[2026-05-05T06:24:03] wrote /home/jvivona/agents/tidbyt-data/indycar/nxt/drv.json (24 drivers)
[2026-05-05T06:24:03] wrote /home/jvivona/agents/tidbyt-data/indycar/nxt/nri.json (next race: Grand Prix of Indianapolis Race 1)
[2026-05-05T06:24:03] git add --all in /home/jvivona/agents/tidbyt-data
[2026-05-05T06:24:03] git commit -m 'IndyCar/NXT Update'
[main 17a335dd8] IndyCar/NXT Update
 Committer: jvivona <jvivona@joe-agent.ajcomputers.local>
Your name and email address were configured automatically based
on your username and hostname. Please check that they are accurate.
You can suppress this message by setting them explicitly. Run the
following command and follow the instructions in your editor to edit
your configuration file:

    git config --global --edit

After doing this, you may fix the identity used for this commit with:

    git commit --amend --reset-author

 2 files changed, 54 insertions(+)
[2026-05-05T06:24:03] git push origin main
To https://github.com/jvivona/tidbyt-data.git
 ! [rejected]            main -> main (fetch first)
error: failed to push some refs to 'https://github.com/jvivona/tidbyt-data.git'
hint: Updates were rejected because the remote contains work that you do not
hint: have locally. This is usually caused by another repository pushing to
hint: the same ref. If you want to integrate the remote changes, use
hint: 'git pull' before pushing again.
hint: See the 'Note about fast-forwards' in 'git push --help' for details.
[2026-05-05T06:24:04] ERROR: topic 'indycar' failed: CalledProcessError(1, ['git', 'push', 'origin', 'main'])
[2026-05-05T06:24:04] notify: failure email sent to joe@ajcomputers.com
[2026-05-05T06:24:04] finished indycar
Traceback (most recent call last):
  File "<frozen runpy>", line 198, in _run_module_as_main
  File "<frozen runpy>", line 88, in _run_code
  File "/home/jvivona/agents/tidbyt-data-scripts/tidbytdata/__main__.py", line 3, in <module>
    raise SystemExit(main())
                     ~~~~^^
  File "/home/jvivona/agents/tidbyt-data-scripts/tidbytdata/cli.py", line 46, in main
    commit_and_push(ctx.data_repo_path, ctx.commit_msg, dry_run=ctx.dry_run)
    ~~~~~~~~~~~~~~~^^^^^^^^^^^^^^^^^^^^^^^^^^^^^^^^^^^^^^^^^^^^^^^^^^^^^^^^^
  File "/home/jvivona/agents/tidbyt-data-scripts/tidbytdata/publish.py", line 32, in commit_and_push
    subprocess.run(["git", "push", "origin", "main"], cwd=data_repo_path, check=True)
    ~~~~~~~~~~~~~~^^^^^^^^^^^^^^^^^^^^^^^^^^^^^^^^^^^^^^^^^^^^^^^^^^^^^^^^^^^^^^^^^^^
  File "/usr/lib/python3.13/subprocess.py", line 577, in run
    raise CalledProcessError(retcode, process.args,
                             output=stdout, stderr=stderr)
subprocess.CalledProcessError: Command '['git', 'push', 'origin', 'main']' returned non-zero exit status 1.
[2026-05-05T07:24:02] start indycar
[2026-05-05T07:24:02] indycar[car] scraping standings from https://www.indycar.com/Standings
[2026-05-05T07:24:02] GET https://www.indycar.com/Standings
[2026-05-05T07:24:02] wrote /home/jvivona/agents/tidbyt-data/indycar/car/drv.json (33 drivers)
[2026-05-05T07:24:02] wrote /home/jvivona/agents/tidbyt-data/indycar/car/nri.json (next race: Grand Prix of Indianapolis)
[2026-05-05T07:24:02] indycar[nxt] scraping standings from https://www.indynxt.com/Standings
[2026-05-05T07:24:02] GET https://www.indynxt.com/Standings
[2026-05-05T07:24:03] wrote /home/jvivona/agents/tidbyt-data/indycar/nxt/drv.json (24 drivers)
[2026-05-05T07:24:03] wrote /home/jvivona/agents/tidbyt-data/indycar/nxt/nri.json (next race: Grand Prix of Indianapolis Race 1)
[2026-05-05T07:24:03] git add --all in /home/jvivona/agents/tidbyt-data
[2026-05-05T07:24:03] git commit -m 'IndyCar/NXT Update'
[main 5f2731864] IndyCar/NXT Update
 Committer: jvivona <jvivona@joe-agent.ajcomputers.local>
Your name and email address were configured automatically based
on your username and hostname. Please check that they are accurate.
You can suppress this message by setting them explicitly. Run the
following command and follow the instructions in your editor to edit
your configuration file:

    git config --global --edit

After doing this, you may fix the identity used for this commit with:

    git commit --amend --reset-author

 2 files changed, 30 insertions(+)
[2026-05-05T07:24:03] git push origin main
To https://github.com/jvivona/tidbyt-data.git
   207168abe..5f2731864  main -> main
[2026-05-05T07:24:04] finished indycar
[2026-05-05T08:24:02] start indycar
[2026-05-05T08:24:02] indycar[car] scraping standings from https://www.indycar.com/Standings
[2026-05-05T08:24:02] GET https://www.indycar.com/Standings
[2026-05-05T08:24:02] wrote /home/jvivona/agents/tidbyt-data/indycar/car/drv.json (33 drivers)
[2026-05-05T08:24:02] wrote /home/jvivona/agents/tidbyt-data/indycar/car/nri.json (next race: Grand Prix of Indianapolis)
[2026-05-05T08:24:02] indycar[nxt] scraping standings from https://www.indynxt.com/Standings
[2026-05-05T08:24:02] GET https://www.indynxt.com/Standings
[2026-05-05T08:24:03] wrote /home/jvivona/agents/tidbyt-data/indycar/nxt/drv.json (24 drivers)
[2026-05-05T08:24:03] wrote /home/jvivona/agents/tidbyt-data/indycar/nxt/nri.json (next race: Grand Prix of Indianapolis Race 1)
[2026-05-05T08:24:03] git add --all in /home/jvivona/agents/tidbyt-data
[2026-05-05T08:24:03] git commit -m 'IndyCar/NXT Update'
[main 64c04e46c] IndyCar/NXT Update
 Committer: jvivona <jvivona@joe-agent.ajcomputers.local>
Your name and email address were configured automatically based
on your username and hostname. Please check that they are accurate.
You can suppress this message by setting them explicitly. Run the
following command and follow the instructions in your editor to edit
your configuration file:

    git config --global --edit

After doing this, you may fix the identity used for this commit with:

    git commit --amend --reset-author

 2 files changed, 30 insertions(+)
[2026-05-05T08:24:03] git push origin main
To https://github.com/jvivona/tidbyt-data.git
   37fefce21..64c04e46c  main -> main
[2026-05-05T08:24:04] finished indycar
[2026-05-05T09:24:01] start indycar
[2026-05-05T09:24:01] indycar[car] scraping standings from https://www.indycar.com/Standings
[2026-05-05T09:24:01] GET https://www.indycar.com/Standings
[2026-05-05T09:24:02] wrote /home/jvivona/agents/tidbyt-data/indycar/car/drv.json (33 drivers)
[2026-05-05T09:24:02] wrote /home/jvivona/agents/tidbyt-data/indycar/car/nri.json (next race: Grand Prix of Indianapolis)
[2026-05-05T09:24:02] indycar[nxt] scraping standings from https://www.indynxt.com/Standings
[2026-05-05T09:24:02] GET https://www.indynxt.com/Standings
[2026-05-05T09:24:03] wrote /home/jvivona/agents/tidbyt-data/indycar/nxt/drv.json (24 drivers)
[2026-05-05T09:24:03] wrote /home/jvivona/agents/tidbyt-data/indycar/nxt/nri.json (next race: Grand Prix of Indianapolis Race 1)
[2026-05-05T09:24:03] git add --all in /home/jvivona/agents/tidbyt-data
[2026-05-05T09:24:03] git commit -m 'IndyCar/NXT Update'
[main c5571482c] IndyCar/NXT Update
 Committer: jvivona <jvivona@joe-agent.ajcomputers.local>
Your name and email address were configured automatically based
on your username and hostname. Please check that they are accurate.
You can suppress this message by setting them explicitly. Run the
following command and follow the instructions in your editor to edit
your configuration file:

    git config --global --edit

After doing this, you may fix the identity used for this commit with:

    git commit --amend --reset-author

 2 files changed, 30 insertions(+)
[2026-05-05T09:24:03] git push origin main
To https://github.com/jvivona/tidbyt-data.git
   2912e3ff1..c5571482c  main -> main
[2026-05-05T09:24:04] finished indycar
[2026-05-05T10:24:01] start indycar
[2026-05-05T10:24:01] indycar[car] scraping standings from https://www.indycar.com/Standings
[2026-05-05T10:24:01] GET https://www.indycar.com/Standings
[2026-05-05T10:24:02] wrote /home/jvivona/agents/tidbyt-data/indycar/car/drv.json (33 drivers)
[2026-05-05T10:24:02] wrote /home/jvivona/agents/tidbyt-data/indycar/car/nri.json (next race: Grand Prix of Indianapolis)
[2026-05-05T10:24:02] indycar[nxt] scraping standings from https://www.indynxt.com/Standings
[2026-05-05T10:24:02] GET https://www.indynxt.com/Standings
[2026-05-05T10:24:03] wrote /home/jvivona/agents/tidbyt-data/indycar/nxt/drv.json (24 drivers)
[2026-05-05T10:24:03] wrote /home/jvivona/agents/tidbyt-data/indycar/nxt/nri.json (next race: Grand Prix of Indianapolis Race 1)
[2026-05-05T10:24:03] git add --all in /home/jvivona/agents/tidbyt-data
[2026-05-05T10:24:03] git commit -m 'IndyCar/NXT Update'
[main f78962262] IndyCar/NXT Update
 Committer: jvivona <jvivona@joe-agent.ajcomputers.local>
Your name and email address were configured automatically based
on your username and hostname. Please check that they are accurate.
You can suppress this message by setting them explicitly. Run the
following command and follow the instructions in your editor to edit
your configuration file:

    git config --global --edit

After doing this, you may fix the identity used for this commit with:

    git commit --amend --reset-author

 2 files changed, 30 insertions(+)
[2026-05-05T10:24:03] git push origin main
To https://github.com/jvivona/tidbyt-data.git
   67dbc7c32..f78962262  main -> main
[2026-05-05T10:24:04] finished indycar
[2026-05-05T11:24:02] start indycar
[2026-05-05T11:24:02] indycar[car] scraping standings from https://www.indycar.com/Standings
[2026-05-05T11:24:02] GET https://www.indycar.com/Standings
[2026-05-05T11:24:02] wrote /home/jvivona/agents/tidbyt-data/indycar/car/drv.json (33 drivers)
[2026-05-05T11:24:02] wrote /home/jvivona/agents/tidbyt-data/indycar/car/nri.json (next race: Grand Prix of Indianapolis)
[2026-05-05T11:24:02] indycar[nxt] scraping standings from https://www.indynxt.com/Standings
[2026-05-05T11:24:02] GET https://www.indynxt.com/Standings
[2026-05-05T11:24:03] wrote /home/jvivona/agents/tidbyt-data/indycar/nxt/drv.json (24 drivers)
[2026-05-05T11:24:03] wrote /home/jvivona/agents/tidbyt-data/indycar/nxt/nri.json (next race: Grand Prix of Indianapolis Race 1)
[2026-05-05T11:24:03] git add --all in /home/jvivona/agents/tidbyt-data
[2026-05-05T11:24:03] git commit -m 'IndyCar/NXT Update'
[main ed5218117] IndyCar/NXT Update
 Committer: jvivona <jvivona@joe-agent.ajcomputers.local>
Your name and email address were configured automatically based
on your username and hostname. Please check that they are accurate.
You can suppress this message by setting them explicitly. Run the
following command and follow the instructions in your editor to edit
your configuration file:

    git config --global --edit

After doing this, you may fix the identity used for this commit with:

    git commit --amend --reset-author

 2 files changed, 30 insertions(+)
[2026-05-05T11:24:03] git push origin main
To https://github.com/jvivona/tidbyt-data.git
   0a261557f..ed5218117  main -> main
[2026-05-05T11:24:04] finished indycar
[2026-05-05T12:24:02] start indycar
[2026-05-05T12:24:02] indycar[car] scraping standings from https://www.indycar.com/Standings
[2026-05-05T12:24:02] GET https://www.indycar.com/Standings
[2026-05-05T12:24:03] wrote /home/jvivona/agents/tidbyt-data/indycar/car/drv.json (33 drivers)
[2026-05-05T12:24:03] wrote /home/jvivona/agents/tidbyt-data/indycar/car/nri.json (next race: Grand Prix of Indianapolis)
[2026-05-05T12:24:03] indycar[nxt] scraping standings from https://www.indynxt.com/Standings
[2026-05-05T12:24:03] GET https://www.indynxt.com/Standings
[2026-05-05T12:24:03] wrote /home/jvivona/agents/tidbyt-data/indycar/nxt/drv.json (24 drivers)
[2026-05-05T12:24:03] wrote /home/jvivona/agents/tidbyt-data/indycar/nxt/nri.json (next race: Grand Prix of Indianapolis Race 1)
[2026-05-05T12:24:03] git add --all in /home/jvivona/agents/tidbyt-data
[2026-05-05T12:24:03] git commit -m 'IndyCar/NXT Update'
[main 9317dc496] IndyCar/NXT Update
 Committer: jvivona <jvivona@joe-agent.ajcomputers.local>
Your name and email address were configured automatically based
on your username and hostname. Please check that they are accurate.
You can suppress this message by setting them explicitly. Run the
following command and follow the instructions in your editor to edit
your configuration file:

    git config --global --edit

After doing this, you may fix the identity used for this commit with:

    git commit --amend --reset-author

 2 files changed, 30 insertions(+)
[2026-05-05T12:24:03] git push origin main
To https://github.com/jvivona/tidbyt-data.git
   f62b5b480..9317dc496  main -> main
[2026-05-05T12:24:05] finished indycar
[2026-05-05T13:24:02] start indycar
[2026-05-05T13:24:02] indycar[car] scraping standings from https://www.indycar.com/Standings
[2026-05-05T13:24:02] GET https://www.indycar.com/Standings
[2026-05-05T13:24:02] wrote /home/jvivona/agents/tidbyt-data/indycar/car/drv.json (33 drivers)
[2026-05-05T13:24:02] wrote /home/jvivona/agents/tidbyt-data/indycar/car/nri.json (next race: Grand Prix of Indianapolis)
[2026-05-05T13:24:02] indycar[nxt] scraping standings from https://www.indynxt.com/Standings
[2026-05-05T13:24:02] GET https://www.indynxt.com/Standings
[2026-05-05T13:24:03] wrote /home/jvivona/agents/tidbyt-data/indycar/nxt/drv.json (24 drivers)
[2026-05-05T13:24:03] wrote /home/jvivona/agents/tidbyt-data/indycar/nxt/nri.json (next race: Grand Prix of Indianapolis Race 1)
[2026-05-05T13:24:03] git add --all in /home/jvivona/agents/tidbyt-data
[2026-05-05T13:24:03] git commit -m 'IndyCar/NXT Update'
[main 2be33536c] IndyCar/NXT Update
 Committer: jvivona <jvivona@joe-agent.ajcomputers.local>
Your name and email address were configured automatically based
on your username and hostname. Please check that they are accurate.
You can suppress this message by setting them explicitly. Run the
following command and follow the instructions in your editor to edit
your configuration file:

    git config --global --edit

After doing this, you may fix the identity used for this commit with:

    git commit --amend --reset-author

 2 files changed, 30 insertions(+)
[2026-05-05T13:24:03] git push origin main
To https://github.com/jvivona/tidbyt-data.git
   7a576f26c..2be33536c  main -> main
[2026-05-05T13:24:04] finished indycar
[2026-05-05T14:24:02] start indycar
[2026-05-05T14:24:02] indycar[car] scraping standings from https://www.indycar.com/Standings
[2026-05-05T14:24:02] GET https://www.indycar.com/Standings
[2026-05-05T14:24:03] wrote /home/jvivona/agents/tidbyt-data/indycar/car/drv.json (33 drivers)
[2026-05-05T14:24:03] wrote /home/jvivona/agents/tidbyt-data/indycar/car/nri.json (next race: Grand Prix of Indianapolis)
[2026-05-05T14:24:03] indycar[nxt] scraping standings from https://www.indynxt.com/Standings
[2026-05-05T14:24:03] GET https://www.indynxt.com/Standings
[2026-05-05T14:24:03] wrote /home/jvivona/agents/tidbyt-data/indycar/nxt/drv.json (24 drivers)
[2026-05-05T14:24:03] wrote /home/jvivona/agents/tidbyt-data/indycar/nxt/nri.json (next race: Grand Prix of Indianapolis Race 1)
[2026-05-05T14:24:03] git add --all in /home/jvivona/agents/tidbyt-data
[2026-05-05T14:24:03] git commit -m 'IndyCar/NXT Update'
[main 887b0fa8a] IndyCar/NXT Update
 Committer: jvivona <jvivona@joe-agent.ajcomputers.local>
Your name and email address were configured automatically based
on your username and hostname. Please check that they are accurate.
You can suppress this message by setting them explicitly. Run the
following command and follow the instructions in your editor to edit
your configuration file:

    git config --global --edit

After doing this, you may fix the identity used for this commit with:

    git commit --amend --reset-author

 2 files changed, 30 insertions(+)
[2026-05-05T14:24:03] git push origin main
To https://github.com/jvivona/tidbyt-data.git
   938f39af6..887b0fa8a  main -> main
[2026-05-05T14:24:04] finished indycar
[2026-05-05T15:24:01] start indycar
[2026-05-05T15:24:01] indycar[car] scraping standings from https://www.indycar.com/Standings
[2026-05-05T15:24:01] GET https://www.indycar.com/Standings
[2026-05-05T15:24:02] wrote /home/jvivona/agents/tidbyt-data/indycar/car/drv.json (33 drivers)
[2026-05-05T15:24:02] wrote /home/jvivona/agents/tidbyt-data/indycar/car/nri.json (next race: Grand Prix of Indianapolis)
[2026-05-05T15:24:02] indycar[nxt] scraping standings from https://www.indynxt.com/Standings
[2026-05-05T15:24:02] GET https://www.indynxt.com/Standings
[2026-05-05T15:24:03] wrote /home/jvivona/agents/tidbyt-data/indycar/nxt/drv.json (24 drivers)
[2026-05-05T15:24:03] wrote /home/jvivona/agents/tidbyt-data/indycar/nxt/nri.json (next race: Grand Prix of Indianapolis Race 1)
[2026-05-05T15:24:03] git add --all in /home/jvivona/agents/tidbyt-data
[2026-05-05T15:24:03] git commit -m 'IndyCar/NXT Update'
[main 01cfbf1a1] IndyCar/NXT Update
 Committer: jvivona <jvivona@joe-agent.ajcomputers.local>
Your name and email address were configured automatically based
on your username and hostname. Please check that they are accurate.
You can suppress this message by setting them explicitly. Run the
following command and follow the instructions in your editor to edit
your configuration file:

    git config --global --edit

After doing this, you may fix the identity used for this commit with:

    git commit --amend --reset-author

 2 files changed, 30 insertions(+)
[2026-05-05T15:24:03] git push origin main
To https://github.com/jvivona/tidbyt-data.git
   f799f9d15..01cfbf1a1  main -> main
[2026-05-05T15:24:04] finished indycar
[2026-05-05T16:24:02] start indycar
[2026-05-05T16:24:02] indycar[car] scraping standings from https://www.indycar.com/Standings
[2026-05-05T16:24:02] GET https://www.indycar.com/Standings
[2026-05-05T16:24:02] wrote /home/jvivona/agents/tidbyt-data/indycar/car/drv.json (33 drivers)
[2026-05-05T16:24:02] wrote /home/jvivona/agents/tidbyt-data/indycar/car/nri.json (next race: Grand Prix of Indianapolis)
[2026-05-05T16:24:02] indycar[nxt] scraping standings from https://www.indynxt.com/Standings
[2026-05-05T16:24:02] GET https://www.indynxt.com/Standings
[2026-05-05T16:24:03] wrote /home/jvivona/agents/tidbyt-data/indycar/nxt/drv.json (24 drivers)
[2026-05-05T16:24:03] wrote /home/jvivona/agents/tidbyt-data/indycar/nxt/nri.json (next race: Grand Prix of Indianapolis Race 1)
[2026-05-05T16:24:03] git add --all in /home/jvivona/agents/tidbyt-data
[2026-05-05T16:24:03] git commit -m 'IndyCar/NXT Update'
[main 319ef7104] IndyCar/NXT Update
 Committer: jvivona <jvivona@joe-agent.ajcomputers.local>
Your name and email address were configured automatically based
on your username and hostname. Please check that they are accurate.
You can suppress this message by setting them explicitly. Run the
following command and follow the instructions in your editor to edit
your configuration file:

    git config --global --edit

After doing this, you may fix the identity used for this commit with:

    git commit --amend --reset-author

 2 files changed, 30 insertions(+)
[2026-05-05T16:24:03] git push origin main
To https://github.com/jvivona/tidbyt-data.git
   0b23d8977..319ef7104  main -> main
[2026-05-05T16:24:05] finished indycar
[2026-05-05T17:24:01] start indycar
[2026-05-05T17:24:01] indycar[car] scraping standings from https://www.indycar.com/Standings
[2026-05-05T17:24:01] GET https://www.indycar.com/Standings
[2026-05-05T17:24:02] wrote /home/jvivona/agents/tidbyt-data/indycar/car/drv.json (33 drivers)
[2026-05-05T17:24:02] wrote /home/jvivona/agents/tidbyt-data/indycar/car/nri.json (next race: Grand Prix of Indianapolis)
[2026-05-05T17:24:02] indycar[nxt] scraping standings from https://www.indynxt.com/Standings
[2026-05-05T17:24:02] GET https://www.indynxt.com/Standings
[2026-05-05T17:24:03] wrote /home/jvivona/agents/tidbyt-data/indycar/nxt/drv.json (24 drivers)
[2026-05-05T17:24:03] wrote /home/jvivona/agents/tidbyt-data/indycar/nxt/nri.json (next race: Grand Prix of Indianapolis Race 1)
[2026-05-05T17:24:03] git add --all in /home/jvivona/agents/tidbyt-data
[2026-05-05T17:24:03] git commit -m 'IndyCar/NXT Update'
[main a006064c6] IndyCar/NXT Update
 Committer: jvivona <jvivona@joe-agent.ajcomputers.local>
Your name and email address were configured automatically based
on your username and hostname. Please check that they are accurate.
You can suppress this message by setting them explicitly. Run the
following command and follow the instructions in your editor to edit
your configuration file:

    git config --global --edit

After doing this, you may fix the identity used for this commit with:

    git commit --amend --reset-author

 2 files changed, 30 insertions(+)
[2026-05-05T17:24:03] git push origin main
To https://github.com/jvivona/tidbyt-data.git
   f45ec5b75..a006064c6  main -> main
[2026-05-05T17:24:04] finished indycar
[2026-05-05T18:24:02] start indycar
[2026-05-05T18:24:02] indycar[car] scraping standings from https://www.indycar.com/Standings
[2026-05-05T18:24:02] GET https://www.indycar.com/Standings
[2026-05-05T18:24:03] wrote /home/jvivona/agents/tidbyt-data/indycar/car/drv.json (33 drivers)
[2026-05-05T18:24:03] wrote /home/jvivona/agents/tidbyt-data/indycar/car/nri.json (next race: Grand Prix of Indianapolis)
[2026-05-05T18:24:03] indycar[nxt] scraping standings from https://www.indynxt.com/Standings
[2026-05-05T18:24:03] GET https://www.indynxt.com/Standings
[2026-05-05T18:24:03] wrote /home/jvivona/agents/tidbyt-data/indycar/nxt/drv.json (24 drivers)
[2026-05-05T18:24:03] wrote /home/jvivona/agents/tidbyt-data/indycar/nxt/nri.json (next race: Grand Prix of Indianapolis Race 1)
[2026-05-05T18:24:03] git add --all in /home/jvivona/agents/tidbyt-data
[2026-05-05T18:24:03] git commit -m 'IndyCar/NXT Update'
[main 675738cbc] IndyCar/NXT Update
 Committer: jvivona <jvivona@joe-agent.ajcomputers.local>
Your name and email address were configured automatically based
on your username and hostname. Please check that they are accurate.
You can suppress this message by setting them explicitly. Run the
following command and follow the instructions in your editor to edit
your configuration file:

    git config --global --edit

After doing this, you may fix the identity used for this commit with:

    git commit --amend --reset-author

 2 files changed, 30 insertions(+)
[2026-05-05T18:24:03] git push origin main
To https://github.com/jvivona/tidbyt-data.git
   5d823c695..675738cbc  main -> main
[2026-05-05T18:24:05] finished indycar
[2026-05-05T19:24:02] start indycar
[2026-05-05T19:24:02] indycar[car] scraping standings from https://www.indycar.com/Standings
[2026-05-05T19:24:02] GET https://www.indycar.com/Standings
[2026-05-05T19:24:03] wrote /home/jvivona/agents/tidbyt-data/indycar/car/drv.json (33 drivers)
[2026-05-05T19:24:03] wrote /home/jvivona/agents/tidbyt-data/indycar/car/nri.json (next race: Grand Prix of Indianapolis)
[2026-05-05T19:24:03] indycar[nxt] scraping standings from https://www.indynxt.com/Standings
[2026-05-05T19:24:03] GET https://www.indynxt.com/Standings
[2026-05-05T19:24:03] wrote /home/jvivona/agents/tidbyt-data/indycar/nxt/drv.json (24 drivers)
[2026-05-05T19:24:03] wrote /home/jvivona/agents/tidbyt-data/indycar/nxt/nri.json (next race: Grand Prix of Indianapolis Race 1)
[2026-05-05T19:24:03] git add --all in /home/jvivona/agents/tidbyt-data
[2026-05-05T19:24:03] git commit -m 'IndyCar/NXT Update'
[main 889032a09] IndyCar/NXT Update
 Committer: jvivona <jvivona@joe-agent.ajcomputers.local>
Your name and email address were configured automatically based
on your username and hostname. Please check that they are accurate.
You can suppress this message by setting them explicitly. Run the
following command and follow the instructions in your editor to edit
your configuration file:

    git config --global --edit

After doing this, you may fix the identity used for this commit with:

    git commit --amend --reset-author

 2 files changed, 30 insertions(+)
[2026-05-05T19:24:03] git push origin main
To https://github.com/jvivona/tidbyt-data.git
   6e9930a82..889032a09  main -> main
[2026-05-05T19:24:04] finished indycar
[2026-05-05T20:24:02] start indycar
[2026-05-05T20:24:02] indycar[car] scraping standings from https://www.indycar.com/Standings
[2026-05-05T20:24:02] GET https://www.indycar.com/Standings
[2026-05-05T20:24:03] wrote /home/jvivona/agents/tidbyt-data/indycar/car/drv.json (33 drivers)
[2026-05-05T20:24:03] wrote /home/jvivona/agents/tidbyt-data/indycar/car/nri.json (next race: Grand Prix of Indianapolis)
[2026-05-05T20:24:03] indycar[nxt] scraping standings from https://www.indynxt.com/Standings
[2026-05-05T20:24:03] GET https://www.indynxt.com/Standings
[2026-05-05T20:24:03] wrote /home/jvivona/agents/tidbyt-data/indycar/nxt/drv.json (24 drivers)
[2026-05-05T20:24:03] wrote /home/jvivona/agents/tidbyt-data/indycar/nxt/nri.json (next race: Grand Prix of Indianapolis Race 1)
[2026-05-05T20:24:03] git add --all in /home/jvivona/agents/tidbyt-data
[2026-05-05T20:24:03] git commit -m 'IndyCar/NXT Update'
[main bf9375fbb] IndyCar/NXT Update
 Committer: jvivona <jvivona@joe-agent.ajcomputers.local>
Your name and email address were configured automatically based
on your username and hostname. Please check that they are accurate.
You can suppress this message by setting them explicitly. Run the
following command and follow the instructions in your editor to edit
your configuration file:

    git config --global --edit

After doing this, you may fix the identity used for this commit with:

    git commit --amend --reset-author

 2 files changed, 30 insertions(+)
[2026-05-05T20:24:03] git push origin main
To https://github.com/jvivona/tidbyt-data.git
   82bbd634a..bf9375fbb  main -> main
[2026-05-05T20:24:04] finished indycar
[2026-05-05T21:24:01] start indycar
[2026-05-05T21:24:01] indycar[car] scraping standings from https://www.indycar.com/Standings
[2026-05-05T21:24:01] GET https://www.indycar.com/Standings
[2026-05-05T21:24:02] wrote /home/jvivona/agents/tidbyt-data/indycar/car/drv.json (33 drivers)
[2026-05-05T21:24:02] wrote /home/jvivona/agents/tidbyt-data/indycar/car/nri.json (next race: Grand Prix of Indianapolis)
[2026-05-05T21:24:02] indycar[nxt] scraping standings from https://www.indynxt.com/Standings
[2026-05-05T21:24:02] GET https://www.indynxt.com/Standings
[2026-05-05T21:24:03] wrote /home/jvivona/agents/tidbyt-data/indycar/nxt/drv.json (24 drivers)
[2026-05-05T21:24:03] wrote /home/jvivona/agents/tidbyt-data/indycar/nxt/nri.json (next race: Grand Prix of Indianapolis Race 1)
[2026-05-05T21:24:03] git add --all in /home/jvivona/agents/tidbyt-data
[2026-05-05T21:24:03] git commit -m 'IndyCar/NXT Update'
[main a7c5870a0] IndyCar/NXT Update
 Committer: jvivona <jvivona@joe-agent.ajcomputers.local>
Your name and email address were configured automatically based
on your username and hostname. Please check that they are accurate.
You can suppress this message by setting them explicitly. Run the
following command and follow the instructions in your editor to edit
your configuration file:

    git config --global --edit

After doing this, you may fix the identity used for this commit with:

    git commit --amend --reset-author

 2 files changed, 30 insertions(+)
[2026-05-05T21:24:03] git push origin main
To https://github.com/jvivona/tidbyt-data.git
   550cf6ca8..a7c5870a0  main -> main
[2026-05-05T21:24:04] finished indycar
[2026-05-05T22:24:02] start indycar
[2026-05-05T22:24:02] indycar[car] scraping standings from https://www.indycar.com/Standings
[2026-05-05T22:24:02] GET https://www.indycar.com/Standings
[2026-05-05T22:24:03] wrote /home/jvivona/agents/tidbyt-data/indycar/car/drv.json (33 drivers)
[2026-05-05T22:24:03] wrote /home/jvivona/agents/tidbyt-data/indycar/car/nri.json (next race: Grand Prix of Indianapolis)
[2026-05-05T22:24:03] indycar[nxt] scraping standings from https://www.indynxt.com/Standings
[2026-05-05T22:24:03] GET https://www.indynxt.com/Standings
[2026-05-05T22:24:04] wrote /home/jvivona/agents/tidbyt-data/indycar/nxt/drv.json (24 drivers)
[2026-05-05T22:24:04] wrote /home/jvivona/agents/tidbyt-data/indycar/nxt/nri.json (next race: Grand Prix of Indianapolis Race 1)
[2026-05-05T22:24:04] git add --all in /home/jvivona/agents/tidbyt-data
[2026-05-05T22:24:04] git commit -m 'IndyCar/NXT Update'
[main b99f8c73b] IndyCar/NXT Update
 Committer: jvivona <jvivona@joe-agent.ajcomputers.local>
Your name and email address were configured automatically based
on your username and hostname. Please check that they are accurate.
You can suppress this message by setting them explicitly. Run the
following command and follow the instructions in your editor to edit
your configuration file:

    git config --global --edit

After doing this, you may fix the identity used for this commit with:

    git commit --amend --reset-author

 2 files changed, 30 insertions(+)
[2026-05-05T22:24:04] git push origin main
To https://github.com/jvivona/tidbyt-data.git
   02e9bcc22..b99f8c73b  main -> main
[2026-05-05T22:24:05] finished indycar
[2026-05-05T23:24:02] start indycar
[2026-05-05T23:24:02] indycar[car] scraping standings from https://www.indycar.com/Standings
[2026-05-05T23:24:02] GET https://www.indycar.com/Standings
[2026-05-05T23:24:03] wrote /home/jvivona/agents/tidbyt-data/indycar/car/drv.json (33 drivers)
[2026-05-05T23:24:03] wrote /home/jvivona/agents/tidbyt-data/indycar/car/nri.json (next race: Grand Prix of Indianapolis)
[2026-05-05T23:24:03] indycar[nxt] scraping standings from https://www.indynxt.com/Standings
[2026-05-05T23:24:03] GET https://www.indynxt.com/Standings
[2026-05-05T23:24:03] wrote /home/jvivona/agents/tidbyt-data/indycar/nxt/drv.json (24 drivers)
[2026-05-05T23:24:03] wrote /home/jvivona/agents/tidbyt-data/indycar/nxt/nri.json (next race: Grand Prix of Indianapolis Race 1)
[2026-05-05T23:24:03] git add --all in /home/jvivona/agents/tidbyt-data
[2026-05-05T23:24:03] git commit -m 'IndyCar/NXT Update'
[main da5a9aa0b] IndyCar/NXT Update
 Committer: jvivona <jvivona@joe-agent.ajcomputers.local>
Your name and email address were configured automatically based
on your username and hostname. Please check that they are accurate.
You can suppress this message by setting them explicitly. Run the
following command and follow the instructions in your editor to edit
your configuration file:

    git config --global --edit

After doing this, you may fix the identity used for this commit with:

    git commit --amend --reset-author

 2 files changed, 30 insertions(+)
[2026-05-05T23:24:03] git push origin main
To https://github.com/jvivona/tidbyt-data.git
   f449adc8c..da5a9aa0b  main -> main
[2026-05-05T23:24:05] finished indycar
