[2026-05-04T18:12:02] start mayonews
[2026-05-04T18:12:02] mayonews: fetching mayo-clinic-minute-2
[2026-05-04T18:12:02] chrome --dump-dom https://newsnetwork.mayoclinic.org/category/mayo-clinic-minute-2/feed/
[2026-05-04T18:12:08] wrote /home/jvivona/agents/tidbyt-data/mayonews/mayo-clinic-minute-2.xml
[2026-05-04T18:12:08] mayonews: fetching cancer
[2026-05-04T18:12:08] chrome --dump-dom https://newsnetwork.mayoclinic.org/category/cancer/feed/
[2026-05-04T18:12:11] wrote /home/jvivona/agents/tidbyt-data/mayonews/cancer.xml
[2026-05-04T18:12:11] mayonews: fetching cardiovascular-2
[2026-05-04T18:12:11] chrome --dump-dom https://newsnetwork.mayoclinic.org/category/cardiovascular-2/feed/
[2026-05-04T18:12:14] wrote /home/jvivona/agents/tidbyt-data/mayonews/cardiovascular-2.xml
[2026-05-04T18:12:14] mayonews: fetching gastrointestinal-90
[2026-05-04T18:12:14] chrome --dump-dom https://newsnetwork.mayoclinic.org/category/gastrointestinal-90/feed/
[2026-05-04T18:12:18] wrote /home/jvivona/agents/tidbyt-data/mayonews/gastrointestinal-90.xml
[2026-05-04T18:12:18] mayonews: fetching orthopedics-sports
[2026-05-04T18:12:18] chrome --dump-dom https://newsnetwork.mayoclinic.org/category/orthopedics-sports/feed/
[2026-05-04T18:12:21] wrote /home/jvivona/agents/tidbyt-data/mayonews/orthopedics-sports.xml
[2026-05-04T18:12:21] mayonews: fetching research
[2026-05-04T18:12:21] chrome --dump-dom https://newsnetwork.mayoclinic.org/category/research/feed/
[2026-05-04T18:12:24] wrote /home/jvivona/agents/tidbyt-data/mayonews/research.xml
[2026-05-04T18:12:24] mayonews: fetching transplant
[2026-05-04T18:12:24] chrome --dump-dom https://newsnetwork.mayoclinic.org/category/transplant/feed/
[2026-05-04T18:12:29] wrote /home/jvivona/agents/tidbyt-data/mayonews/transplant.xml
[2026-05-04T18:12:29] mayonews: fetching health-and-wellness
[2026-05-04T18:12:29] chrome --dump-dom https://newsnetwork.mayoclinic.org/category/health-and-wellness/feed/
[2026-05-04T18:12:31] wrote /home/jvivona/agents/tidbyt-data/mayonews/health-and-wellness.xml
[2026-05-04T18:12:31] renamed research.xml -> research-2.xml
[2026-05-04T18:12:31] [dry-run] would: git add+commit+push in /home/jvivona/agents/tidbyt-data: 'Mayo News Update'
[2026-05-04T18:12:31] finished mayonews
[2026-05-04T21:12:02] start mayonews
[2026-05-04T21:12:02] mayonews: fetching mayo-clinic-minute-2
[2026-05-04T21:12:02] chrome --dump-dom https://newsnetwork.mayoclinic.org/category/mayo-clinic-minute-2/feed/
[2026-05-04T21:12:09] wrote /home/jvivona/agents/tidbyt-data/mayonews/mayo-clinic-minute-2.xml
[2026-05-04T21:12:09] mayonews: fetching cancer
[2026-05-04T21:12:09] chrome --dump-dom https://newsnetwork.mayoclinic.org/category/cancer/feed/
[2026-05-04T21:12:12] wrote /home/jvivona/agents/tidbyt-data/mayonews/cancer.xml
[2026-05-04T21:12:12] mayonews: fetching cardiovascular-2
[2026-05-04T21:12:12] chrome --dump-dom https://newsnetwork.mayoclinic.org/category/cardiovascular-2/feed/
[2026-05-04T21:12:15] wrote /home/jvivona/agents/tidbyt-data/mayonews/cardiovascular-2.xml
[2026-05-04T21:12:15] mayonews: fetching gastrointestinal-90
[2026-05-04T21:12:15] chrome --dump-dom https://newsnetwork.mayoclinic.org/category/gastrointestinal-90/feed/
[2026-05-04T21:12:20] wrote /home/jvivona/agents/tidbyt-data/mayonews/gastrointestinal-90.xml
[2026-05-04T21:12:20] mayonews: fetching orthopedics-sports
[2026-05-04T21:12:20] chrome --dump-dom https://newsnetwork.mayoclinic.org/category/orthopedics-sports/feed/
[2026-05-04T21:12:23] wrote /home/jvivona/agents/tidbyt-data/mayonews/orthopedics-sports.xml
[2026-05-04T21:12:23] mayonews: fetching research
[2026-05-04T21:12:23] chrome --dump-dom https://newsnetwork.mayoclinic.org/category/research/feed/
[2026-05-04T21:12:27] wrote /home/jvivona/agents/tidbyt-data/mayonews/research.xml
[2026-05-04T21:12:27] mayonews: fetching transplant
[2026-05-04T21:12:27] chrome --dump-dom https://newsnetwork.mayoclinic.org/category/transplant/feed/
[2026-05-04T21:12:32] wrote /home/jvivona/agents/tidbyt-data/mayonews/transplant.xml
[2026-05-04T21:12:32] mayonews: fetching health-and-wellness
[2026-05-04T21:12:32] chrome --dump-dom https://newsnetwork.mayoclinic.org/category/health-and-wellness/feed/
[2026-05-04T21:12:35] wrote /home/jvivona/agents/tidbyt-data/mayonews/health-and-wellness.xml
[2026-05-04T21:12:35] renamed research.xml -> research-2.xml
[2026-05-04T21:12:35] [dry-run] would: git add+commit+push in /home/jvivona/agents/tidbyt-data: 'Mayo News Update'
[2026-05-04T21:12:35] finished mayonews
[2026-05-05T00:12:01] start mayonews
[2026-05-05T00:12:01] mayonews: fetching mayo-clinic-minute-2
[2026-05-05T00:12:01] chrome --dump-dom https://newsnetwork.mayoclinic.org/category/mayo-clinic-minute-2/feed/
[2026-05-05T00:12:09] wrote /home/jvivona/agents/tidbyt-data/mayonews/mayo-clinic-minute-2.xml
[2026-05-05T00:12:09] mayonews: fetching cancer
[2026-05-05T00:12:09] chrome --dump-dom https://newsnetwork.mayoclinic.org/category/cancer/feed/
[2026-05-05T00:12:12] wrote /home/jvivona/agents/tidbyt-data/mayonews/cancer.xml
[2026-05-05T00:12:12] mayonews: fetching cardiovascular-2
[2026-05-05T00:12:12] chrome --dump-dom https://newsnetwork.mayoclinic.org/category/cardiovascular-2/feed/
[2026-05-05T00:12:15] wrote /home/jvivona/agents/tidbyt-data/mayonews/cardiovascular-2.xml
[2026-05-05T00:12:15] mayonews: fetching gastrointestinal-90
[2026-05-05T00:12:15] chrome --dump-dom https://newsnetwork.mayoclinic.org/category/gastrointestinal-90/feed/
[2026-05-05T00:12:19] wrote /home/jvivona/agents/tidbyt-data/mayonews/gastrointestinal-90.xml
[2026-05-05T00:12:19] mayonews: fetching orthopedics-sports
[2026-05-05T00:12:19] chrome --dump-dom https://newsnetwork.mayoclinic.org/category/orthopedics-sports/feed/
[2026-05-05T00:12:22] wrote /home/jvivona/agents/tidbyt-data/mayonews/orthopedics-sports.xml
[2026-05-05T00:12:22] mayonews: fetching research
[2026-05-05T00:12:22] chrome --dump-dom https://newsnetwork.mayoclinic.org/category/research/feed/
[2026-05-05T00:12:26] wrote /home/jvivona/agents/tidbyt-data/mayonews/research.xml
[2026-05-05T00:12:26] mayonews: fetching transplant
[2026-05-05T00:12:26] chrome --dump-dom https://newsnetwork.mayoclinic.org/category/transplant/feed/
[2026-05-05T00:12:31] wrote /home/jvivona/agents/tidbyt-data/mayonews/transplant.xml
[2026-05-05T00:12:31] mayonews: fetching health-and-wellness
[2026-05-05T00:12:31] chrome --dump-dom https://newsnetwork.mayoclinic.org/category/health-and-wellness/feed/
[2026-05-05T00:12:34] wrote /home/jvivona/agents/tidbyt-data/mayonews/health-and-wellness.xml
[2026-05-05T00:12:34] renamed research.xml -> research-2.xml
[2026-05-05T00:12:34] [dry-run] would: git add+commit+push in /home/jvivona/agents/tidbyt-data: 'Mayo News Update'
[2026-05-05T00:12:34] finished mayonews
[2026-05-05T03:12:01] start mayonews
[2026-05-05T03:12:01] mayonews: fetching mayo-clinic-minute-2
[2026-05-05T03:12:01] chrome --dump-dom https://newsnetwork.mayoclinic.org/category/mayo-clinic-minute-2/feed/
[2026-05-05T03:12:09] wrote /home/jvivona/agents/tidbyt-data/mayonews/mayo-clinic-minute-2.xml
[2026-05-05T03:12:09] mayonews: fetching cancer
[2026-05-05T03:12:09] chrome --dump-dom https://newsnetwork.mayoclinic.org/category/cancer/feed/
[2026-05-05T03:12:11] wrote /home/jvivona/agents/tidbyt-data/mayonews/cancer.xml
[2026-05-05T03:12:11] mayonews: fetching cardiovascular-2
[2026-05-05T03:12:11] chrome --dump-dom https://newsnetwork.mayoclinic.org/category/cardiovascular-2/feed/
[2026-05-05T03:12:12] wrote /home/jvivona/agents/tidbyt-data/mayonews/cardiovascular-2.xml
[2026-05-05T03:12:12] mayonews: fetching gastrointestinal-90
[2026-05-05T03:12:12] chrome --dump-dom https://newsnetwork.mayoclinic.org/category/gastrointestinal-90/feed/
[2026-05-05T03:12:14] wrote /home/jvivona/agents/tidbyt-data/mayonews/gastrointestinal-90.xml
[2026-05-05T03:12:14] mayonews: fetching orthopedics-sports
[2026-05-05T03:12:14] chrome --dump-dom https://newsnetwork.mayoclinic.org/category/orthopedics-sports/feed/
[2026-05-05T03:12:16] wrote /home/jvivona/agents/tidbyt-data/mayonews/orthopedics-sports.xml
[2026-05-05T03:12:16] mayonews: fetching research
[2026-05-05T03:12:16] chrome --dump-dom https://newsnetwork.mayoclinic.org/category/research/feed/
[2026-05-05T03:12:18] wrote /home/jvivona/agents/tidbyt-data/mayonews/research.xml
[2026-05-05T03:12:18] mayonews: fetching transplant
[2026-05-05T03:12:18] chrome --dump-dom https://newsnetwork.mayoclinic.org/category/transplant/feed/
[2026-05-05T03:12:19] wrote /home/jvivona/agents/tidbyt-data/mayonews/transplant.xml
[2026-05-05T03:12:19] mayonews: fetching health-and-wellness
[2026-05-05T03:12:19] chrome --dump-dom https://newsnetwork.mayoclinic.org/category/health-and-wellness/feed/
[2026-05-05T03:12:22] wrote /home/jvivona/agents/tidbyt-data/mayonews/health-and-wellness.xml
[2026-05-05T03:12:22] renamed research.xml -> research-2.xml
[2026-05-05T03:12:22] [dry-run] would: git add+commit+push in /home/jvivona/agents/tidbyt-data: 'Mayo News Update'
[2026-05-05T03:12:22] finished mayonews
[2026-05-05T06:12:01] start mayonews
[2026-05-05T06:12:01] mayonews: fetching mayo-clinic-minute-2
[2026-05-05T06:12:01] chrome --dump-dom https://newsnetwork.mayoclinic.org/category/mayo-clinic-minute-2/feed/
[2026-05-05T06:12:09] wrote /home/jvivona/agents/tidbyt-data/mayonews/mayo-clinic-minute-2.xml
[2026-05-05T06:12:09] mayonews: fetching cancer
[2026-05-05T06:12:09] chrome --dump-dom https://newsnetwork.mayoclinic.org/category/cancer/feed/
[2026-05-05T06:12:12] wrote /home/jvivona/agents/tidbyt-data/mayonews/cancer.xml
[2026-05-05T06:12:12] mayonews: fetching cardiovascular-2
[2026-05-05T06:12:12] chrome --dump-dom https://newsnetwork.mayoclinic.org/category/cardiovascular-2/feed/
[2026-05-05T06:12:14] wrote /home/jvivona/agents/tidbyt-data/mayonews/cardiovascular-2.xml
[2026-05-05T06:12:14] mayonews: fetching gastrointestinal-90
[2026-05-05T06:12:14] chrome --dump-dom https://newsnetwork.mayoclinic.org/category/gastrointestinal-90/feed/
[2026-05-05T06:12:19] wrote /home/jvivona/agents/tidbyt-data/mayonews/gastrointestinal-90.xml
[2026-05-05T06:12:19] mayonews: fetching orthopedics-sports
[2026-05-05T06:12:19] chrome --dump-dom https://newsnetwork.mayoclinic.org/category/orthopedics-sports/feed/
[2026-05-05T06:12:21] wrote /home/jvivona/agents/tidbyt-data/mayonews/orthopedics-sports.xml
[2026-05-05T06:12:21] mayonews: fetching research
[2026-05-05T06:12:21] chrome --dump-dom https://newsnetwork.mayoclinic.org/category/research/feed/
[2026-05-05T06:12:24] wrote /home/jvivona/agents/tidbyt-data/mayonews/research.xml
[2026-05-05T06:12:24] mayonews: fetching transplant
[2026-05-05T06:12:24] chrome --dump-dom https://newsnetwork.mayoclinic.org/category/transplant/feed/
[2026-05-05T06:12:29] wrote /home/jvivona/agents/tidbyt-data/mayonews/transplant.xml
[2026-05-05T06:12:29] mayonews: fetching health-and-wellness
[2026-05-05T06:12:29] chrome --dump-dom https://newsnetwork.mayoclinic.org/category/health-and-wellness/feed/
[2026-05-05T06:12:32] wrote /home/jvivona/agents/tidbyt-data/mayonews/health-and-wellness.xml
[2026-05-05T06:12:32] renamed research.xml -> research-2.xml
[2026-05-05T06:12:32] git add --all in /home/jvivona/agents/tidbyt-data
[2026-05-05T06:12:32] git commit -m 'Mayo News Update'
[main 3fa231c6f] Mayo News Update
 Committer: jvivona <jvivona@joe-agent.ajcomputers.local>
Your name and email address were configured automatically based
on your username and hostname. Please check that they are accurate.
You can suppress this message by setting them explicitly. Run the
following command and follow the instructions in your editor to edit
your configuration file:

    git config --global --edit

After doing this, you may fix the identity used for this commit with:

    git commit --amend --reset-author

 14 files changed, 1956 insertions(+), 1933 deletions(-)
[2026-05-05T06:12:32] git push origin main
To https://github.com/jvivona/tidbyt-data.git
 ! [rejected]            main -> main (fetch first)
error: failed to push some refs to 'https://github.com/jvivona/tidbyt-data.git'
hint: Updates were rejected because the remote contains work that you do not
hint: have locally. This is usually caused by another repository pushing to
hint: the same ref. If you want to integrate the remote changes, use
hint: 'git pull' before pushing again.
hint: See the 'Note about fast-forwards' in 'git push --help' for details.
[2026-05-05T06:12:33] ERROR: topic 'mayonews' failed: CalledProcessError(1, ['git', 'push', 'origin', 'main'])
[2026-05-05T06:12:33] notify: failure email sent to joe@ajcomputers.com
[2026-05-05T06:12:33] finished mayonews
Traceback (most recent call last):
  File "<frozen runpy>", line 198, in _run_module_as_main
  File "<frozen runpy>", line 88, in _run_code
  File "/home/jvivona/agents/tidbyt-data-scripts/tidbytdata/__main__.py", line 3, in <module>
    raise SystemExit(main())
                     ~~~~^^
  File "/home/jvivona/agents/tidbyt-data-scripts/tidbytdata/cli.py", line 46, in main
    commit_and_push(ctx.data_repo_path, ctx.commit_msg, dry_run=ctx.dry_run)
    ~~~~~~~~~~~~~~~^^^^^^^^^^^^^^^^^^^^^^^^^^^^^^^^^^^^^^^^^^^^^^^^^^^^^^^^^
  File "/home/jvivona/agents/tidbyt-data-scripts/tidbytdata/publish.py", line 32, in commit_and_push
    subprocess.run(["git", "push", "origin", "main"], cwd=data_repo_path, check=True)
    ~~~~~~~~~~~~~~^^^^^^^^^^^^^^^^^^^^^^^^^^^^^^^^^^^^^^^^^^^^^^^^^^^^^^^^^^^^^^^^^^^
  File "/usr/lib/python3.13/subprocess.py", line 577, in run
    raise CalledProcessError(retcode, process.args,
                             output=stdout, stderr=stderr)
subprocess.CalledProcessError: Command '['git', 'push', 'origin', 'main']' returned non-zero exit status 1.
[2026-05-05T09:12:02] start mayonews
[2026-05-05T09:12:02] mayonews: fetching mayo-clinic-minute-2
[2026-05-05T09:12:02] chrome --dump-dom https://newsnetwork.mayoclinic.org/category/mayo-clinic-minute-2/feed/
[2026-05-05T09:12:10] wrote /home/jvivona/agents/tidbyt-data/mayonews/mayo-clinic-minute-2.xml
[2026-05-05T09:12:10] mayonews: fetching cancer
[2026-05-05T09:12:10] chrome --dump-dom https://newsnetwork.mayoclinic.org/category/cancer/feed/
[2026-05-05T09:12:13] wrote /home/jvivona/agents/tidbyt-data/mayonews/cancer.xml
[2026-05-05T09:12:13] mayonews: fetching cardiovascular-2
[2026-05-05T09:12:13] chrome --dump-dom https://newsnetwork.mayoclinic.org/category/cardiovascular-2/feed/
[2026-05-05T09:12:16] wrote /home/jvivona/agents/tidbyt-data/mayonews/cardiovascular-2.xml
[2026-05-05T09:12:16] mayonews: fetching gastrointestinal-90
[2026-05-05T09:12:16] chrome --dump-dom https://newsnetwork.mayoclinic.org/category/gastrointestinal-90/feed/
[2026-05-05T09:12:20] wrote /home/jvivona/agents/tidbyt-data/mayonews/gastrointestinal-90.xml
[2026-05-05T09:12:20] mayonews: fetching orthopedics-sports
[2026-05-05T09:12:20] chrome --dump-dom https://newsnetwork.mayoclinic.org/category/orthopedics-sports/feed/
[2026-05-05T09:12:23] wrote /home/jvivona/agents/tidbyt-data/mayonews/orthopedics-sports.xml
[2026-05-05T09:12:23] mayonews: fetching research
[2026-05-05T09:12:23] chrome --dump-dom https://newsnetwork.mayoclinic.org/category/research/feed/
[2026-05-05T09:12:26] wrote /home/jvivona/agents/tidbyt-data/mayonews/research.xml
[2026-05-05T09:12:26] mayonews: fetching transplant
[2026-05-05T09:12:26] chrome --dump-dom https://newsnetwork.mayoclinic.org/category/transplant/feed/
[2026-05-05T09:12:32] wrote /home/jvivona/agents/tidbyt-data/mayonews/transplant.xml
[2026-05-05T09:12:32] mayonews: fetching health-and-wellness
[2026-05-05T09:12:32] chrome --dump-dom https://newsnetwork.mayoclinic.org/category/health-and-wellness/feed/
[2026-05-05T09:12:36] wrote /home/jvivona/agents/tidbyt-data/mayonews/health-and-wellness.xml
[2026-05-05T09:12:36] renamed research.xml -> research-2.xml
[2026-05-05T09:12:36] git add --all in /home/jvivona/agents/tidbyt-data
[2026-05-05T09:12:36] git commit -m 'Mayo News Update'
[main ef1014bbf] Mayo News Update
 Committer: jvivona <jvivona@joe-agent.ajcomputers.local>
Your name and email address were configured automatically based
on your username and hostname. Please check that they are accurate.
You can suppress this message by setting them explicitly. Run the
following command and follow the instructions in your editor to edit
your configuration file:

    git config --global --edit

After doing this, you may fix the identity used for this commit with:

    git commit --amend --reset-author

 2 files changed, 47 insertions(+)
[2026-05-05T09:12:36] git push origin main
To https://github.com/jvivona/tidbyt-data.git
   7c733c517..ef1014bbf  main -> main
[2026-05-05T09:12:37] finished mayonews
[2026-05-05T12:12:01] start mayonews
[2026-05-05T12:12:01] mayonews: fetching mayo-clinic-minute-2
[2026-05-05T12:12:01] chrome --dump-dom https://newsnetwork.mayoclinic.org/category/mayo-clinic-minute-2/feed/
[2026-05-05T12:12:09] wrote /home/jvivona/agents/tidbyt-data/mayonews/mayo-clinic-minute-2.xml
[2026-05-05T12:12:09] mayonews: fetching cancer
[2026-05-05T12:12:09] chrome --dump-dom https://newsnetwork.mayoclinic.org/category/cancer/feed/
[2026-05-05T12:12:11] wrote /home/jvivona/agents/tidbyt-data/mayonews/cancer.xml
[2026-05-05T12:12:11] mayonews: fetching cardiovascular-2
[2026-05-05T12:12:11] chrome --dump-dom https://newsnetwork.mayoclinic.org/category/cardiovascular-2/feed/
[2026-05-05T12:12:15] wrote /home/jvivona/agents/tidbyt-data/mayonews/cardiovascular-2.xml
[2026-05-05T12:12:15] mayonews: fetching gastrointestinal-90
[2026-05-05T12:12:15] chrome --dump-dom https://newsnetwork.mayoclinic.org/category/gastrointestinal-90/feed/
[2026-05-05T12:12:19] wrote /home/jvivona/agents/tidbyt-data/mayonews/gastrointestinal-90.xml
[2026-05-05T12:12:19] mayonews: fetching orthopedics-sports
[2026-05-05T12:12:19] chrome --dump-dom https://newsnetwork.mayoclinic.org/category/orthopedics-sports/feed/
[2026-05-05T12:12:22] wrote /home/jvivona/agents/tidbyt-data/mayonews/orthopedics-sports.xml
[2026-05-05T12:12:22] mayonews: fetching research
[2026-05-05T12:12:22] chrome --dump-dom https://newsnetwork.mayoclinic.org/category/research/feed/
[2026-05-05T12:12:26] wrote /home/jvivona/agents/tidbyt-data/mayonews/research.xml
[2026-05-05T12:12:26] mayonews: fetching transplant
[2026-05-05T12:12:26] chrome --dump-dom https://newsnetwork.mayoclinic.org/category/transplant/feed/
[2026-05-05T12:12:31] wrote /home/jvivona/agents/tidbyt-data/mayonews/transplant.xml
[2026-05-05T12:12:31] mayonews: fetching health-and-wellness
[2026-05-05T12:12:31] chrome --dump-dom https://newsnetwork.mayoclinic.org/category/health-and-wellness/feed/
[2026-05-05T12:12:34] wrote /home/jvivona/agents/tidbyt-data/mayonews/health-and-wellness.xml
[2026-05-05T12:12:34] renamed research.xml -> research-2.xml
[2026-05-05T12:12:34] git add --all in /home/jvivona/agents/tidbyt-data
[2026-05-05T12:12:35] git commit -m 'Mayo News Update'
[main cc9e0211c] Mayo News Update
 Committer: jvivona <jvivona@joe-agent.ajcomputers.local>
Your name and email address were configured automatically based
on your username and hostname. Please check that they are accurate.
You can suppress this message by setting them explicitly. Run the
following command and follow the instructions in your editor to edit
your configuration file:

    git config --global --edit

After doing this, you may fix the identity used for this commit with:

    git commit --amend --reset-author

 2 files changed, 47 insertions(+)
[2026-05-05T12:12:35] git push origin main
To https://github.com/jvivona/tidbyt-data.git
   81ce2d69b..cc9e0211c  main -> main
[2026-05-05T12:12:36] finished mayonews
[2026-05-05T15:12:02] start mayonews
[2026-05-05T15:12:02] mayonews: fetching mayo-clinic-minute-2
[2026-05-05T15:12:02] chrome --dump-dom https://newsnetwork.mayoclinic.org/category/mayo-clinic-minute-2/feed/
[2026-05-05T15:12:04] wrote /home/jvivona/agents/tidbyt-data/mayonews/mayo-clinic-minute-2.xml
[2026-05-05T15:12:04] mayonews: fetching cancer
[2026-05-05T15:12:04] chrome --dump-dom https://newsnetwork.mayoclinic.org/category/cancer/feed/
[2026-05-05T15:12:07] wrote /home/jvivona/agents/tidbyt-data/mayonews/cancer.xml
[2026-05-05T15:12:07] mayonews: fetching cardiovascular-2
[2026-05-05T15:12:07] chrome --dump-dom https://newsnetwork.mayoclinic.org/category/cardiovascular-2/feed/
[2026-05-05T15:12:09] wrote /home/jvivona/agents/tidbyt-data/mayonews/cardiovascular-2.xml
[2026-05-05T15:12:09] mayonews: fetching gastrointestinal-90
[2026-05-05T15:12:09] chrome --dump-dom https://newsnetwork.mayoclinic.org/category/gastrointestinal-90/feed/
[2026-05-05T15:12:11] wrote /home/jvivona/agents/tidbyt-data/mayonews/gastrointestinal-90.xml
[2026-05-05T15:12:11] mayonews: fetching orthopedics-sports
[2026-05-05T15:12:11] chrome --dump-dom https://newsnetwork.mayoclinic.org/category/orthopedics-sports/feed/
[2026-05-05T15:12:13] wrote /home/jvivona/agents/tidbyt-data/mayonews/orthopedics-sports.xml
[2026-05-05T15:12:13] mayonews: fetching research
[2026-05-05T15:12:13] chrome --dump-dom https://newsnetwork.mayoclinic.org/category/research/feed/
[2026-05-05T15:12:15] wrote /home/jvivona/agents/tidbyt-data/mayonews/research.xml
[2026-05-05T15:12:15] mayonews: fetching transplant
[2026-05-05T15:12:15] chrome --dump-dom https://newsnetwork.mayoclinic.org/category/transplant/feed/
[2026-05-05T15:12:17] wrote /home/jvivona/agents/tidbyt-data/mayonews/transplant.xml
[2026-05-05T15:12:17] mayonews: fetching health-and-wellness
[2026-05-05T15:12:17] chrome --dump-dom https://newsnetwork.mayoclinic.org/category/health-and-wellness/feed/
[2026-05-05T15:12:20] wrote /home/jvivona/agents/tidbyt-data/mayonews/health-and-wellness.xml
[2026-05-05T15:12:20] renamed research.xml -> research-2.xml
[2026-05-05T15:12:20] git add --all in /home/jvivona/agents/tidbyt-data
[2026-05-05T15:12:20] git commit -m 'Mayo News Update'
[main 27c0b818d] Mayo News Update
 Committer: jvivona <jvivona@joe-agent.ajcomputers.local>
Your name and email address were configured automatically based
on your username and hostname. Please check that they are accurate.
You can suppress this message by setting them explicitly. Run the
following command and follow the instructions in your editor to edit
your configuration file:

    git config --global --edit

After doing this, you may fix the identity used for this commit with:

    git commit --amend --reset-author

 15 files changed, 2270 insertions(+), 2062 deletions(-)
[2026-05-05T15:12:20] git push origin main
To https://github.com/jvivona/tidbyt-data.git
   e5a9f94b5..27c0b818d  main -> main
[2026-05-05T15:12:22] finished mayonews
[2026-05-05T18:12:02] start mayonews
[2026-05-05T18:12:02] mayonews: fetching mayo-clinic-minute-2
[2026-05-05T18:12:02] chrome --dump-dom https://newsnetwork.mayoclinic.org/category/mayo-clinic-minute-2/feed/
[2026-05-05T18:12:08] wrote /home/jvivona/agents/tidbyt-data/mayonews/mayo-clinic-minute-2.xml
[2026-05-05T18:12:08] mayonews: fetching cancer
[2026-05-05T18:12:08] chrome --dump-dom https://newsnetwork.mayoclinic.org/category/cancer/feed/
[2026-05-05T18:12:11] wrote /home/jvivona/agents/tidbyt-data/mayonews/cancer.xml
[2026-05-05T18:12:11] mayonews: fetching cardiovascular-2
[2026-05-05T18:12:11] chrome --dump-dom https://newsnetwork.mayoclinic.org/category/cardiovascular-2/feed/
[2026-05-05T18:12:14] wrote /home/jvivona/agents/tidbyt-data/mayonews/cardiovascular-2.xml
[2026-05-05T18:12:14] mayonews: fetching gastrointestinal-90
[2026-05-05T18:12:14] chrome --dump-dom https://newsnetwork.mayoclinic.org/category/gastrointestinal-90/feed/
[2026-05-05T18:12:18] wrote /home/jvivona/agents/tidbyt-data/mayonews/gastrointestinal-90.xml
[2026-05-05T18:12:18] mayonews: fetching orthopedics-sports
[2026-05-05T18:12:18] chrome --dump-dom https://newsnetwork.mayoclinic.org/category/orthopedics-sports/feed/
[2026-05-05T18:12:22] wrote /home/jvivona/agents/tidbyt-data/mayonews/orthopedics-sports.xml
[2026-05-05T18:12:22] mayonews: fetching research
[2026-05-05T18:12:22] chrome --dump-dom https://newsnetwork.mayoclinic.org/category/research/feed/
[2026-05-05T18:12:25] wrote /home/jvivona/agents/tidbyt-data/mayonews/research.xml
[2026-05-05T18:12:25] mayonews: fetching transplant
[2026-05-05T18:12:25] chrome --dump-dom https://newsnetwork.mayoclinic.org/category/transplant/feed/
[2026-05-05T18:12:31] wrote /home/jvivona/agents/tidbyt-data/mayonews/transplant.xml
[2026-05-05T18:12:31] mayonews: fetching health-and-wellness
[2026-05-05T18:12:31] chrome --dump-dom https://newsnetwork.mayoclinic.org/category/health-and-wellness/feed/
[2026-05-05T18:12:33] wrote /home/jvivona/agents/tidbyt-data/mayonews/health-and-wellness.xml
[2026-05-05T18:12:33] renamed research.xml -> research-2.xml
[2026-05-05T18:12:33] git add --all in /home/jvivona/agents/tidbyt-data
[2026-05-05T18:12:33] git commit -m 'Mayo News Update'
[main 89167041b] Mayo News Update
 Committer: jvivona <jvivona@joe-agent.ajcomputers.local>
Your name and email address were configured automatically based
on your username and hostname. Please check that they are accurate.
You can suppress this message by setting them explicitly. Run the
following command and follow the instructions in your editor to edit
your configuration file:

    git config --global --edit

After doing this, you may fix the identity used for this commit with:

    git commit --amend --reset-author

 14 files changed, 1895 insertions(+), 1896 deletions(-)
[2026-05-05T18:12:33] git push origin main
To https://github.com/jvivona/tidbyt-data.git
   e784eff72..89167041b  main -> main
[2026-05-05T18:12:35] finished mayonews
[2026-05-05T21:12:01] start mayonews
[2026-05-05T21:12:01] mayonews: fetching mayo-clinic-minute-2
[2026-05-05T21:12:01] chrome --dump-dom https://newsnetwork.mayoclinic.org/category/mayo-clinic-minute-2/feed/
[2026-05-05T21:12:09] wrote /home/jvivona/agents/tidbyt-data/mayonews/mayo-clinic-minute-2.xml
[2026-05-05T21:12:09] mayonews: fetching cancer
[2026-05-05T21:12:09] chrome --dump-dom https://newsnetwork.mayoclinic.org/category/cancer/feed/
[2026-05-05T21:12:11] wrote /home/jvivona/agents/tidbyt-data/mayonews/cancer.xml
[2026-05-05T21:12:11] mayonews: fetching cardiovascular-2
[2026-05-05T21:12:11] chrome --dump-dom https://newsnetwork.mayoclinic.org/category/cardiovascular-2/feed/
[2026-05-05T21:12:15] wrote /home/jvivona/agents/tidbyt-data/mayonews/cardiovascular-2.xml
[2026-05-05T21:12:15] mayonews: fetching gastrointestinal-90
[2026-05-05T21:12:15] chrome --dump-dom https://newsnetwork.mayoclinic.org/category/gastrointestinal-90/feed/
[2026-05-05T21:12:19] wrote /home/jvivona/agents/tidbyt-data/mayonews/gastrointestinal-90.xml
[2026-05-05T21:12:19] mayonews: fetching orthopedics-sports
[2026-05-05T21:12:19] chrome --dump-dom https://newsnetwork.mayoclinic.org/category/orthopedics-sports/feed/
[2026-05-05T21:12:22] wrote /home/jvivona/agents/tidbyt-data/mayonews/orthopedics-sports.xml
[2026-05-05T21:12:22] mayonews: fetching research
[2026-05-05T21:12:22] chrome --dump-dom https://newsnetwork.mayoclinic.org/category/research/feed/
[2026-05-05T21:12:26] wrote /home/jvivona/agents/tidbyt-data/mayonews/research.xml
[2026-05-05T21:12:26] mayonews: fetching transplant
[2026-05-05T21:12:26] chrome --dump-dom https://newsnetwork.mayoclinic.org/category/transplant/feed/
[2026-05-05T21:12:32] wrote /home/jvivona/agents/tidbyt-data/mayonews/transplant.xml
[2026-05-05T21:12:32] mayonews: fetching health-and-wellness
[2026-05-05T21:12:32] chrome --dump-dom https://newsnetwork.mayoclinic.org/category/health-and-wellness/feed/
[2026-05-05T21:12:35] wrote /home/jvivona/agents/tidbyt-data/mayonews/health-and-wellness.xml
[2026-05-05T21:12:35] renamed research.xml -> research-2.xml
[2026-05-05T21:12:35] git add --all in /home/jvivona/agents/tidbyt-data
[2026-05-05T21:12:35] git commit -m 'Mayo News Update'
[main eec972080] Mayo News Update
 Committer: jvivona <jvivona@joe-agent.ajcomputers.local>
Your name and email address were configured automatically based
on your username and hostname. Please check that they are accurate.
You can suppress this message by setting them explicitly. Run the
following command and follow the instructions in your editor to edit
your configuration file:

    git config --global --edit

After doing this, you may fix the identity used for this commit with:

    git commit --amend --reset-author

 3 files changed, 48 insertions(+)
[2026-05-05T21:12:35] git push origin main
To https://github.com/jvivona/tidbyt-data.git
   23f422956..eec972080  main -> main
[2026-05-05T21:12:36] finished mayonews
[2026-05-06T00:12:01] start mayonews
[2026-05-06T00:12:01] mayonews: fetching mayo-clinic-minute-2
[2026-05-06T00:12:01] chrome --dump-dom https://newsnetwork.mayoclinic.org/category/mayo-clinic-minute-2/feed/
[2026-05-06T00:12:08] wrote /home/jvivona/agents/tidbyt-data/mayonews/mayo-clinic-minute-2.xml
[2026-05-06T00:12:08] mayonews: fetching cancer
[2026-05-06T00:12:08] chrome --dump-dom https://newsnetwork.mayoclinic.org/category/cancer/feed/
[2026-05-06T00:12:11] wrote /home/jvivona/agents/tidbyt-data/mayonews/cancer.xml
[2026-05-06T00:12:11] mayonews: fetching cardiovascular-2
[2026-05-06T00:12:11] chrome --dump-dom https://newsnetwork.mayoclinic.org/category/cardiovascular-2/feed/
[2026-05-06T00:12:13] wrote /home/jvivona/agents/tidbyt-data/mayonews/cardiovascular-2.xml
[2026-05-06T00:12:13] mayonews: fetching gastrointestinal-90
[2026-05-06T00:12:13] chrome --dump-dom https://newsnetwork.mayoclinic.org/category/gastrointestinal-90/feed/
[2026-05-06T00:12:17] wrote /home/jvivona/agents/tidbyt-data/mayonews/gastrointestinal-90.xml
[2026-05-06T00:12:17] mayonews: fetching orthopedics-sports
[2026-05-06T00:12:17] chrome --dump-dom https://newsnetwork.mayoclinic.org/category/orthopedics-sports/feed/
[2026-05-06T00:12:20] wrote /home/jvivona/agents/tidbyt-data/mayonews/orthopedics-sports.xml
[2026-05-06T00:12:20] mayonews: fetching research
[2026-05-06T00:12:20] chrome --dump-dom https://newsnetwork.mayoclinic.org/category/research/feed/
[2026-05-06T00:12:24] wrote /home/jvivona/agents/tidbyt-data/mayonews/research.xml
[2026-05-06T00:12:24] mayonews: fetching transplant
[2026-05-06T00:12:24] chrome --dump-dom https://newsnetwork.mayoclinic.org/category/transplant/feed/
[2026-05-06T00:12:29] wrote /home/jvivona/agents/tidbyt-data/mayonews/transplant.xml
[2026-05-06T00:12:29] mayonews: fetching health-and-wellness
[2026-05-06T00:12:29] chrome --dump-dom https://newsnetwork.mayoclinic.org/category/health-and-wellness/feed/
[2026-05-06T00:12:33] wrote /home/jvivona/agents/tidbyt-data/mayonews/health-and-wellness.xml
[2026-05-06T00:12:33] renamed research.xml -> research-2.xml
[2026-05-06T00:12:33] git add --all in /home/jvivona/agents/tidbyt-data
