[2026-05-10T09:12:01] start mayonews
[2026-05-10T09:12:01] mayonews: fetching mayo-clinic-minute-2
[2026-05-10T09:12:01] chrome --dump-dom https://newsnetwork.mayoclinic.org/category/mayo-clinic-minute-2/feed/
[2026-05-10T09:12:09] wrote /home/jvivona/agents/tidbyt-data/mayonews/mayo-clinic-minute-2.xml
[2026-05-10T09:12:09] mayonews: fetching cancer
[2026-05-10T09:12:09] chrome --dump-dom https://newsnetwork.mayoclinic.org/category/cancer/feed/
[2026-05-10T09:12:11] wrote /home/jvivona/agents/tidbyt-data/mayonews/cancer.xml
[2026-05-10T09:12:11] mayonews: fetching cardiovascular-2
[2026-05-10T09:12:11] chrome --dump-dom https://newsnetwork.mayoclinic.org/category/cardiovascular-2/feed/
[2026-05-10T09:12:14] wrote /home/jvivona/agents/tidbyt-data/mayonews/cardiovascular-2.xml
[2026-05-10T09:12:14] mayonews: fetching gastrointestinal-90
[2026-05-10T09:12:14] chrome --dump-dom https://newsnetwork.mayoclinic.org/category/gastrointestinal-90/feed/
[2026-05-10T09:12:18] wrote /home/jvivona/agents/tidbyt-data/mayonews/gastrointestinal-90.xml
[2026-05-10T09:12:18] mayonews: fetching orthopedics-sports
[2026-05-10T09:12:18] chrome --dump-dom https://newsnetwork.mayoclinic.org/category/orthopedics-sports/feed/
[2026-05-10T09:12:21] wrote /home/jvivona/agents/tidbyt-data/mayonews/orthopedics-sports.xml
[2026-05-10T09:12:21] mayonews: fetching research
[2026-05-10T09:12:21] chrome --dump-dom https://newsnetwork.mayoclinic.org/category/research/feed/
[2026-05-10T09:12:24] wrote /home/jvivona/agents/tidbyt-data/mayonews/research.xml
[2026-05-10T09:12:24] mayonews: fetching transplant
[2026-05-10T09:12:24] chrome --dump-dom https://newsnetwork.mayoclinic.org/category/transplant/feed/
[2026-05-10T09:12:29] wrote /home/jvivona/agents/tidbyt-data/mayonews/transplant.xml
[2026-05-10T09:12:29] mayonews: fetching health-and-wellness
[2026-05-10T09:12:29] chrome --dump-dom https://newsnetwork.mayoclinic.org/category/health-and-wellness/feed/
[2026-05-10T09:12:32] wrote /home/jvivona/agents/tidbyt-data/mayonews/health-and-wellness.xml
[2026-05-10T09:12:32] renamed research.xml -> research-2.xml
[2026-05-10T09:12:32] git add --all in /home/jvivona/agents/tidbyt-data
[2026-05-10T09:12:32] git commit -m 'Mayo News Update'
[main 73eda747f] Mayo News Update
 3 files changed, 39 insertions(+)
[2026-05-10T09:12:32] git push origin main
To https://github.com/jvivona/tidbyt-data.git
   cf1b9865d..73eda747f  main -> main
[2026-05-10T09:12:33] finished mayonews
[2026-05-10T12:12:01] start mayonews
[2026-05-10T12:12:01] mayonews: fetching mayo-clinic-minute-2
[2026-05-10T12:12:01] chrome --dump-dom https://newsnetwork.mayoclinic.org/category/mayo-clinic-minute-2/feed/
[2026-05-10T12:12:09] wrote /home/jvivona/agents/tidbyt-data/mayonews/mayo-clinic-minute-2.xml
[2026-05-10T12:12:09] mayonews: fetching cancer
[2026-05-10T12:12:09] chrome --dump-dom https://newsnetwork.mayoclinic.org/category/cancer/feed/
[2026-05-10T12:12:13] wrote /home/jvivona/agents/tidbyt-data/mayonews/cancer.xml
[2026-05-10T12:12:13] mayonews: fetching cardiovascular-2
[2026-05-10T12:12:13] chrome --dump-dom https://newsnetwork.mayoclinic.org/category/cardiovascular-2/feed/
[2026-05-10T12:12:16] wrote /home/jvivona/agents/tidbyt-data/mayonews/cardiovascular-2.xml
[2026-05-10T12:12:16] mayonews: fetching gastrointestinal-90
[2026-05-10T12:12:16] chrome --dump-dom https://newsnetwork.mayoclinic.org/category/gastrointestinal-90/feed/
[2026-05-10T12:12:21] wrote /home/jvivona/agents/tidbyt-data/mayonews/gastrointestinal-90.xml
[2026-05-10T12:12:21] mayonews: fetching orthopedics-sports
[2026-05-10T12:12:21] chrome --dump-dom https://newsnetwork.mayoclinic.org/category/orthopedics-sports/feed/
[2026-05-10T12:12:24] wrote /home/jvivona/agents/tidbyt-data/mayonews/orthopedics-sports.xml
[2026-05-10T12:12:24] mayonews: fetching research
[2026-05-10T12:12:24] chrome --dump-dom https://newsnetwork.mayoclinic.org/category/research/feed/
[2026-05-10T12:12:27] wrote /home/jvivona/agents/tidbyt-data/mayonews/research.xml
[2026-05-10T12:12:27] mayonews: fetching transplant
[2026-05-10T12:12:27] chrome --dump-dom https://newsnetwork.mayoclinic.org/category/transplant/feed/
[2026-05-10T12:12:32] wrote /home/jvivona/agents/tidbyt-data/mayonews/transplant.xml
[2026-05-10T12:12:32] mayonews: fetching health-and-wellness
[2026-05-10T12:12:32] chrome --dump-dom https://newsnetwork.mayoclinic.org/category/health-and-wellness/feed/
[2026-05-10T12:12:35] wrote /home/jvivona/agents/tidbyt-data/mayonews/health-and-wellness.xml
[2026-05-10T12:12:35] renamed research.xml -> research-2.xml
[2026-05-10T12:12:35] git add --all in /home/jvivona/agents/tidbyt-data
[2026-05-10T12:12:35] git commit -m 'Mayo News Update'
[main 8e84ab750] Mayo News Update
 3 files changed, 35 insertions(+)
[2026-05-10T12:12:35] git push origin main
To https://github.com/jvivona/tidbyt-data.git
   7d9bf7d4e..8e84ab750  main -> main
[2026-05-10T12:12:36] finished mayonews
[2026-05-10T15:12:02] start mayonews
[2026-05-10T15:12:02] mayonews: fetching mayo-clinic-minute-2
[2026-05-10T15:12:02] chrome --dump-dom https://newsnetwork.mayoclinic.org/category/mayo-clinic-minute-2/feed/
[2026-05-10T15:12:10] wrote /home/jvivona/agents/tidbyt-data/mayonews/mayo-clinic-minute-2.xml
[2026-05-10T15:12:10] mayonews: fetching cancer
[2026-05-10T15:12:10] chrome --dump-dom https://newsnetwork.mayoclinic.org/category/cancer/feed/
[2026-05-10T15:12:13] wrote /home/jvivona/agents/tidbyt-data/mayonews/cancer.xml
[2026-05-10T15:12:13] mayonews: fetching cardiovascular-2
[2026-05-10T15:12:13] chrome --dump-dom https://newsnetwork.mayoclinic.org/category/cardiovascular-2/feed/
[2026-05-10T15:12:16] wrote /home/jvivona/agents/tidbyt-data/mayonews/cardiovascular-2.xml
[2026-05-10T15:12:16] mayonews: fetching gastrointestinal-90
[2026-05-10T15:12:16] chrome --dump-dom https://newsnetwork.mayoclinic.org/category/gastrointestinal-90/feed/
[2026-05-10T15:12:21] wrote /home/jvivona/agents/tidbyt-data/mayonews/gastrointestinal-90.xml
[2026-05-10T15:12:21] mayonews: fetching orthopedics-sports
[2026-05-10T15:12:21] chrome --dump-dom https://newsnetwork.mayoclinic.org/category/orthopedics-sports/feed/
[2026-05-10T15:12:24] wrote /home/jvivona/agents/tidbyt-data/mayonews/orthopedics-sports.xml
[2026-05-10T15:12:24] mayonews: fetching research
[2026-05-10T15:12:24] chrome --dump-dom https://newsnetwork.mayoclinic.org/category/research/feed/
[2026-05-10T15:12:26] wrote /home/jvivona/agents/tidbyt-data/mayonews/research.xml
[2026-05-10T15:12:26] mayonews: fetching transplant
[2026-05-10T15:12:26] chrome --dump-dom https://newsnetwork.mayoclinic.org/category/transplant/feed/
[2026-05-10T15:12:31] wrote /home/jvivona/agents/tidbyt-data/mayonews/transplant.xml
[2026-05-10T15:12:31] mayonews: fetching health-and-wellness
[2026-05-10T15:12:31] chrome --dump-dom https://newsnetwork.mayoclinic.org/category/health-and-wellness/feed/
[2026-05-10T15:12:34] wrote /home/jvivona/agents/tidbyt-data/mayonews/health-and-wellness.xml
[2026-05-10T15:12:34] renamed research.xml -> research-2.xml
[2026-05-10T15:12:34] git add --all in /home/jvivona/agents/tidbyt-data
[2026-05-10T15:12:34] git commit -m 'Mayo News Update'
[main 687352073] Mayo News Update
 3 files changed, 39 insertions(+)
[2026-05-10T15:12:34] git push origin main
To https://github.com/jvivona/tidbyt-data.git
   119e165a7..687352073  main -> main
[2026-05-10T15:12:35] finished mayonews
[2026-05-10T18:12:01] start mayonews
[2026-05-10T18:12:01] mayonews: fetching mayo-clinic-minute-2
[2026-05-10T18:12:01] chrome --dump-dom https://newsnetwork.mayoclinic.org/category/mayo-clinic-minute-2/feed/
[2026-05-10T18:12:11] wrote /home/jvivona/agents/tidbyt-data/mayonews/mayo-clinic-minute-2.xml
[2026-05-10T18:12:11] mayonews: fetching cancer
[2026-05-10T18:12:11] chrome --dump-dom https://newsnetwork.mayoclinic.org/category/cancer/feed/
[2026-05-10T18:12:13] wrote /home/jvivona/agents/tidbyt-data/mayonews/cancer.xml
[2026-05-10T18:12:13] mayonews: fetching cardiovascular-2
[2026-05-10T18:12:13] chrome --dump-dom https://newsnetwork.mayoclinic.org/category/cardiovascular-2/feed/
[2026-05-10T18:12:16] wrote /home/jvivona/agents/tidbyt-data/mayonews/cardiovascular-2.xml
[2026-05-10T18:12:16] mayonews: fetching gastrointestinal-90
[2026-05-10T18:12:16] chrome --dump-dom https://newsnetwork.mayoclinic.org/category/gastrointestinal-90/feed/
[2026-05-10T18:12:20] wrote /home/jvivona/agents/tidbyt-data/mayonews/gastrointestinal-90.xml
[2026-05-10T18:12:20] mayonews: fetching orthopedics-sports
[2026-05-10T18:12:20] chrome --dump-dom https://newsnetwork.mayoclinic.org/category/orthopedics-sports/feed/
[2026-05-10T18:12:24] wrote /home/jvivona/agents/tidbyt-data/mayonews/orthopedics-sports.xml
[2026-05-10T18:12:24] mayonews: fetching research
[2026-05-10T18:12:24] chrome --dump-dom https://newsnetwork.mayoclinic.org/category/research/feed/
[2026-05-10T18:12:26] wrote /home/jvivona/agents/tidbyt-data/mayonews/research.xml
[2026-05-10T18:12:26] mayonews: fetching transplant
[2026-05-10T18:12:26] chrome --dump-dom https://newsnetwork.mayoclinic.org/category/transplant/feed/
[2026-05-10T18:12:31] wrote /home/jvivona/agents/tidbyt-data/mayonews/transplant.xml
[2026-05-10T18:12:31] mayonews: fetching health-and-wellness
[2026-05-10T18:12:31] chrome --dump-dom https://newsnetwork.mayoclinic.org/category/health-and-wellness/feed/
[2026-05-10T18:12:34] wrote /home/jvivona/agents/tidbyt-data/mayonews/health-and-wellness.xml
[2026-05-10T18:12:34] renamed research.xml -> research-2.xml
[2026-05-10T18:12:34] git add --all in /home/jvivona/agents/tidbyt-data
