[2026-05-10T08:48:02] start nascar
[2026-05-10T08:48:02] nascar year=2026
[2026-05-10T08:48:02] nascar[cup] fetching schedule + points feeds
[2026-05-10T08:48:02] GET https://cf.nascar.com/cacher/2026/1/schedule-combined-feed.json
[2026-05-10T08:48:02] GET https://cf.nascar.com/cacher/2026/1/final/1-drivers-points.json
[2026-05-10T08:48:02] GET https://cf.nascar.com/cacher/2026/1/final/1-owners-points.json
[2026-05-10T08:48:02] GET https://cf.nascar.com/cacher/2026/1/final/1-manufacturer-points.json
[2026-05-10T08:48:02] wrote /home/jvivona/agents/tidbyt-data/nascar/cup/nri.json (next race: Go Bowling at The Glen)
[2026-05-10T08:48:02] wrote /home/jvivona/agents/tidbyt-data/nascar/cup/drv.json (51 drivers)
[2026-05-10T08:48:02] wrote /home/jvivona/agents/tidbyt-data/nascar/cup/ply.json (16 playoff drivers, top 16)
[2026-05-10T08:48:02] wrote /home/jvivona/agents/tidbyt-data/nascar/cup/own.json (46 owners)
[2026-05-10T08:48:02] wrote /home/jvivona/agents/tidbyt-data/nascar/cup/mfg.json (3 manufacturers)
[2026-05-10T08:48:02] nascar[xfinity] fetching schedule + points feeds
[2026-05-10T08:48:02] GET https://cf.nascar.com/cacher/2026/2/schedule-combined-feed.json
[2026-05-10T08:48:03] GET https://cf.nascar.com/cacher/2026/2/final/2-drivers-points.json
[2026-05-10T08:48:03] GET https://cf.nascar.com/cacher/2026/2/final/2-owners-points.json
[2026-05-10T08:48:03] GET https://cf.nascar.com/cacher/2026/2/final/2-manufacturer-points.json
[2026-05-10T08:48:03] wrote /home/jvivona/agents/tidbyt-data/nascar/xfinity/nri.json (next race: BetRivers 200)
[2026-05-10T08:48:03] wrote /home/jvivona/agents/tidbyt-data/nascar/xfinity/drv.json (81 drivers)
[2026-05-10T08:48:03] wrote /home/jvivona/agents/tidbyt-data/nascar/xfinity/ply.json (12 playoff drivers, top 12)
[2026-05-10T08:48:03] wrote /home/jvivona/agents/tidbyt-data/nascar/xfinity/own.json (47 owners)
[2026-05-10T08:48:03] wrote /home/jvivona/agents/tidbyt-data/nascar/xfinity/mfg.json (3 manufacturers)
[2026-05-10T08:48:03] nascar[trucks] fetching schedule + points feeds
[2026-05-10T08:48:03] GET https://cf.nascar.com/cacher/2026/3/schedule-combined-feed.json
[2026-05-10T08:48:03] GET https://cf.nascar.com/cacher/2026/3/final/3-drivers-points.json
[2026-05-10T08:48:03] GET https://cf.nascar.com/cacher/2026/3/final/3-owners-points.json
[2026-05-10T08:48:04] GET https://cf.nascar.com/cacher/2026/3/final/3-manufacturer-points.json
[2026-05-10T08:48:04] wrote /home/jvivona/agents/tidbyt-data/nascar/trucks/nri.json (next race: ECOSAVE 200)
[2026-05-10T08:48:04] wrote /home/jvivona/agents/tidbyt-data/nascar/trucks/drv.json (85 drivers)
[2026-05-10T08:48:04] wrote /home/jvivona/agents/tidbyt-data/nascar/trucks/ply.json (10 playoff drivers, top 10)
[2026-05-10T08:48:04] wrote /home/jvivona/agents/tidbyt-data/nascar/trucks/own.json (47 owners)
[2026-05-10T08:48:04] wrote /home/jvivona/agents/tidbyt-data/nascar/trucks/mfg.json (4 manufacturers)
[2026-05-10T08:48:04] git add --all in /home/jvivona/agents/tidbyt-data
[2026-05-10T08:48:04] git commit -m 'NASCAR Update'
[main 901290550] NASCAR Update
 16 files changed, 33 insertions(+), 31339 deletions(-)
 create mode 100644 log/aadailyreflection.log.1.gz
 create mode 100644 log/deploy.log.1.gz
 create mode 100644 log/formula1.log.1.gz
 create mode 100644 log/indycar.log.1.gz
 create mode 100644 log/mayonews.log.1.gz
 create mode 100644 log/nascar.log.1.gz
 create mode 100644 log/nationalday.log.1.gz
 create mode 100644 log/thisdayinhistwikipedia.log.1.gz
[2026-05-10T08:48:04] git push origin main
To https://github.com/jvivona/tidbyt-data.git
   87b51d466..901290550  main -> main
[2026-05-10T08:48:05] finished nascar
[2026-05-10T09:48:02] start nascar
[2026-05-10T09:48:02] nascar year=2026
[2026-05-10T09:48:02] nascar[cup] fetching schedule + points feeds
[2026-05-10T09:48:02] GET https://cf.nascar.com/cacher/2026/1/schedule-combined-feed.json
[2026-05-10T09:48:02] GET https://cf.nascar.com/cacher/2026/1/final/1-drivers-points.json
[2026-05-10T09:48:02] GET https://cf.nascar.com/cacher/2026/1/final/1-owners-points.json
[2026-05-10T09:48:02] GET https://cf.nascar.com/cacher/2026/1/final/1-manufacturer-points.json
[2026-05-10T09:48:02] wrote /home/jvivona/agents/tidbyt-data/nascar/cup/nri.json (next race: Go Bowling at The Glen)
[2026-05-10T09:48:02] wrote /home/jvivona/agents/tidbyt-data/nascar/cup/drv.json (51 drivers)
[2026-05-10T09:48:02] wrote /home/jvivona/agents/tidbyt-data/nascar/cup/ply.json (16 playoff drivers, top 16)
[2026-05-10T09:48:02] wrote /home/jvivona/agents/tidbyt-data/nascar/cup/own.json (46 owners)
[2026-05-10T09:48:02] wrote /home/jvivona/agents/tidbyt-data/nascar/cup/mfg.json (3 manufacturers)
[2026-05-10T09:48:02] nascar[xfinity] fetching schedule + points feeds
[2026-05-10T09:48:02] GET https://cf.nascar.com/cacher/2026/2/schedule-combined-feed.json
[2026-05-10T09:48:03] GET https://cf.nascar.com/cacher/2026/2/final/2-drivers-points.json
[2026-05-10T09:48:03] GET https://cf.nascar.com/cacher/2026/2/final/2-owners-points.json
[2026-05-10T09:48:03] GET https://cf.nascar.com/cacher/2026/2/final/2-manufacturer-points.json
[2026-05-10T09:48:03] wrote /home/jvivona/agents/tidbyt-data/nascar/xfinity/nri.json (next race: BetRivers 200)
[2026-05-10T09:48:03] wrote /home/jvivona/agents/tidbyt-data/nascar/xfinity/drv.json (81 drivers)
[2026-05-10T09:48:03] wrote /home/jvivona/agents/tidbyt-data/nascar/xfinity/ply.json (12 playoff drivers, top 12)
[2026-05-10T09:48:03] wrote /home/jvivona/agents/tidbyt-data/nascar/xfinity/own.json (47 owners)
[2026-05-10T09:48:03] wrote /home/jvivona/agents/tidbyt-data/nascar/xfinity/mfg.json (3 manufacturers)
[2026-05-10T09:48:03] nascar[trucks] fetching schedule + points feeds
[2026-05-10T09:48:03] GET https://cf.nascar.com/cacher/2026/3/schedule-combined-feed.json
[2026-05-10T09:48:03] GET https://cf.nascar.com/cacher/2026/3/final/3-drivers-points.json
[2026-05-10T09:48:04] GET https://cf.nascar.com/cacher/2026/3/final/3-owners-points.json
[2026-05-10T09:48:04] GET https://cf.nascar.com/cacher/2026/3/final/3-manufacturer-points.json
[2026-05-10T09:48:04] wrote /home/jvivona/agents/tidbyt-data/nascar/trucks/nri.json (next race: ECOSAVE 200)
[2026-05-10T09:48:04] wrote /home/jvivona/agents/tidbyt-data/nascar/trucks/drv.json (85 drivers)
[2026-05-10T09:48:04] wrote /home/jvivona/agents/tidbyt-data/nascar/trucks/ply.json (10 playoff drivers, top 10)
[2026-05-10T09:48:04] wrote /home/jvivona/agents/tidbyt-data/nascar/trucks/own.json (47 owners)
[2026-05-10T09:48:04] wrote /home/jvivona/agents/tidbyt-data/nascar/trucks/mfg.json (4 manufacturers)
[2026-05-10T09:48:04] git add --all in /home/jvivona/agents/tidbyt-data
[2026-05-10T09:48:04] git commit -m 'NASCAR Update'
[main 309e84959] NASCAR Update
 3 files changed, 45 insertions(+)
[2026-05-10T09:48:04] git push origin main
To https://github.com/jvivona/tidbyt-data.git
   eb6d6b891..309e84959  main -> main
[2026-05-10T09:48:05] finished nascar
[2026-05-10T10:48:02] start nascar
[2026-05-10T10:48:02] nascar year=2026
[2026-05-10T10:48:02] nascar[cup] fetching schedule + points feeds
[2026-05-10T10:48:02] GET https://cf.nascar.com/cacher/2026/1/schedule-combined-feed.json
[2026-05-10T10:48:02] GET https://cf.nascar.com/cacher/2026/1/final/1-drivers-points.json
[2026-05-10T10:48:02] GET https://cf.nascar.com/cacher/2026/1/final/1-owners-points.json
[2026-05-10T10:48:02] GET https://cf.nascar.com/cacher/2026/1/final/1-manufacturer-points.json
[2026-05-10T10:48:03] wrote /home/jvivona/agents/tidbyt-data/nascar/cup/nri.json (next race: Go Bowling at The Glen)
[2026-05-10T10:48:03] wrote /home/jvivona/agents/tidbyt-data/nascar/cup/drv.json (51 drivers)
[2026-05-10T10:48:03] wrote /home/jvivona/agents/tidbyt-data/nascar/cup/ply.json (16 playoff drivers, top 16)
[2026-05-10T10:48:03] wrote /home/jvivona/agents/tidbyt-data/nascar/cup/own.json (46 owners)
[2026-05-10T10:48:03] wrote /home/jvivona/agents/tidbyt-data/nascar/cup/mfg.json (3 manufacturers)
[2026-05-10T10:48:03] nascar[xfinity] fetching schedule + points feeds
[2026-05-10T10:48:03] GET https://cf.nascar.com/cacher/2026/2/schedule-combined-feed.json
[2026-05-10T10:48:03] GET https://cf.nascar.com/cacher/2026/2/final/2-drivers-points.json
[2026-05-10T10:48:03] GET https://cf.nascar.com/cacher/2026/2/final/2-owners-points.json
[2026-05-10T10:48:03] GET https://cf.nascar.com/cacher/2026/2/final/2-manufacturer-points.json
[2026-05-10T10:48:03] wrote /home/jvivona/agents/tidbyt-data/nascar/xfinity/nri.json (next race: BetRivers 200)
[2026-05-10T10:48:03] wrote /home/jvivona/agents/tidbyt-data/nascar/xfinity/drv.json (81 drivers)
[2026-05-10T10:48:03] wrote /home/jvivona/agents/tidbyt-data/nascar/xfinity/ply.json (12 playoff drivers, top 12)
[2026-05-10T10:48:03] wrote /home/jvivona/agents/tidbyt-data/nascar/xfinity/own.json (47 owners)
[2026-05-10T10:48:03] wrote /home/jvivona/agents/tidbyt-data/nascar/xfinity/mfg.json (3 manufacturers)
[2026-05-10T10:48:03] nascar[trucks] fetching schedule + points feeds
[2026-05-10T10:48:03] GET https://cf.nascar.com/cacher/2026/3/schedule-combined-feed.json
[2026-05-10T10:48:04] GET https://cf.nascar.com/cacher/2026/3/final/3-drivers-points.json
[2026-05-10T10:48:04] GET https://cf.nascar.com/cacher/2026/3/final/3-owners-points.json
[2026-05-10T10:48:04] GET https://cf.nascar.com/cacher/2026/3/final/3-manufacturer-points.json
[2026-05-10T10:48:04] wrote /home/jvivona/agents/tidbyt-data/nascar/trucks/nri.json (next race: ECOSAVE 200)
[2026-05-10T10:48:04] wrote /home/jvivona/agents/tidbyt-data/nascar/trucks/drv.json (85 drivers)
[2026-05-10T10:48:04] wrote /home/jvivona/agents/tidbyt-data/nascar/trucks/ply.json (10 playoff drivers, top 10)
[2026-05-10T10:48:04] wrote /home/jvivona/agents/tidbyt-data/nascar/trucks/own.json (47 owners)
[2026-05-10T10:48:04] wrote /home/jvivona/agents/tidbyt-data/nascar/trucks/mfg.json (4 manufacturers)
[2026-05-10T10:48:04] git add --all in /home/jvivona/agents/tidbyt-data
[2026-05-10T10:48:04] git commit -m 'NASCAR Update'
[main 359f6c118] NASCAR Update
 3 files changed, 45 insertions(+)
[2026-05-10T10:48:04] git push origin main
To https://github.com/jvivona/tidbyt-data.git
   651d890f8..359f6c118  main -> main
[2026-05-10T10:48:05] finished nascar
