[2026-05-10T08:48:02] start nascar
[2026-05-10T08:48:02] nascar year=2026
[2026-05-10T08:48:02] nascar[cup] fetching schedule + points feeds
[2026-05-10T08:48:02] GET https://cf.nascar.com/cacher/2026/1/schedule-combined-feed.json
[2026-05-10T08:48:02] GET https://cf.nascar.com/cacher/2026/1/final/1-drivers-points.json
[2026-05-10T08:48:02] GET https://cf.nascar.com/cacher/2026/1/final/1-owners-points.json
[2026-05-10T08:48:02] GET https://cf.nascar.com/cacher/2026/1/final/1-manufacturer-points.json
[2026-05-10T08:48:02] wrote /home/jvivona/agents/tidbyt-data/nascar/cup/nri.json (next race: Go Bowling at The Glen)
[2026-05-10T08:48:02] wrote /home/jvivona/agents/tidbyt-data/nascar/cup/drv.json (51 drivers)
[2026-05-10T08:48:02] wrote /home/jvivona/agents/tidbyt-data/nascar/cup/ply.json (16 playoff drivers, top 16)
[2026-05-10T08:48:02] wrote /home/jvivona/agents/tidbyt-data/nascar/cup/own.json (46 owners)
[2026-05-10T08:48:02] wrote /home/jvivona/agents/tidbyt-data/nascar/cup/mfg.json (3 manufacturers)
[2026-05-10T08:48:02] nascar[xfinity] fetching schedule + points feeds
[2026-05-10T08:48:02] GET https://cf.nascar.com/cacher/2026/2/schedule-combined-feed.json
[2026-05-10T08:48:03] GET https://cf.nascar.com/cacher/2026/2/final/2-drivers-points.json
[2026-05-10T08:48:03] GET https://cf.nascar.com/cacher/2026/2/final/2-owners-points.json
[2026-05-10T08:48:03] GET https://cf.nascar.com/cacher/2026/2/final/2-manufacturer-points.json
[2026-05-10T08:48:03] wrote /home/jvivona/agents/tidbyt-data/nascar/xfinity/nri.json (next race: BetRivers 200)
[2026-05-10T08:48:03] wrote /home/jvivona/agents/tidbyt-data/nascar/xfinity/drv.json (81 drivers)
[2026-05-10T08:48:03] wrote /home/jvivona/agents/tidbyt-data/nascar/xfinity/ply.json (12 playoff drivers, top 12)
[2026-05-10T08:48:03] wrote /home/jvivona/agents/tidbyt-data/nascar/xfinity/own.json (47 owners)
[2026-05-10T08:48:03] wrote /home/jvivona/agents/tidbyt-data/nascar/xfinity/mfg.json (3 manufacturers)
[2026-05-10T08:48:03] nascar[trucks] fetching schedule + points feeds
[2026-05-10T08:48:03] GET https://cf.nascar.com/cacher/2026/3/schedule-combined-feed.json
[2026-05-10T08:48:03] GET https://cf.nascar.com/cacher/2026/3/final/3-drivers-points.json
[2026-05-10T08:48:03] GET https://cf.nascar.com/cacher/2026/3/final/3-owners-points.json
[2026-05-10T08:48:04] GET https://cf.nascar.com/cacher/2026/3/final/3-manufacturer-points.json
[2026-05-10T08:48:04] wrote /home/jvivona/agents/tidbyt-data/nascar/trucks/nri.json (next race: ECOSAVE 200)
[2026-05-10T08:48:04] wrote /home/jvivona/agents/tidbyt-data/nascar/trucks/drv.json (85 drivers)
[2026-05-10T08:48:04] wrote /home/jvivona/agents/tidbyt-data/nascar/trucks/ply.json (10 playoff drivers, top 10)
[2026-05-10T08:48:04] wrote /home/jvivona/agents/tidbyt-data/nascar/trucks/own.json (47 owners)
[2026-05-10T08:48:04] wrote /home/jvivona/agents/tidbyt-data/nascar/trucks/mfg.json (4 manufacturers)
[2026-05-10T08:48:04] git add --all in /home/jvivona/agents/tidbyt-data
[2026-05-10T08:48:04] git commit -m 'NASCAR Update'
[main 901290550] NASCAR Update
 16 files changed, 33 insertions(+), 31339 deletions(-)
 create mode 100644 log/aadailyreflection.log.1.gz
 create mode 100644 log/deploy.log.1.gz
 create mode 100644 log/formula1.log.1.gz
 create mode 100644 log/indycar.log.1.gz
 create mode 100644 log/mayonews.log.1.gz
 create mode 100644 log/nascar.log.1.gz
 create mode 100644 log/nationalday.log.1.gz
 create mode 100644 log/thisdayinhistwikipedia.log.1.gz
[2026-05-10T08:48:04] git push origin main
To https://github.com/jvivona/tidbyt-data.git
   87b51d466..901290550  main -> main
[2026-05-10T08:48:05] finished nascar
[2026-05-10T09:48:02] start nascar
[2026-05-10T09:48:02] nascar year=2026
[2026-05-10T09:48:02] nascar[cup] fetching schedule + points feeds
[2026-05-10T09:48:02] GET https://cf.nascar.com/cacher/2026/1/schedule-combined-feed.json
[2026-05-10T09:48:02] GET https://cf.nascar.com/cacher/2026/1/final/1-drivers-points.json
[2026-05-10T09:48:02] GET https://cf.nascar.com/cacher/2026/1/final/1-owners-points.json
[2026-05-10T09:48:02] GET https://cf.nascar.com/cacher/2026/1/final/1-manufacturer-points.json
[2026-05-10T09:48:02] wrote /home/jvivona/agents/tidbyt-data/nascar/cup/nri.json (next race: Go Bowling at The Glen)
[2026-05-10T09:48:02] wrote /home/jvivona/agents/tidbyt-data/nascar/cup/drv.json (51 drivers)
[2026-05-10T09:48:02] wrote /home/jvivona/agents/tidbyt-data/nascar/cup/ply.json (16 playoff drivers, top 16)
[2026-05-10T09:48:02] wrote /home/jvivona/agents/tidbyt-data/nascar/cup/own.json (46 owners)
[2026-05-10T09:48:02] wrote /home/jvivona/agents/tidbyt-data/nascar/cup/mfg.json (3 manufacturers)
[2026-05-10T09:48:02] nascar[xfinity] fetching schedule + points feeds
[2026-05-10T09:48:02] GET https://cf.nascar.com/cacher/2026/2/schedule-combined-feed.json
[2026-05-10T09:48:03] GET https://cf.nascar.com/cacher/2026/2/final/2-drivers-points.json
[2026-05-10T09:48:03] GET https://cf.nascar.com/cacher/2026/2/final/2-owners-points.json
[2026-05-10T09:48:03] GET https://cf.nascar.com/cacher/2026/2/final/2-manufacturer-points.json
[2026-05-10T09:48:03] wrote /home/jvivona/agents/tidbyt-data/nascar/xfinity/nri.json (next race: BetRivers 200)
[2026-05-10T09:48:03] wrote /home/jvivona/agents/tidbyt-data/nascar/xfinity/drv.json (81 drivers)
[2026-05-10T09:48:03] wrote /home/jvivona/agents/tidbyt-data/nascar/xfinity/ply.json (12 playoff drivers, top 12)
[2026-05-10T09:48:03] wrote /home/jvivona/agents/tidbyt-data/nascar/xfinity/own.json (47 owners)
[2026-05-10T09:48:03] wrote /home/jvivona/agents/tidbyt-data/nascar/xfinity/mfg.json (3 manufacturers)
[2026-05-10T09:48:03] nascar[trucks] fetching schedule + points feeds
[2026-05-10T09:48:03] GET https://cf.nascar.com/cacher/2026/3/schedule-combined-feed.json
[2026-05-10T09:48:03] GET https://cf.nascar.com/cacher/2026/3/final/3-drivers-points.json
[2026-05-10T09:48:04] GET https://cf.nascar.com/cacher/2026/3/final/3-owners-points.json
[2026-05-10T09:48:04] GET https://cf.nascar.com/cacher/2026/3/final/3-manufacturer-points.json
[2026-05-10T09:48:04] wrote /home/jvivona/agents/tidbyt-data/nascar/trucks/nri.json (next race: ECOSAVE 200)
[2026-05-10T09:48:04] wrote /home/jvivona/agents/tidbyt-data/nascar/trucks/drv.json (85 drivers)
[2026-05-10T09:48:04] wrote /home/jvivona/agents/tidbyt-data/nascar/trucks/ply.json (10 playoff drivers, top 10)
[2026-05-10T09:48:04] wrote /home/jvivona/agents/tidbyt-data/nascar/trucks/own.json (47 owners)
[2026-05-10T09:48:04] wrote /home/jvivona/agents/tidbyt-data/nascar/trucks/mfg.json (4 manufacturers)
[2026-05-10T09:48:04] git add --all in /home/jvivona/agents/tidbyt-data
[2026-05-10T09:48:04] git commit -m 'NASCAR Update'
[main 309e84959] NASCAR Update
 3 files changed, 45 insertions(+)
[2026-05-10T09:48:04] git push origin main
To https://github.com/jvivona/tidbyt-data.git
   eb6d6b891..309e84959  main -> main
[2026-05-10T09:48:05] finished nascar
[2026-05-10T10:48:02] start nascar
[2026-05-10T10:48:02] nascar year=2026
[2026-05-10T10:48:02] nascar[cup] fetching schedule + points feeds
[2026-05-10T10:48:02] GET https://cf.nascar.com/cacher/2026/1/schedule-combined-feed.json
[2026-05-10T10:48:02] GET https://cf.nascar.com/cacher/2026/1/final/1-drivers-points.json
[2026-05-10T10:48:02] GET https://cf.nascar.com/cacher/2026/1/final/1-owners-points.json
[2026-05-10T10:48:02] GET https://cf.nascar.com/cacher/2026/1/final/1-manufacturer-points.json
[2026-05-10T10:48:03] wrote /home/jvivona/agents/tidbyt-data/nascar/cup/nri.json (next race: Go Bowling at The Glen)
[2026-05-10T10:48:03] wrote /home/jvivona/agents/tidbyt-data/nascar/cup/drv.json (51 drivers)
[2026-05-10T10:48:03] wrote /home/jvivona/agents/tidbyt-data/nascar/cup/ply.json (16 playoff drivers, top 16)
[2026-05-10T10:48:03] wrote /home/jvivona/agents/tidbyt-data/nascar/cup/own.json (46 owners)
[2026-05-10T10:48:03] wrote /home/jvivona/agents/tidbyt-data/nascar/cup/mfg.json (3 manufacturers)
[2026-05-10T10:48:03] nascar[xfinity] fetching schedule + points feeds
[2026-05-10T10:48:03] GET https://cf.nascar.com/cacher/2026/2/schedule-combined-feed.json
[2026-05-10T10:48:03] GET https://cf.nascar.com/cacher/2026/2/final/2-drivers-points.json
[2026-05-10T10:48:03] GET https://cf.nascar.com/cacher/2026/2/final/2-owners-points.json
[2026-05-10T10:48:03] GET https://cf.nascar.com/cacher/2026/2/final/2-manufacturer-points.json
[2026-05-10T10:48:03] wrote /home/jvivona/agents/tidbyt-data/nascar/xfinity/nri.json (next race: BetRivers 200)
[2026-05-10T10:48:03] wrote /home/jvivona/agents/tidbyt-data/nascar/xfinity/drv.json (81 drivers)
[2026-05-10T10:48:03] wrote /home/jvivona/agents/tidbyt-data/nascar/xfinity/ply.json (12 playoff drivers, top 12)
[2026-05-10T10:48:03] wrote /home/jvivona/agents/tidbyt-data/nascar/xfinity/own.json (47 owners)
[2026-05-10T10:48:03] wrote /home/jvivona/agents/tidbyt-data/nascar/xfinity/mfg.json (3 manufacturers)
[2026-05-10T10:48:03] nascar[trucks] fetching schedule + points feeds
[2026-05-10T10:48:03] GET https://cf.nascar.com/cacher/2026/3/schedule-combined-feed.json
[2026-05-10T10:48:04] GET https://cf.nascar.com/cacher/2026/3/final/3-drivers-points.json
[2026-05-10T10:48:04] GET https://cf.nascar.com/cacher/2026/3/final/3-owners-points.json
[2026-05-10T10:48:04] GET https://cf.nascar.com/cacher/2026/3/final/3-manufacturer-points.json
[2026-05-10T10:48:04] wrote /home/jvivona/agents/tidbyt-data/nascar/trucks/nri.json (next race: ECOSAVE 200)
[2026-05-10T10:48:04] wrote /home/jvivona/agents/tidbyt-data/nascar/trucks/drv.json (85 drivers)
[2026-05-10T10:48:04] wrote /home/jvivona/agents/tidbyt-data/nascar/trucks/ply.json (10 playoff drivers, top 10)
[2026-05-10T10:48:04] wrote /home/jvivona/agents/tidbyt-data/nascar/trucks/own.json (47 owners)
[2026-05-10T10:48:04] wrote /home/jvivona/agents/tidbyt-data/nascar/trucks/mfg.json (4 manufacturers)
[2026-05-10T10:48:04] git add --all in /home/jvivona/agents/tidbyt-data
[2026-05-10T10:48:04] git commit -m 'NASCAR Update'
[main 359f6c118] NASCAR Update
 3 files changed, 45 insertions(+)
[2026-05-10T10:48:04] git push origin main
To https://github.com/jvivona/tidbyt-data.git
   651d890f8..359f6c118  main -> main
[2026-05-10T10:48:05] finished nascar
[2026-05-10T11:48:02] start nascar
[2026-05-10T11:48:02] nascar year=2026
[2026-05-10T11:48:02] nascar[cup] fetching schedule + points feeds
[2026-05-10T11:48:02] GET https://cf.nascar.com/cacher/2026/1/schedule-combined-feed.json
[2026-05-10T11:48:02] GET https://cf.nascar.com/cacher/2026/1/final/1-drivers-points.json
[2026-05-10T11:48:02] GET https://cf.nascar.com/cacher/2026/1/final/1-owners-points.json
[2026-05-10T11:48:02] GET https://cf.nascar.com/cacher/2026/1/final/1-manufacturer-points.json
[2026-05-10T11:48:03] wrote /home/jvivona/agents/tidbyt-data/nascar/cup/nri.json (next race: NASCAR All-Star Race)
[2026-05-10T11:48:03] wrote /home/jvivona/agents/tidbyt-data/nascar/cup/drv.json (51 drivers)
[2026-05-10T11:48:03] wrote /home/jvivona/agents/tidbyt-data/nascar/cup/ply.json (16 playoff drivers, top 16)
[2026-05-10T11:48:03] wrote /home/jvivona/agents/tidbyt-data/nascar/cup/own.json (46 owners)
[2026-05-10T11:48:03] wrote /home/jvivona/agents/tidbyt-data/nascar/cup/mfg.json (3 manufacturers)
[2026-05-10T11:48:03] nascar[xfinity] fetching schedule + points feeds
[2026-05-10T11:48:03] GET https://cf.nascar.com/cacher/2026/2/schedule-combined-feed.json
[2026-05-10T11:48:03] GET https://cf.nascar.com/cacher/2026/2/final/2-drivers-points.json
[2026-05-10T11:48:03] GET https://cf.nascar.com/cacher/2026/2/final/2-owners-points.json
[2026-05-10T11:48:03] GET https://cf.nascar.com/cacher/2026/2/final/2-manufacturer-points.json
[2026-05-10T11:48:03] wrote /home/jvivona/agents/tidbyt-data/nascar/xfinity/nri.json (next race: BetRivers 200)
[2026-05-10T11:48:03] wrote /home/jvivona/agents/tidbyt-data/nascar/xfinity/drv.json (81 drivers)
[2026-05-10T11:48:03] wrote /home/jvivona/agents/tidbyt-data/nascar/xfinity/ply.json (12 playoff drivers, top 12)
[2026-05-10T11:48:03] wrote /home/jvivona/agents/tidbyt-data/nascar/xfinity/own.json (47 owners)
[2026-05-10T11:48:03] wrote /home/jvivona/agents/tidbyt-data/nascar/xfinity/mfg.json (3 manufacturers)
[2026-05-10T11:48:03] nascar[trucks] fetching schedule + points feeds
[2026-05-10T11:48:03] GET https://cf.nascar.com/cacher/2026/3/schedule-combined-feed.json
[2026-05-10T11:48:03] GET https://cf.nascar.com/cacher/2026/3/final/3-drivers-points.json
[2026-05-10T11:48:04] GET https://cf.nascar.com/cacher/2026/3/final/3-owners-points.json
[2026-05-10T11:48:04] GET https://cf.nascar.com/cacher/2026/3/final/3-manufacturer-points.json
[2026-05-10T11:48:04] wrote /home/jvivona/agents/tidbyt-data/nascar/trucks/nri.json (next race: ECOSAVE 200)
[2026-05-10T11:48:04] wrote /home/jvivona/agents/tidbyt-data/nascar/trucks/drv.json (85 drivers)
[2026-05-10T11:48:04] wrote /home/jvivona/agents/tidbyt-data/nascar/trucks/ply.json (10 playoff drivers, top 10)
[2026-05-10T11:48:04] wrote /home/jvivona/agents/tidbyt-data/nascar/trucks/own.json (47 owners)
[2026-05-10T11:48:04] wrote /home/jvivona/agents/tidbyt-data/nascar/trucks/mfg.json (4 manufacturers)
[2026-05-10T11:48:04] git add --all in /home/jvivona/agents/tidbyt-data
[2026-05-10T11:48:04] git commit -m 'NASCAR Update'
[main 3c9b66ac4] NASCAR Update
 4 files changed, 46 insertions(+), 1 deletion(-)
[2026-05-10T11:48:04] git push origin main
To https://github.com/jvivona/tidbyt-data.git
   2588254d2..3c9b66ac4  main -> main
[2026-05-10T11:48:05] finished nascar
[2026-05-10T12:48:02] start nascar
[2026-05-10T12:48:02] nascar year=2026
[2026-05-10T12:48:02] nascar[cup] fetching schedule + points feeds
[2026-05-10T12:48:02] GET https://cf.nascar.com/cacher/2026/1/schedule-combined-feed.json
[2026-05-10T12:48:02] GET https://cf.nascar.com/cacher/2026/1/final/1-drivers-points.json
[2026-05-10T12:48:02] GET https://cf.nascar.com/cacher/2026/1/final/1-owners-points.json
[2026-05-10T12:48:02] GET https://cf.nascar.com/cacher/2026/1/final/1-manufacturer-points.json
[2026-05-10T12:48:03] wrote /home/jvivona/agents/tidbyt-data/nascar/cup/nri.json (next race: NASCAR All-Star Race)
[2026-05-10T12:48:03] wrote /home/jvivona/agents/tidbyt-data/nascar/cup/drv.json (51 drivers)
[2026-05-10T12:48:03] wrote /home/jvivona/agents/tidbyt-data/nascar/cup/ply.json (16 playoff drivers, top 16)
[2026-05-10T12:48:03] wrote /home/jvivona/agents/tidbyt-data/nascar/cup/own.json (46 owners)
[2026-05-10T12:48:03] wrote /home/jvivona/agents/tidbyt-data/nascar/cup/mfg.json (3 manufacturers)
[2026-05-10T12:48:03] nascar[xfinity] fetching schedule + points feeds
[2026-05-10T12:48:03] GET https://cf.nascar.com/cacher/2026/2/schedule-combined-feed.json
[2026-05-10T12:48:03] GET https://cf.nascar.com/cacher/2026/2/final/2-drivers-points.json
[2026-05-10T12:48:03] GET https://cf.nascar.com/cacher/2026/2/final/2-owners-points.json
[2026-05-10T12:48:03] GET https://cf.nascar.com/cacher/2026/2/final/2-manufacturer-points.json
[2026-05-10T12:48:03] wrote /home/jvivona/agents/tidbyt-data/nascar/xfinity/nri.json (next race: BetRivers 200)
[2026-05-10T12:48:03] wrote /home/jvivona/agents/tidbyt-data/nascar/xfinity/drv.json (81 drivers)
[2026-05-10T12:48:03] wrote /home/jvivona/agents/tidbyt-data/nascar/xfinity/ply.json (12 playoff drivers, top 12)
[2026-05-10T12:48:03] wrote /home/jvivona/agents/tidbyt-data/nascar/xfinity/own.json (47 owners)
[2026-05-10T12:48:03] wrote /home/jvivona/agents/tidbyt-data/nascar/xfinity/mfg.json (3 manufacturers)
[2026-05-10T12:48:03] nascar[trucks] fetching schedule + points feeds
[2026-05-10T12:48:03] GET https://cf.nascar.com/cacher/2026/3/schedule-combined-feed.json
[2026-05-10T12:48:03] GET https://cf.nascar.com/cacher/2026/3/final/3-drivers-points.json
[2026-05-10T12:48:04] GET https://cf.nascar.com/cacher/2026/3/final/3-owners-points.json
[2026-05-10T12:48:04] GET https://cf.nascar.com/cacher/2026/3/final/3-manufacturer-points.json
[2026-05-10T12:48:04] wrote /home/jvivona/agents/tidbyt-data/nascar/trucks/nri.json (next race: ECOSAVE 200)
[2026-05-10T12:48:04] wrote /home/jvivona/agents/tidbyt-data/nascar/trucks/drv.json (85 drivers)
[2026-05-10T12:48:04] wrote /home/jvivona/agents/tidbyt-data/nascar/trucks/ply.json (10 playoff drivers, top 10)
[2026-05-10T12:48:04] wrote /home/jvivona/agents/tidbyt-data/nascar/trucks/own.json (47 owners)
[2026-05-10T12:48:04] wrote /home/jvivona/agents/tidbyt-data/nascar/trucks/mfg.json (4 manufacturers)
[2026-05-10T12:48:04] git add --all in /home/jvivona/agents/tidbyt-data
[2026-05-10T12:48:04] git commit -m 'NASCAR Update'
[main b46eefe25] NASCAR Update
 3 files changed, 45 insertions(+)
[2026-05-10T12:48:04] git push origin main
To https://github.com/jvivona/tidbyt-data.git
   c1ea3e2a2..b46eefe25  main -> main
[2026-05-10T12:48:05] finished nascar
[2026-05-10T13:48:02] start nascar
[2026-05-10T13:48:02] nascar year=2026
[2026-05-10T13:48:02] nascar[cup] fetching schedule + points feeds
[2026-05-10T13:48:02] GET https://cf.nascar.com/cacher/2026/1/schedule-combined-feed.json
[2026-05-10T13:48:02] GET https://cf.nascar.com/cacher/2026/1/final/1-drivers-points.json
[2026-05-10T13:48:02] GET https://cf.nascar.com/cacher/2026/1/final/1-owners-points.json
[2026-05-10T13:48:02] GET https://cf.nascar.com/cacher/2026/1/final/1-manufacturer-points.json
[2026-05-10T13:48:02] wrote /home/jvivona/agents/tidbyt-data/nascar/cup/nri.json (next race: NASCAR All-Star Race)
[2026-05-10T13:48:02] wrote /home/jvivona/agents/tidbyt-data/nascar/cup/drv.json (51 drivers)
[2026-05-10T13:48:02] wrote /home/jvivona/agents/tidbyt-data/nascar/cup/ply.json (16 playoff drivers, top 16)
[2026-05-10T13:48:02] wrote /home/jvivona/agents/tidbyt-data/nascar/cup/own.json (46 owners)
[2026-05-10T13:48:02] wrote /home/jvivona/agents/tidbyt-data/nascar/cup/mfg.json (3 manufacturers)
[2026-05-10T13:48:02] nascar[xfinity] fetching schedule + points feeds
[2026-05-10T13:48:02] GET https://cf.nascar.com/cacher/2026/2/schedule-combined-feed.json
[2026-05-10T13:48:03] GET https://cf.nascar.com/cacher/2026/2/final/2-drivers-points.json
[2026-05-10T13:48:03] GET https://cf.nascar.com/cacher/2026/2/final/2-owners-points.json
[2026-05-10T13:48:03] GET https://cf.nascar.com/cacher/2026/2/final/2-manufacturer-points.json
[2026-05-10T13:48:03] wrote /home/jvivona/agents/tidbyt-data/nascar/xfinity/nri.json (next race: BetRivers 200)
[2026-05-10T13:48:03] wrote /home/jvivona/agents/tidbyt-data/nascar/xfinity/drv.json (81 drivers)
[2026-05-10T13:48:03] wrote /home/jvivona/agents/tidbyt-data/nascar/xfinity/ply.json (12 playoff drivers, top 12)
[2026-05-10T13:48:03] wrote /home/jvivona/agents/tidbyt-data/nascar/xfinity/own.json (47 owners)
[2026-05-10T13:48:03] wrote /home/jvivona/agents/tidbyt-data/nascar/xfinity/mfg.json (3 manufacturers)
[2026-05-10T13:48:03] nascar[trucks] fetching schedule + points feeds
[2026-05-10T13:48:03] GET https://cf.nascar.com/cacher/2026/3/schedule-combined-feed.json
[2026-05-10T13:48:03] GET https://cf.nascar.com/cacher/2026/3/final/3-drivers-points.json
[2026-05-10T13:48:04] GET https://cf.nascar.com/cacher/2026/3/final/3-owners-points.json
[2026-05-10T13:48:04] GET https://cf.nascar.com/cacher/2026/3/final/3-manufacturer-points.json
[2026-05-10T13:48:04] wrote /home/jvivona/agents/tidbyt-data/nascar/trucks/nri.json (next race: ECOSAVE 200)
[2026-05-10T13:48:04] wrote /home/jvivona/agents/tidbyt-data/nascar/trucks/drv.json (85 drivers)
[2026-05-10T13:48:04] wrote /home/jvivona/agents/tidbyt-data/nascar/trucks/ply.json (10 playoff drivers, top 10)
[2026-05-10T13:48:04] wrote /home/jvivona/agents/tidbyt-data/nascar/trucks/own.json (47 owners)
[2026-05-10T13:48:04] wrote /home/jvivona/agents/tidbyt-data/nascar/trucks/mfg.json (4 manufacturers)
[2026-05-10T13:48:04] git add --all in /home/jvivona/agents/tidbyt-data
[2026-05-10T13:48:04] git commit -m 'NASCAR Update'
[main 23749da33] NASCAR Update
 3 files changed, 45 insertions(+)
[2026-05-10T13:48:04] git push origin main
To https://github.com/jvivona/tidbyt-data.git
   29ee6e351..23749da33  main -> main
[2026-05-10T13:48:05] finished nascar
[2026-05-10T14:48:02] start nascar
[2026-05-10T14:48:02] nascar year=2026
[2026-05-10T14:48:02] nascar[cup] fetching schedule + points feeds
[2026-05-10T14:48:02] GET https://cf.nascar.com/cacher/2026/1/schedule-combined-feed.json
[2026-05-10T14:48:02] GET https://cf.nascar.com/cacher/2026/1/final/1-drivers-points.json
[2026-05-10T14:48:02] GET https://cf.nascar.com/cacher/2026/1/final/1-owners-points.json
[2026-05-10T14:48:02] GET https://cf.nascar.com/cacher/2026/1/final/1-manufacturer-points.json
[2026-05-10T14:48:02] wrote /home/jvivona/agents/tidbyt-data/nascar/cup/nri.json (next race: NASCAR All-Star Race)
[2026-05-10T14:48:02] wrote /home/jvivona/agents/tidbyt-data/nascar/cup/drv.json (51 drivers)
[2026-05-10T14:48:02] wrote /home/jvivona/agents/tidbyt-data/nascar/cup/ply.json (16 playoff drivers, top 16)
[2026-05-10T14:48:02] wrote /home/jvivona/agents/tidbyt-data/nascar/cup/own.json (46 owners)
[2026-05-10T14:48:02] wrote /home/jvivona/agents/tidbyt-data/nascar/cup/mfg.json (3 manufacturers)
[2026-05-10T14:48:02] nascar[xfinity] fetching schedule + points feeds
[2026-05-10T14:48:02] GET https://cf.nascar.com/cacher/2026/2/schedule-combined-feed.json
[2026-05-10T14:48:03] GET https://cf.nascar.com/cacher/2026/2/final/2-drivers-points.json
[2026-05-10T14:48:03] GET https://cf.nascar.com/cacher/2026/2/final/2-owners-points.json
[2026-05-10T14:48:03] GET https://cf.nascar.com/cacher/2026/2/final/2-manufacturer-points.json
[2026-05-10T14:48:03] wrote /home/jvivona/agents/tidbyt-data/nascar/xfinity/nri.json (next race: BetRivers 200)
[2026-05-10T14:48:03] wrote /home/jvivona/agents/tidbyt-data/nascar/xfinity/drv.json (81 drivers)
[2026-05-10T14:48:03] wrote /home/jvivona/agents/tidbyt-data/nascar/xfinity/ply.json (12 playoff drivers, top 12)
[2026-05-10T14:48:03] wrote /home/jvivona/agents/tidbyt-data/nascar/xfinity/own.json (47 owners)
[2026-05-10T14:48:03] wrote /home/jvivona/agents/tidbyt-data/nascar/xfinity/mfg.json (3 manufacturers)
[2026-05-10T14:48:03] nascar[trucks] fetching schedule + points feeds
[2026-05-10T14:48:03] GET https://cf.nascar.com/cacher/2026/3/schedule-combined-feed.json
[2026-05-10T14:48:03] GET https://cf.nascar.com/cacher/2026/3/final/3-drivers-points.json
[2026-05-10T14:48:04] GET https://cf.nascar.com/cacher/2026/3/final/3-owners-points.json
[2026-05-10T14:48:04] GET https://cf.nascar.com/cacher/2026/3/final/3-manufacturer-points.json
[2026-05-10T14:48:04] wrote /home/jvivona/agents/tidbyt-data/nascar/trucks/nri.json (next race: ECOSAVE 200)
[2026-05-10T14:48:04] wrote /home/jvivona/agents/tidbyt-data/nascar/trucks/drv.json (85 drivers)
[2026-05-10T14:48:04] wrote /home/jvivona/agents/tidbyt-data/nascar/trucks/ply.json (10 playoff drivers, top 10)
[2026-05-10T14:48:04] wrote /home/jvivona/agents/tidbyt-data/nascar/trucks/own.json (47 owners)
[2026-05-10T14:48:04] wrote /home/jvivona/agents/tidbyt-data/nascar/trucks/mfg.json (4 manufacturers)
[2026-05-10T14:48:04] git add --all in /home/jvivona/agents/tidbyt-data
[2026-05-10T14:48:04] git commit -m 'NASCAR Update'
[main 212eac5d1] NASCAR Update
 3 files changed, 45 insertions(+)
[2026-05-10T14:48:04] git push origin main
To https://github.com/jvivona/tidbyt-data.git
   196c78254..212eac5d1  main -> main
[2026-05-10T14:48:05] finished nascar
[2026-05-10T15:48:01] start nascar
[2026-05-10T15:48:01] nascar year=2026
[2026-05-10T15:48:01] nascar[cup] fetching schedule + points feeds
[2026-05-10T15:48:01] GET https://cf.nascar.com/cacher/2026/1/schedule-combined-feed.json
[2026-05-10T15:48:01] GET https://cf.nascar.com/cacher/2026/1/final/1-drivers-points.json
[2026-05-10T15:48:02] GET https://cf.nascar.com/cacher/2026/1/final/1-owners-points.json
[2026-05-10T15:48:02] GET https://cf.nascar.com/cacher/2026/1/final/1-manufacturer-points.json
[2026-05-10T15:48:02] wrote /home/jvivona/agents/tidbyt-data/nascar/cup/nri.json (next race: NASCAR All-Star Race)
[2026-05-10T15:48:02] wrote /home/jvivona/agents/tidbyt-data/nascar/cup/drv.json (51 drivers)
[2026-05-10T15:48:02] wrote /home/jvivona/agents/tidbyt-data/nascar/cup/ply.json (16 playoff drivers, top 16)
[2026-05-10T15:48:02] wrote /home/jvivona/agents/tidbyt-data/nascar/cup/own.json (46 owners)
[2026-05-10T15:48:02] wrote /home/jvivona/agents/tidbyt-data/nascar/cup/mfg.json (3 manufacturers)
[2026-05-10T15:48:02] nascar[xfinity] fetching schedule + points feeds
[2026-05-10T15:48:02] GET https://cf.nascar.com/cacher/2026/2/schedule-combined-feed.json
[2026-05-10T15:48:02] GET https://cf.nascar.com/cacher/2026/2/final/2-drivers-points.json
[2026-05-10T15:48:02] GET https://cf.nascar.com/cacher/2026/2/final/2-owners-points.json
[2026-05-10T15:48:02] GET https://cf.nascar.com/cacher/2026/2/final/2-manufacturer-points.json
[2026-05-10T15:48:02] wrote /home/jvivona/agents/tidbyt-data/nascar/xfinity/nri.json (next race: BetRivers 200)
[2026-05-10T15:48:02] wrote /home/jvivona/agents/tidbyt-data/nascar/xfinity/drv.json (81 drivers)
[2026-05-10T15:48:02] wrote /home/jvivona/agents/tidbyt-data/nascar/xfinity/ply.json (12 playoff drivers, top 12)
[2026-05-10T15:48:03] wrote /home/jvivona/agents/tidbyt-data/nascar/xfinity/own.json (47 owners)
[2026-05-10T15:48:03] wrote /home/jvivona/agents/tidbyt-data/nascar/xfinity/mfg.json (3 manufacturers)
[2026-05-10T15:48:03] nascar[trucks] fetching schedule + points feeds
[2026-05-10T15:48:03] GET https://cf.nascar.com/cacher/2026/3/schedule-combined-feed.json
[2026-05-10T15:48:03] GET https://cf.nascar.com/cacher/2026/3/final/3-drivers-points.json
[2026-05-10T15:48:03] GET https://cf.nascar.com/cacher/2026/3/final/3-owners-points.json
[2026-05-10T15:48:03] GET https://cf.nascar.com/cacher/2026/3/final/3-manufacturer-points.json
[2026-05-10T15:48:03] wrote /home/jvivona/agents/tidbyt-data/nascar/trucks/nri.json (next race: ECOSAVE 200)
[2026-05-10T15:48:03] wrote /home/jvivona/agents/tidbyt-data/nascar/trucks/drv.json (85 drivers)
[2026-05-10T15:48:03] wrote /home/jvivona/agents/tidbyt-data/nascar/trucks/ply.json (10 playoff drivers, top 10)
[2026-05-10T15:48:03] wrote /home/jvivona/agents/tidbyt-data/nascar/trucks/own.json (47 owners)
[2026-05-10T15:48:03] wrote /home/jvivona/agents/tidbyt-data/nascar/trucks/mfg.json (4 manufacturers)
[2026-05-10T15:48:03] git add --all in /home/jvivona/agents/tidbyt-data
[2026-05-10T15:48:03] git commit -m 'NASCAR Update'
[main ce78a10b8] NASCAR Update
 3 files changed, 45 insertions(+)
[2026-05-10T15:48:03] git push origin main
To https://github.com/jvivona/tidbyt-data.git
   6a5dc96f4..ce78a10b8  main -> main
[2026-05-10T15:48:04] finished nascar
[2026-05-10T16:48:01] start nascar
[2026-05-10T16:48:01] nascar year=2026
[2026-05-10T16:48:01] nascar[cup] fetching schedule + points feeds
[2026-05-10T16:48:01] GET https://cf.nascar.com/cacher/2026/1/schedule-combined-feed.json
[2026-05-10T16:48:02] GET https://cf.nascar.com/cacher/2026/1/final/1-drivers-points.json
[2026-05-10T16:48:02] GET https://cf.nascar.com/cacher/2026/1/final/1-owners-points.json
[2026-05-10T16:48:02] GET https://cf.nascar.com/cacher/2026/1/final/1-manufacturer-points.json
[2026-05-10T16:48:02] wrote /home/jvivona/agents/tidbyt-data/nascar/cup/nri.json (next race: NASCAR All-Star Race)
[2026-05-10T16:48:02] wrote /home/jvivona/agents/tidbyt-data/nascar/cup/drv.json (51 drivers)
[2026-05-10T16:48:02] wrote /home/jvivona/agents/tidbyt-data/nascar/cup/ply.json (16 playoff drivers, top 16)
[2026-05-10T16:48:02] wrote /home/jvivona/agents/tidbyt-data/nascar/cup/own.json (46 owners)
[2026-05-10T16:48:02] wrote /home/jvivona/agents/tidbyt-data/nascar/cup/mfg.json (3 manufacturers)
[2026-05-10T16:48:02] nascar[xfinity] fetching schedule + points feeds
[2026-05-10T16:48:02] GET https://cf.nascar.com/cacher/2026/2/schedule-combined-feed.json
[2026-05-10T16:48:02] GET https://cf.nascar.com/cacher/2026/2/final/2-drivers-points.json
[2026-05-10T16:48:03] GET https://cf.nascar.com/cacher/2026/2/final/2-owners-points.json
[2026-05-10T16:48:03] GET https://cf.nascar.com/cacher/2026/2/final/2-manufacturer-points.json
[2026-05-10T16:48:03] wrote /home/jvivona/agents/tidbyt-data/nascar/xfinity/nri.json (next race: BetRivers 200)
[2026-05-10T16:48:03] wrote /home/jvivona/agents/tidbyt-data/nascar/xfinity/drv.json (81 drivers)
[2026-05-10T16:48:03] wrote /home/jvivona/agents/tidbyt-data/nascar/xfinity/ply.json (12 playoff drivers, top 12)
[2026-05-10T16:48:03] wrote /home/jvivona/agents/tidbyt-data/nascar/xfinity/own.json (47 owners)
[2026-05-10T16:48:03] wrote /home/jvivona/agents/tidbyt-data/nascar/xfinity/mfg.json (3 manufacturers)
[2026-05-10T16:48:03] nascar[trucks] fetching schedule + points feeds
[2026-05-10T16:48:03] GET https://cf.nascar.com/cacher/2026/3/schedule-combined-feed.json
[2026-05-10T16:48:03] GET https://cf.nascar.com/cacher/2026/3/final/3-drivers-points.json
[2026-05-10T16:48:03] GET https://cf.nascar.com/cacher/2026/3/final/3-owners-points.json
[2026-05-10T16:48:03] GET https://cf.nascar.com/cacher/2026/3/final/3-manufacturer-points.json
[2026-05-10T16:48:03] wrote /home/jvivona/agents/tidbyt-data/nascar/trucks/nri.json (next race: ECOSAVE 200)
[2026-05-10T16:48:03] wrote /home/jvivona/agents/tidbyt-data/nascar/trucks/drv.json (85 drivers)
[2026-05-10T16:48:03] wrote /home/jvivona/agents/tidbyt-data/nascar/trucks/ply.json (10 playoff drivers, top 10)
[2026-05-10T16:48:03] wrote /home/jvivona/agents/tidbyt-data/nascar/trucks/own.json (47 owners)
[2026-05-10T16:48:03] wrote /home/jvivona/agents/tidbyt-data/nascar/trucks/mfg.json (4 manufacturers)
[2026-05-10T16:48:03] git add --all in /home/jvivona/agents/tidbyt-data
[2026-05-10T16:48:04] git commit -m 'NASCAR Update'
[main 77b1d6739] NASCAR Update
 3 files changed, 45 insertions(+)
[2026-05-10T16:48:04] git push origin main
To https://github.com/jvivona/tidbyt-data.git
   3837bc3bd..77b1d6739  main -> main
[2026-05-10T16:48:05] finished nascar
[2026-05-10T17:48:02] start nascar
[2026-05-10T17:48:02] nascar year=2026
[2026-05-10T17:48:02] nascar[cup] fetching schedule + points feeds
[2026-05-10T17:48:02] GET https://cf.nascar.com/cacher/2026/1/schedule-combined-feed.json
[2026-05-10T17:48:02] GET https://cf.nascar.com/cacher/2026/1/final/1-drivers-points.json
[2026-05-10T17:48:02] GET https://cf.nascar.com/cacher/2026/1/final/1-owners-points.json
[2026-05-10T17:48:02] GET https://cf.nascar.com/cacher/2026/1/final/1-manufacturer-points.json
[2026-05-10T17:48:02] wrote /home/jvivona/agents/tidbyt-data/nascar/cup/nri.json (next race: NASCAR All-Star Race)
[2026-05-10T17:48:02] wrote /home/jvivona/agents/tidbyt-data/nascar/cup/drv.json (51 drivers)
[2026-05-10T17:48:02] wrote /home/jvivona/agents/tidbyt-data/nascar/cup/ply.json (16 playoff drivers, top 16)
[2026-05-10T17:48:02] wrote /home/jvivona/agents/tidbyt-data/nascar/cup/own.json (46 owners)
[2026-05-10T17:48:02] wrote /home/jvivona/agents/tidbyt-data/nascar/cup/mfg.json (3 manufacturers)
[2026-05-10T17:48:02] nascar[xfinity] fetching schedule + points feeds
[2026-05-10T17:48:02] GET https://cf.nascar.com/cacher/2026/2/schedule-combined-feed.json
[2026-05-10T17:48:02] GET https://cf.nascar.com/cacher/2026/2/final/2-drivers-points.json
[2026-05-10T17:48:03] GET https://cf.nascar.com/cacher/2026/2/final/2-owners-points.json
[2026-05-10T17:48:03] GET https://cf.nascar.com/cacher/2026/2/final/2-manufacturer-points.json
[2026-05-10T17:48:03] wrote /home/jvivona/agents/tidbyt-data/nascar/xfinity/nri.json (next race: BetRivers 200)
[2026-05-10T17:48:03] wrote /home/jvivona/agents/tidbyt-data/nascar/xfinity/drv.json (81 drivers)
[2026-05-10T17:48:03] wrote /home/jvivona/agents/tidbyt-data/nascar/xfinity/ply.json (12 playoff drivers, top 12)
[2026-05-10T17:48:03] wrote /home/jvivona/agents/tidbyt-data/nascar/xfinity/own.json (47 owners)
[2026-05-10T17:48:03] wrote /home/jvivona/agents/tidbyt-data/nascar/xfinity/mfg.json (3 manufacturers)
[2026-05-10T17:48:03] nascar[trucks] fetching schedule + points feeds
[2026-05-10T17:48:03] GET https://cf.nascar.com/cacher/2026/3/schedule-combined-feed.json
[2026-05-10T17:48:03] GET https://cf.nascar.com/cacher/2026/3/final/3-drivers-points.json
[2026-05-10T17:48:03] GET https://cf.nascar.com/cacher/2026/3/final/3-owners-points.json
[2026-05-10T17:48:03] GET https://cf.nascar.com/cacher/2026/3/final/3-manufacturer-points.json
[2026-05-10T17:48:04] wrote /home/jvivona/agents/tidbyt-data/nascar/trucks/nri.json (next race: ECOSAVE 200)
[2026-05-10T17:48:04] wrote /home/jvivona/agents/tidbyt-data/nascar/trucks/drv.json (85 drivers)
[2026-05-10T17:48:04] wrote /home/jvivona/agents/tidbyt-data/nascar/trucks/ply.json (10 playoff drivers, top 10)
[2026-05-10T17:48:04] wrote /home/jvivona/agents/tidbyt-data/nascar/trucks/own.json (47 owners)
[2026-05-10T17:48:04] wrote /home/jvivona/agents/tidbyt-data/nascar/trucks/mfg.json (4 manufacturers)
[2026-05-10T17:48:04] git add --all in /home/jvivona/agents/tidbyt-data
[2026-05-10T17:48:04] git commit -m 'NASCAR Update'
[main d7b657228] NASCAR Update
 3 files changed, 45 insertions(+)
[2026-05-10T17:48:04] git push origin main
To https://github.com/jvivona/tidbyt-data.git
   b29ad4fc6..d7b657228  main -> main
[2026-05-10T17:48:05] finished nascar
[2026-05-10T18:48:01] start nascar
[2026-05-10T18:48:01] nascar year=2026
[2026-05-10T18:48:01] nascar[cup] fetching schedule + points feeds
[2026-05-10T18:48:01] GET https://cf.nascar.com/cacher/2026/1/schedule-combined-feed.json
[2026-05-10T18:48:02] GET https://cf.nascar.com/cacher/2026/1/final/1-drivers-points.json
[2026-05-10T18:48:02] GET https://cf.nascar.com/cacher/2026/1/final/1-owners-points.json
[2026-05-10T18:48:02] GET https://cf.nascar.com/cacher/2026/1/final/1-manufacturer-points.json
[2026-05-10T18:48:02] wrote /home/jvivona/agents/tidbyt-data/nascar/cup/nri.json (next race: NASCAR All-Star Race)
[2026-05-10T18:48:02] wrote /home/jvivona/agents/tidbyt-data/nascar/cup/drv.json (51 drivers)
[2026-05-10T18:48:02] wrote /home/jvivona/agents/tidbyt-data/nascar/cup/ply.json (16 playoff drivers, top 16)
[2026-05-10T18:48:02] wrote /home/jvivona/agents/tidbyt-data/nascar/cup/own.json (46 owners)
[2026-05-10T18:48:02] wrote /home/jvivona/agents/tidbyt-data/nascar/cup/mfg.json (3 manufacturers)
[2026-05-10T18:48:02] nascar[xfinity] fetching schedule + points feeds
[2026-05-10T18:48:02] GET https://cf.nascar.com/cacher/2026/2/schedule-combined-feed.json
[2026-05-10T18:48:02] GET https://cf.nascar.com/cacher/2026/2/final/2-drivers-points.json
[2026-05-10T18:48:02] GET https://cf.nascar.com/cacher/2026/2/final/2-owners-points.json
[2026-05-10T18:48:03] GET https://cf.nascar.com/cacher/2026/2/final/2-manufacturer-points.json
[2026-05-10T18:48:03] wrote /home/jvivona/agents/tidbyt-data/nascar/xfinity/nri.json (next race: BetRivers 200)
[2026-05-10T18:48:03] wrote /home/jvivona/agents/tidbyt-data/nascar/xfinity/drv.json (81 drivers)
[2026-05-10T18:48:03] wrote /home/jvivona/agents/tidbyt-data/nascar/xfinity/ply.json (12 playoff drivers, top 12)
[2026-05-10T18:48:03] wrote /home/jvivona/agents/tidbyt-data/nascar/xfinity/own.json (47 owners)
[2026-05-10T18:48:03] wrote /home/jvivona/agents/tidbyt-data/nascar/xfinity/mfg.json (3 manufacturers)
[2026-05-10T18:48:03] nascar[trucks] fetching schedule + points feeds
[2026-05-10T18:48:03] GET https://cf.nascar.com/cacher/2026/3/schedule-combined-feed.json
[2026-05-10T18:48:03] GET https://cf.nascar.com/cacher/2026/3/final/3-drivers-points.json
[2026-05-10T18:48:03] GET https://cf.nascar.com/cacher/2026/3/final/3-owners-points.json
[2026-05-10T18:48:03] GET https://cf.nascar.com/cacher/2026/3/final/3-manufacturer-points.json
[2026-05-10T18:48:03] wrote /home/jvivona/agents/tidbyt-data/nascar/trucks/nri.json (next race: ECOSAVE 200)
[2026-05-10T18:48:03] wrote /home/jvivona/agents/tidbyt-data/nascar/trucks/drv.json (85 drivers)
[2026-05-10T18:48:03] wrote /home/jvivona/agents/tidbyt-data/nascar/trucks/ply.json (10 playoff drivers, top 10)
[2026-05-10T18:48:03] wrote /home/jvivona/agents/tidbyt-data/nascar/trucks/own.json (47 owners)
[2026-05-10T18:48:03] wrote /home/jvivona/agents/tidbyt-data/nascar/trucks/mfg.json (4 manufacturers)
[2026-05-10T18:48:03] git add --all in /home/jvivona/agents/tidbyt-data
[2026-05-10T18:48:03] git commit -m 'NASCAR Update'
[main 05d736f6e] NASCAR Update
 3 files changed, 45 insertions(+)
[2026-05-10T18:48:03] git push origin main
To https://github.com/jvivona/tidbyt-data.git
   a611a1c5f..05d736f6e  main -> main
[2026-05-10T18:48:05] finished nascar
[2026-05-10T19:48:01] start nascar
[2026-05-10T19:48:01] nascar year=2026
[2026-05-10T19:48:01] nascar[cup] fetching schedule + points feeds
[2026-05-10T19:48:01] GET https://cf.nascar.com/cacher/2026/1/schedule-combined-feed.json
[2026-05-10T19:48:01] GET https://cf.nascar.com/cacher/2026/1/final/1-drivers-points.json
[2026-05-10T19:48:02] GET https://cf.nascar.com/cacher/2026/1/final/1-owners-points.json
[2026-05-10T19:48:02] GET https://cf.nascar.com/cacher/2026/1/final/1-manufacturer-points.json
[2026-05-10T19:48:02] wrote /home/jvivona/agents/tidbyt-data/nascar/cup/nri.json (next race: NASCAR All-Star Race)
[2026-05-10T19:48:02] wrote /home/jvivona/agents/tidbyt-data/nascar/cup/drv.json (51 drivers)
[2026-05-10T19:48:02] wrote /home/jvivona/agents/tidbyt-data/nascar/cup/ply.json (16 playoff drivers, top 16)
[2026-05-10T19:48:02] wrote /home/jvivona/agents/tidbyt-data/nascar/cup/own.json (46 owners)
[2026-05-10T19:48:02] wrote /home/jvivona/agents/tidbyt-data/nascar/cup/mfg.json (3 manufacturers)
[2026-05-10T19:48:02] nascar[xfinity] fetching schedule + points feeds
[2026-05-10T19:48:02] GET https://cf.nascar.com/cacher/2026/2/schedule-combined-feed.json
[2026-05-10T19:48:02] GET https://cf.nascar.com/cacher/2026/2/final/2-drivers-points.json
[2026-05-10T19:48:03] GET https://cf.nascar.com/cacher/2026/2/final/2-owners-points.json
[2026-05-10T19:48:03] GET https://cf.nascar.com/cacher/2026/2/final/2-manufacturer-points.json
[2026-05-10T19:48:03] wrote /home/jvivona/agents/tidbyt-data/nascar/xfinity/nri.json (next race: BetRivers 200)
[2026-05-10T19:48:03] wrote /home/jvivona/agents/tidbyt-data/nascar/xfinity/drv.json (81 drivers)
[2026-05-10T19:48:03] wrote /home/jvivona/agents/tidbyt-data/nascar/xfinity/ply.json (12 playoff drivers, top 12)
[2026-05-10T19:48:03] wrote /home/jvivona/agents/tidbyt-data/nascar/xfinity/own.json (47 owners)
[2026-05-10T19:48:03] wrote /home/jvivona/agents/tidbyt-data/nascar/xfinity/mfg.json (3 manufacturers)
[2026-05-10T19:48:03] nascar[trucks] fetching schedule + points feeds
[2026-05-10T19:48:03] GET https://cf.nascar.com/cacher/2026/3/schedule-combined-feed.json
[2026-05-10T19:48:03] GET https://cf.nascar.com/cacher/2026/3/final/3-drivers-points.json
[2026-05-10T19:48:03] GET https://cf.nascar.com/cacher/2026/3/final/3-owners-points.json
[2026-05-10T19:48:03] GET https://cf.nascar.com/cacher/2026/3/final/3-manufacturer-points.json
[2026-05-10T19:48:04] wrote /home/jvivona/agents/tidbyt-data/nascar/trucks/nri.json (next race: ECOSAVE 200)
[2026-05-10T19:48:04] wrote /home/jvivona/agents/tidbyt-data/nascar/trucks/drv.json (85 drivers)
[2026-05-10T19:48:04] wrote /home/jvivona/agents/tidbyt-data/nascar/trucks/ply.json (10 playoff drivers, top 10)
[2026-05-10T19:48:04] wrote /home/jvivona/agents/tidbyt-data/nascar/trucks/own.json (47 owners)
[2026-05-10T19:48:04] wrote /home/jvivona/agents/tidbyt-data/nascar/trucks/mfg.json (4 manufacturers)
[2026-05-10T19:48:04] git add --all in /home/jvivona/agents/tidbyt-data
