[2026-05-10T10:06:02] start nationalday
[2026-05-10T10:06:02] nationalday: fetching https://www.nationaldaycalendar.com/feed
[2026-05-10T10:06:02] chrome --dump-dom https://www.nationaldaycalendar.com/feed
[2026-05-10T10:06:04] wrote /home/jvivona/agents/tidbyt-data/nationalday/nationalday.json
[2026-05-10T10:06:04] wrote /home/jvivona/agents/tidbyt-data/nationalday/nationalweek.json
[2026-05-10T10:06:04] wrote /home/jvivona/agents/tidbyt-data/nationalday/nationalmonth.json
[2026-05-10T10:06:04] git add --all in /home/jvivona/agents/tidbyt-data
[2026-05-10T10:06:04] git commit -m 'National Day Calendar update'
[main 9b91de0a0] National Day Calendar update
 3 files changed, 15 insertions(+)
[2026-05-10T10:06:04] git push origin main
To https://github.com/jvivona/tidbyt-data.git
   db1343e53..9b91de0a0  main -> main
[2026-05-10T10:06:05] finished nationalday
[2026-05-10T12:06:02] start nationalday
[2026-05-10T12:06:02] nationalday: fetching https://www.nationaldaycalendar.com/feed
[2026-05-10T12:06:02] chrome --dump-dom https://www.nationaldaycalendar.com/feed
[2026-05-10T12:06:04] wrote /home/jvivona/agents/tidbyt-data/nationalday/nationalday.json
[2026-05-10T12:06:04] wrote /home/jvivona/agents/tidbyt-data/nationalday/nationalweek.json
[2026-05-10T12:06:04] wrote /home/jvivona/agents/tidbyt-data/nationalday/nationalmonth.json
[2026-05-10T12:06:04] git add --all in /home/jvivona/agents/tidbyt-data
[2026-05-10T12:06:04] git commit -m 'National Day Calendar update'
[main 7d9bf7d4e] National Day Calendar update
 3 files changed, 15 insertions(+)
[2026-05-10T12:06:04] git push origin main
To https://github.com/jvivona/tidbyt-data.git
   acc880774..7d9bf7d4e  main -> main
[2026-05-10T12:06:05] finished nationalday
[2026-05-10T14:06:01] start nationalday
[2026-05-10T14:06:01] nationalday: fetching https://www.nationaldaycalendar.com/feed
[2026-05-10T14:06:01] chrome --dump-dom https://www.nationaldaycalendar.com/feed
[2026-05-10T14:06:03] wrote /home/jvivona/agents/tidbyt-data/nationalday/nationalday.json
[2026-05-10T14:06:03] wrote /home/jvivona/agents/tidbyt-data/nationalday/nationalweek.json
[2026-05-10T14:06:03] wrote /home/jvivona/agents/tidbyt-data/nationalday/nationalmonth.json
[2026-05-10T14:06:03] git add --all in /home/jvivona/agents/tidbyt-data
[2026-05-10T14:06:03] git commit -m 'National Day Calendar update'
[main a6ba9a3f0] National Day Calendar update
 3 files changed, 15 insertions(+)
[2026-05-10T14:06:03] git push origin main
To https://github.com/jvivona/tidbyt-data.git
   03178f54b..a6ba9a3f0  main -> main
[2026-05-10T14:06:04] finished nationalday
[2026-05-10T16:06:01] start nationalday
[2026-05-10T16:06:01] nationalday: fetching https://www.nationaldaycalendar.com/feed
[2026-05-10T16:06:01] chrome --dump-dom https://www.nationaldaycalendar.com/feed
[2026-05-10T16:06:03] wrote /home/jvivona/agents/tidbyt-data/nationalday/nationalday.json
[2026-05-10T16:06:03] wrote /home/jvivona/agents/tidbyt-data/nationalday/nationalweek.json
[2026-05-10T16:06:03] wrote /home/jvivona/agents/tidbyt-data/nationalday/nationalmonth.json
[2026-05-10T16:06:03] git add --all in /home/jvivona/agents/tidbyt-data
[2026-05-10T16:06:03] git commit -m 'National Day Calendar update'
[main a3ade663f] National Day Calendar update
 3 files changed, 15 insertions(+)
[2026-05-10T16:06:03] git push origin main
To https://github.com/jvivona/tidbyt-data.git
   5dbbad86f..a3ade663f  main -> main
[2026-05-10T16:06:04] finished nationalday
[2026-05-10T18:06:02] start nationalday
[2026-05-10T18:06:02] nationalday: fetching https://www.nationaldaycalendar.com/feed
[2026-05-10T18:06:02] chrome --dump-dom https://www.nationaldaycalendar.com/feed
[2026-05-10T18:06:04] wrote /home/jvivona/agents/tidbyt-data/nationalday/nationalday.json
[2026-05-10T18:06:04] wrote /home/jvivona/agents/tidbyt-data/nationalday/nationalweek.json
[2026-05-10T18:06:04] wrote /home/jvivona/agents/tidbyt-data/nationalday/nationalmonth.json
[2026-05-10T18:06:04] git add --all in /home/jvivona/agents/tidbyt-data
[2026-05-10T18:06:04] git commit -m 'National Day Calendar update'
[main 069aca24f] National Day Calendar update
 3 files changed, 15 insertions(+)
[2026-05-10T18:06:04] git push origin main
To https://github.com/jvivona/tidbyt-data.git
   138e1a3a9..069aca24f  main -> main
[2026-05-10T18:06:05] finished nationalday
[2026-05-10T20:06:01] start nationalday
[2026-05-10T20:06:01] nationalday: fetching https://www.nationaldaycalendar.com/feed
[2026-05-10T20:06:01] chrome --dump-dom https://www.nationaldaycalendar.com/feed
[2026-05-10T20:06:03] wrote /home/jvivona/agents/tidbyt-data/nationalday/nationalday.json
[2026-05-10T20:06:03] wrote /home/jvivona/agents/tidbyt-data/nationalday/nationalweek.json
[2026-05-10T20:06:03] wrote /home/jvivona/agents/tidbyt-data/nationalday/nationalmonth.json
[2026-05-10T20:06:03] git add --all in /home/jvivona/agents/tidbyt-data
[2026-05-10T20:06:03] git commit -m 'National Day Calendar update'
[main a3b9314f2] National Day Calendar update
 3 files changed, 15 insertions(+)
[2026-05-10T20:06:03] git push origin main
To https://github.com/jvivona/tidbyt-data.git
   12420ac31..a3b9314f2  main -> main
[2026-05-10T20:06:04] finished nationalday
[2026-05-10T22:06:01] start nationalday
[2026-05-10T22:06:01] nationalday: fetching https://www.nationaldaycalendar.com/feed
[2026-05-10T22:06:01] chrome --dump-dom https://www.nationaldaycalendar.com/feed
[2026-05-10T22:06:03] wrote /home/jvivona/agents/tidbyt-data/nationalday/nationalday.json
[2026-05-10T22:06:03] wrote /home/jvivona/agents/tidbyt-data/nationalday/nationalweek.json
[2026-05-10T22:06:03] wrote /home/jvivona/agents/tidbyt-data/nationalday/nationalmonth.json
[2026-05-10T22:06:03] git add --all in /home/jvivona/agents/tidbyt-data
[2026-05-10T22:06:03] git commit -m 'National Day Calendar update'
[main 9a3c19bd9] National Day Calendar update
 3 files changed, 15 insertions(+)
[2026-05-10T22:06:03] git push origin main
To https://github.com/jvivona/tidbyt-data.git
   19837a4d3..9a3c19bd9  main -> main
[2026-05-10T22:06:05] finished nationalday
[2026-05-11T00:06:02] start nationalday
[2026-05-11T00:06:02] nationalday: fetching https://www.nationaldaycalendar.com/feed
[2026-05-11T00:06:02] chrome --dump-dom https://www.nationaldaycalendar.com/feed
[2026-05-11T00:06:04] wrote /home/jvivona/agents/tidbyt-data/nationalday/nationalday.json
[2026-05-11T00:06:04] wrote /home/jvivona/agents/tidbyt-data/nationalday/nationalweek.json
[2026-05-11T00:06:04] wrote /home/jvivona/agents/tidbyt-data/nationalday/nationalmonth.json
[2026-05-11T00:06:04] git add --all in /home/jvivona/agents/tidbyt-data
[2026-05-11T00:06:04] git commit -m 'National Day Calendar update'
[main a9e4fa701] National Day Calendar update
 6 files changed, 18 insertions(+), 3 deletions(-)
[2026-05-11T00:06:04] git push origin main
To https://github.com/jvivona/tidbyt-data.git
   35d034e4d..a9e4fa701  main -> main
[2026-05-11T00:06:05] finished nationalday
[2026-05-11T02:06:01] start nationalday
[2026-05-11T02:06:01] nationalday: fetching https://www.nationaldaycalendar.com/feed
[2026-05-11T02:06:01] chrome --dump-dom https://www.nationaldaycalendar.com/feed
[2026-05-11T02:06:03] wrote /home/jvivona/agents/tidbyt-data/nationalday/nationalday.json
[2026-05-11T02:06:03] wrote /home/jvivona/agents/tidbyt-data/nationalday/nationalweek.json
[2026-05-11T02:06:03] wrote /home/jvivona/agents/tidbyt-data/nationalday/nationalmonth.json
[2026-05-11T02:06:03] git add --all in /home/jvivona/agents/tidbyt-data
[2026-05-11T02:06:03] git commit -m 'National Day Calendar update'
[main dcbe91fb2] National Day Calendar update
 5 files changed, 25 insertions(+), 22 deletions(-)
[2026-05-11T02:06:03] git push origin main
To https://github.com/jvivona/tidbyt-data.git
   98a985c62..dcbe91fb2  main -> main
[2026-05-11T02:06:04] finished nationalday
[2026-05-11T04:06:01] start nationalday
[2026-05-11T04:06:01] nationalday: fetching https://www.nationaldaycalendar.com/feed
[2026-05-11T04:06:01] chrome --dump-dom https://www.nationaldaycalendar.com/feed
[2026-05-11T04:06:03] wrote /home/jvivona/agents/tidbyt-data/nationalday/nationalday.json
[2026-05-11T04:06:03] wrote /home/jvivona/agents/tidbyt-data/nationalday/nationalweek.json
[2026-05-11T04:06:03] wrote /home/jvivona/agents/tidbyt-data/nationalday/nationalmonth.json
[2026-05-11T04:06:03] git add --all in /home/jvivona/agents/tidbyt-data
[2026-05-11T04:06:03] git commit -m 'National Day Calendar update'
[main b4c795f3a] National Day Calendar update
 3 files changed, 15 insertions(+)
[2026-05-11T04:06:03] git push origin main
To https://github.com/jvivona/tidbyt-data.git
   c0730c059..b4c795f3a  main -> main
[2026-05-11T04:06:04] finished nationalday
[2026-05-11T06:06:01] start nationalday
[2026-05-11T06:06:01] nationalday: fetching https://www.nationaldaycalendar.com/feed
[2026-05-11T06:06:01] chrome --dump-dom https://www.nationaldaycalendar.com/feed
[2026-05-11T06:06:03] wrote /home/jvivona/agents/tidbyt-data/nationalday/nationalday.json
[2026-05-11T06:06:03] wrote /home/jvivona/agents/tidbyt-data/nationalday/nationalweek.json
[2026-05-11T06:06:03] wrote /home/jvivona/agents/tidbyt-data/nationalday/nationalmonth.json
[2026-05-11T06:06:03] git add --all in /home/jvivona/agents/tidbyt-data
