[2026-05-10T10:06:02] start nationalday
[2026-05-10T10:06:02] nationalday: fetching https://www.nationaldaycalendar.com/feed
[2026-05-10T10:06:02] chrome --dump-dom https://www.nationaldaycalendar.com/feed
[2026-05-10T10:06:04] wrote /home/jvivona/agents/tidbyt-data/nationalday/nationalday.json
[2026-05-10T10:06:04] wrote /home/jvivona/agents/tidbyt-data/nationalday/nationalweek.json
[2026-05-10T10:06:04] wrote /home/jvivona/agents/tidbyt-data/nationalday/nationalmonth.json
[2026-05-10T10:06:04] git add --all in /home/jvivona/agents/tidbyt-data
[2026-05-10T10:06:04] git commit -m 'National Day Calendar update'
[main 9b91de0a0] National Day Calendar update
 3 files changed, 15 insertions(+)
[2026-05-10T10:06:04] git push origin main
To https://github.com/jvivona/tidbyt-data.git
   db1343e53..9b91de0a0  main -> main
[2026-05-10T10:06:05] finished nationalday
[2026-05-10T12:06:02] start nationalday
[2026-05-10T12:06:02] nationalday: fetching https://www.nationaldaycalendar.com/feed
[2026-05-10T12:06:02] chrome --dump-dom https://www.nationaldaycalendar.com/feed
[2026-05-10T12:06:04] wrote /home/jvivona/agents/tidbyt-data/nationalday/nationalday.json
[2026-05-10T12:06:04] wrote /home/jvivona/agents/tidbyt-data/nationalday/nationalweek.json
[2026-05-10T12:06:04] wrote /home/jvivona/agents/tidbyt-data/nationalday/nationalmonth.json
[2026-05-10T12:06:04] git add --all in /home/jvivona/agents/tidbyt-data
[2026-05-10T12:06:04] git commit -m 'National Day Calendar update'
[main 7d9bf7d4e] National Day Calendar update
 3 files changed, 15 insertions(+)
[2026-05-10T12:06:04] git push origin main
To https://github.com/jvivona/tidbyt-data.git
   acc880774..7d9bf7d4e  main -> main
[2026-05-10T12:06:05] finished nationalday
[2026-05-10T14:06:01] start nationalday
[2026-05-10T14:06:01] nationalday: fetching https://www.nationaldaycalendar.com/feed
[2026-05-10T14:06:01] chrome --dump-dom https://www.nationaldaycalendar.com/feed
[2026-05-10T14:06:03] wrote /home/jvivona/agents/tidbyt-data/nationalday/nationalday.json
[2026-05-10T14:06:03] wrote /home/jvivona/agents/tidbyt-data/nationalday/nationalweek.json
[2026-05-10T14:06:03] wrote /home/jvivona/agents/tidbyt-data/nationalday/nationalmonth.json
[2026-05-10T14:06:03] git add --all in /home/jvivona/agents/tidbyt-data
[2026-05-10T14:06:03] git commit -m 'National Day Calendar update'
[main a6ba9a3f0] National Day Calendar update
 3 files changed, 15 insertions(+)
[2026-05-10T14:06:03] git push origin main
To https://github.com/jvivona/tidbyt-data.git
   03178f54b..a6ba9a3f0  main -> main
[2026-05-10T14:06:04] finished nationalday
