[2026-05-05T01:01:02] start nationalday
[2026-05-05T01:01:02] nationalday: fetching https://www.nationaldaycalendar.com/feed
[2026-05-05T01:01:02] chrome --dump-dom https://www.nationaldaycalendar.com/feed
[2026-05-05T01:01:03] wrote /home/jvivona/agents/tidbyt-data/nationalday/nationalday.json
[2026-05-05T01:01:03] wrote /home/jvivona/agents/tidbyt-data/nationalday/nationalweek.json
[2026-05-05T01:01:03] wrote /home/jvivona/agents/tidbyt-data/nationalday/nationalmonth.json
[2026-05-05T01:01:03] [dry-run] would: git add+commit+push in /home/jvivona/agents/tidbyt-data: 'National Day Calendar update'
[2026-05-05T01:01:03] finished nationalday
[2026-05-05T06:01:02] start nationalday
[2026-05-05T06:01:02] nationalday: fetching https://www.nationaldaycalendar.com/feed
[2026-05-05T06:01:02] chrome --dump-dom https://www.nationaldaycalendar.com/feed
[2026-05-05T06:01:04] wrote /home/jvivona/agents/tidbyt-data/nationalday/nationalday.json
[2026-05-05T06:01:04] wrote /home/jvivona/agents/tidbyt-data/nationalday/nationalweek.json
[2026-05-05T06:01:04] wrote /home/jvivona/agents/tidbyt-data/nationalday/nationalmonth.json
[2026-05-05T06:01:04] git add --all in /home/jvivona/agents/tidbyt-data
[2026-05-05T06:01:04] git commit -m 'National Day Calendar update'
[main 0ee1155c7] National Day Calendar update
 Committer: jvivona <jvivona@joe-agent.ajcomputers.local>
Your name and email address were configured automatically based
on your username and hostname. Please check that they are accurate.
You can suppress this message by setting them explicitly. Run the
following command and follow the instructions in your editor to edit
your configuration file:

    git config --global --edit

After doing this, you may fix the identity used for this commit with:

    git commit --amend --reset-author

 4 files changed, 119 insertions(+), 90 deletions(-)
[2026-05-05T06:01:04] git push origin main
To https://github.com/jvivona/tidbyt-data.git
 ! [rejected]            main -> main (fetch first)
error: failed to push some refs to 'https://github.com/jvivona/tidbyt-data.git'
hint: Updates were rejected because the remote contains work that you do not
hint: have locally. This is usually caused by another repository pushing to
hint: the same ref. If you want to integrate the remote changes, use
hint: 'git pull' before pushing again.
hint: See the 'Note about fast-forwards' in 'git push --help' for details.
[2026-05-05T06:01:04] ERROR: topic 'nationalday' failed: CalledProcessError(1, ['git', 'push', 'origin', 'main'])
[2026-05-05T06:01:04] notify: failure email sent to joe@ajcomputers.com
[2026-05-05T06:01:04] finished nationalday
Traceback (most recent call last):
  File "<frozen runpy>", line 198, in _run_module_as_main
  File "<frozen runpy>", line 88, in _run_code
  File "/home/jvivona/agents/tidbyt-data-scripts/tidbytdata/__main__.py", line 3, in <module>
    raise SystemExit(main())
                     ~~~~^^
  File "/home/jvivona/agents/tidbyt-data-scripts/tidbytdata/cli.py", line 46, in main
    commit_and_push(ctx.data_repo_path, ctx.commit_msg, dry_run=ctx.dry_run)
    ~~~~~~~~~~~~~~~^^^^^^^^^^^^^^^^^^^^^^^^^^^^^^^^^^^^^^^^^^^^^^^^^^^^^^^^^
  File "/home/jvivona/agents/tidbyt-data-scripts/tidbytdata/publish.py", line 32, in commit_and_push
    subprocess.run(["git", "push", "origin", "main"], cwd=data_repo_path, check=True)
    ~~~~~~~~~~~~~~^^^^^^^^^^^^^^^^^^^^^^^^^^^^^^^^^^^^^^^^^^^^^^^^^^^^^^^^^^^^^^^^^^^
  File "/usr/lib/python3.13/subprocess.py", line 577, in run
    raise CalledProcessError(retcode, process.args,
                             output=stdout, stderr=stderr)
subprocess.CalledProcessError: Command '['git', 'push', 'origin', 'main']' returned non-zero exit status 1.
[2026-05-05T14:01:02] start nationalday
[2026-05-05T14:01:02] nationalday: fetching https://www.nationaldaycalendar.com/feed
[2026-05-05T14:01:02] chrome --dump-dom https://www.nationaldaycalendar.com/feed
[2026-05-05T14:01:04] wrote /home/jvivona/agents/tidbyt-data/nationalday/nationalday.json
[2026-05-05T14:01:04] wrote /home/jvivona/agents/tidbyt-data/nationalday/nationalweek.json
[2026-05-05T14:01:04] wrote /home/jvivona/agents/tidbyt-data/nationalday/nationalmonth.json
[2026-05-05T14:01:04] git add --all in /home/jvivona/agents/tidbyt-data
[2026-05-05T14:01:04] git commit -m 'National Day Calendar update'
[main 32b09b9a1] National Day Calendar update
 Committer: jvivona <jvivona@joe-agent.ajcomputers.local>
Your name and email address were configured automatically based
on your username and hostname. Please check that they are accurate.
You can suppress this message by setting them explicitly. Run the
following command and follow the instructions in your editor to edit
your configuration file:

    git config --global --edit

After doing this, you may fix the identity used for this commit with:

    git commit --amend --reset-author

 5 files changed, 78 insertions(+), 44 deletions(-)
 create mode 100644 log/deploy.log
[2026-05-05T14:01:04] git push origin main
To https://github.com/jvivona/tidbyt-data.git
   b09184995..32b09b9a1  main -> main
[2026-05-05T14:01:05] finished nationalday
[2026-05-06T01:01:02] start nationalday
[2026-05-06T01:01:02] nationalday: fetching https://www.nationaldaycalendar.com/feed
[2026-05-06T01:01:02] chrome --dump-dom https://www.nationaldaycalendar.com/feed
[2026-05-06T01:01:04] wrote /home/jvivona/agents/tidbyt-data/nationalday/nationalday.json
[2026-05-06T01:01:04] wrote /home/jvivona/agents/tidbyt-data/nationalday/nationalweek.json
[2026-05-06T01:01:04] wrote /home/jvivona/agents/tidbyt-data/nationalday/nationalmonth.json
[2026-05-06T01:01:04] git add --all in /home/jvivona/agents/tidbyt-data
[2026-05-06T01:01:04] git commit -m 'National Day Calendar update'
[main 91793fa4a] National Day Calendar update
 Committer: jvivona <jvivona@joe-agent.ajcomputers.local>
Your name and email address were configured automatically based
on your username and hostname. Please check that they are accurate.
You can suppress this message by setting them explicitly. Run the
following command and follow the instructions in your editor to edit
your configuration file:

    git config --global --edit

After doing this, you may fix the identity used for this commit with:

    git commit --amend --reset-author

 6 files changed, 35 insertions(+), 5 deletions(-)
[2026-05-06T01:01:04] git push origin main
To https://github.com/jvivona/tidbyt-data.git
   760373238..91793fa4a  main -> main
[2026-05-06T01:01:05] finished nationalday
[2026-05-06T06:01:01] start nationalday
[2026-05-06T06:01:01] nationalday: fetching https://www.nationaldaycalendar.com/feed
[2026-05-06T06:01:01] chrome --dump-dom https://www.nationaldaycalendar.com/feed
[2026-05-06T06:01:03] wrote /home/jvivona/agents/tidbyt-data/nationalday/nationalday.json
[2026-05-06T06:01:03] wrote /home/jvivona/agents/tidbyt-data/nationalday/nationalweek.json
[2026-05-06T06:01:03] wrote /home/jvivona/agents/tidbyt-data/nationalday/nationalmonth.json
[2026-05-06T06:01:03] git add --all in /home/jvivona/agents/tidbyt-data
[2026-05-06T06:01:03] git commit -m 'National Day Calendar update'
[main 6007fc4ef] National Day Calendar update
 Committer: jvivona <jvivona@joe-agent.ajcomputers.local>
Your name and email address were configured automatically based
on your username and hostname. Please check that they are accurate.
You can suppress this message by setting them explicitly. Run the
following command and follow the instructions in your editor to edit
your configuration file:

    git config --global --edit

After doing this, you may fix the identity used for this commit with:

    git commit --amend --reset-author

 5 files changed, 78 insertions(+), 44 deletions(-)
[2026-05-06T06:01:03] git push origin main
To https://github.com/jvivona/tidbyt-data.git
   e55ce4b1f..6007fc4ef  main -> main
[2026-05-06T06:01:05] finished nationalday
[2026-05-06T14:01:02] start nationalday
[2026-05-06T14:01:02] nationalday: fetching https://www.nationaldaycalendar.com/feed
[2026-05-06T14:01:02] chrome --dump-dom https://www.nationaldaycalendar.com/feed
[2026-05-06T14:01:04] wrote /home/jvivona/agents/tidbyt-data/nationalday/nationalday.json
[2026-05-06T14:01:04] wrote /home/jvivona/agents/tidbyt-data/nationalday/nationalweek.json
[2026-05-06T14:01:04] wrote /home/jvivona/agents/tidbyt-data/nationalday/nationalmonth.json
[2026-05-06T14:01:04] git add --all in /home/jvivona/agents/tidbyt-data
[2026-05-06T14:01:04] git commit -m 'National Day Calendar update'
[main 3a63b4aa9] National Day Calendar update
 Committer: jvivona <jvivona@joe-agent.ajcomputers.local>
Your name and email address were configured automatically based
on your username and hostname. Please check that they are accurate.
You can suppress this message by setting them explicitly. Run the
following command and follow the instructions in your editor to edit
your configuration file:

    git config --global --edit

After doing this, you may fix the identity used for this commit with:

    git commit --amend --reset-author

 7 files changed, 104 insertions(+), 78 deletions(-)
[2026-05-06T14:01:04] git push origin main
To https://github.com/jvivona/tidbyt-data.git
   29e4e3039..3a63b4aa9  main -> main
[2026-05-06T14:01:05] finished nationalday
[2026-05-07T01:01:01] start nationalday
[2026-05-07T01:01:01] nationalday: fetching https://www.nationaldaycalendar.com/feed
[2026-05-07T01:01:01] chrome --dump-dom https://www.nationaldaycalendar.com/feed
[2026-05-07T01:01:03] wrote /home/jvivona/agents/tidbyt-data/nationalday/nationalday.json
[2026-05-07T01:01:03] wrote /home/jvivona/agents/tidbyt-data/nationalday/nationalweek.json
[2026-05-07T01:01:03] wrote /home/jvivona/agents/tidbyt-data/nationalday/nationalmonth.json
[2026-05-07T01:01:03] git add --all in /home/jvivona/agents/tidbyt-data
[2026-05-07T01:01:03] git commit -m 'National Day Calendar update'
[main 7031dd6f9] National Day Calendar update
 Committer: jvivona <jvivona@joe-agent.ajcomputers.local>
Your name and email address were configured automatically based
on your username and hostname. Please check that they are accurate.
You can suppress this message by setting them explicitly. Run the
following command and follow the instructions in your editor to edit
your configuration file:

    git config --global --edit

After doing this, you may fix the identity used for this commit with:

    git commit --amend --reset-author

 6 files changed, 31 insertions(+), 3 deletions(-)
[2026-05-07T01:01:03] git push origin main
To https://github.com/jvivona/tidbyt-data.git
   bac35d3d1..7031dd6f9  main -> main
[2026-05-07T01:01:04] finished nationalday
[2026-05-07T06:06:01] start nationalday
[2026-05-07T06:06:01] nationalday: fetching https://www.nationaldaycalendar.com/feed
[2026-05-07T06:06:01] chrome --dump-dom https://www.nationaldaycalendar.com/feed
[2026-05-07T06:06:03] wrote /home/jvivona/agents/tidbyt-data/nationalday/nationalday.json
[2026-05-07T06:06:03] wrote /home/jvivona/agents/tidbyt-data/nationalday/nationalweek.json
[2026-05-07T06:06:03] wrote /home/jvivona/agents/tidbyt-data/nationalday/nationalmonth.json
[2026-05-07T06:06:03] git add --all in /home/jvivona/agents/tidbyt-data
