[2026-05-05T01:01:02] start nationalday
[2026-05-05T01:01:02] nationalday: fetching https://www.nationaldaycalendar.com/feed
[2026-05-05T01:01:02] chrome --dump-dom https://www.nationaldaycalendar.com/feed
[2026-05-05T01:01:03] wrote /home/jvivona/agents/tidbyt-data/nationalday/nationalday.json
[2026-05-05T01:01:03] wrote /home/jvivona/agents/tidbyt-data/nationalday/nationalweek.json
[2026-05-05T01:01:03] wrote /home/jvivona/agents/tidbyt-data/nationalday/nationalmonth.json
[2026-05-05T01:01:03] [dry-run] would: git add+commit+push in /home/jvivona/agents/tidbyt-data: 'National Day Calendar update'
[2026-05-05T01:01:03] finished nationalday
[2026-05-05T06:01:02] start nationalday
[2026-05-05T06:01:02] nationalday: fetching https://www.nationaldaycalendar.com/feed
[2026-05-05T06:01:02] chrome --dump-dom https://www.nationaldaycalendar.com/feed
[2026-05-05T06:01:04] wrote /home/jvivona/agents/tidbyt-data/nationalday/nationalday.json
[2026-05-05T06:01:04] wrote /home/jvivona/agents/tidbyt-data/nationalday/nationalweek.json
[2026-05-05T06:01:04] wrote /home/jvivona/agents/tidbyt-data/nationalday/nationalmonth.json
[2026-05-05T06:01:04] git add --all in /home/jvivona/agents/tidbyt-data
[2026-05-05T06:01:04] git commit -m 'National Day Calendar update'
[main 0ee1155c7] National Day Calendar update
 Committer: jvivona <jvivona@joe-agent.ajcomputers.local>
Your name and email address were configured automatically based
on your username and hostname. Please check that they are accurate.
You can suppress this message by setting them explicitly. Run the
following command and follow the instructions in your editor to edit
your configuration file:

    git config --global --edit

After doing this, you may fix the identity used for this commit with:

    git commit --amend --reset-author

 4 files changed, 119 insertions(+), 90 deletions(-)
[2026-05-05T06:01:04] git push origin main
To https://github.com/jvivona/tidbyt-data.git
 ! [rejected]            main -> main (fetch first)
error: failed to push some refs to 'https://github.com/jvivona/tidbyt-data.git'
hint: Updates were rejected because the remote contains work that you do not
hint: have locally. This is usually caused by another repository pushing to
hint: the same ref. If you want to integrate the remote changes, use
hint: 'git pull' before pushing again.
hint: See the 'Note about fast-forwards' in 'git push --help' for details.
[2026-05-05T06:01:04] ERROR: topic 'nationalday' failed: CalledProcessError(1, ['git', 'push', 'origin', 'main'])
[2026-05-05T06:01:04] notify: failure email sent to joe@ajcomputers.com
[2026-05-05T06:01:04] finished nationalday
Traceback (most recent call last):
  File "<frozen runpy>", line 198, in _run_module_as_main
  File "<frozen runpy>", line 88, in _run_code
  File "/home/jvivona/agents/tidbyt-data-scripts/tidbytdata/__main__.py", line 3, in <module>
    raise SystemExit(main())
                     ~~~~^^
  File "/home/jvivona/agents/tidbyt-data-scripts/tidbytdata/cli.py", line 46, in main
    commit_and_push(ctx.data_repo_path, ctx.commit_msg, dry_run=ctx.dry_run)
    ~~~~~~~~~~~~~~~^^^^^^^^^^^^^^^^^^^^^^^^^^^^^^^^^^^^^^^^^^^^^^^^^^^^^^^^^
  File "/home/jvivona/agents/tidbyt-data-scripts/tidbytdata/publish.py", line 32, in commit_and_push
    subprocess.run(["git", "push", "origin", "main"], cwd=data_repo_path, check=True)
    ~~~~~~~~~~~~~~^^^^^^^^^^^^^^^^^^^^^^^^^^^^^^^^^^^^^^^^^^^^^^^^^^^^^^^^^^^^^^^^^^^
  File "/usr/lib/python3.13/subprocess.py", line 577, in run
    raise CalledProcessError(retcode, process.args,
                             output=stdout, stderr=stderr)
subprocess.CalledProcessError: Command '['git', 'push', 'origin', 'main']' returned non-zero exit status 1.
[2026-05-05T14:01:02] start nationalday
[2026-05-05T14:01:02] nationalday: fetching https://www.nationaldaycalendar.com/feed
[2026-05-05T14:01:02] chrome --dump-dom https://www.nationaldaycalendar.com/feed
[2026-05-05T14:01:04] wrote /home/jvivona/agents/tidbyt-data/nationalday/nationalday.json
[2026-05-05T14:01:04] wrote /home/jvivona/agents/tidbyt-data/nationalday/nationalweek.json
[2026-05-05T14:01:04] wrote /home/jvivona/agents/tidbyt-data/nationalday/nationalmonth.json
[2026-05-05T14:01:04] git add --all in /home/jvivona/agents/tidbyt-data
[2026-05-05T14:01:04] git commit -m 'National Day Calendar update'
[main 32b09b9a1] National Day Calendar update
 Committer: jvivona <jvivona@joe-agent.ajcomputers.local>
Your name and email address were configured automatically based
on your username and hostname. Please check that they are accurate.
You can suppress this message by setting them explicitly. Run the
following command and follow the instructions in your editor to edit
your configuration file:

    git config --global --edit

After doing this, you may fix the identity used for this commit with:

    git commit --amend --reset-author

 5 files changed, 78 insertions(+), 44 deletions(-)
 create mode 100644 log/deploy.log
[2026-05-05T14:01:04] git push origin main
To https://github.com/jvivona/tidbyt-data.git
   b09184995..32b09b9a1  main -> main
[2026-05-05T14:01:05] finished nationalday
[2026-05-06T01:01:02] start nationalday
[2026-05-06T01:01:02] nationalday: fetching https://www.nationaldaycalendar.com/feed
[2026-05-06T01:01:02] chrome --dump-dom https://www.nationaldaycalendar.com/feed
[2026-05-06T01:01:04] wrote /home/jvivona/agents/tidbyt-data/nationalday/nationalday.json
[2026-05-06T01:01:04] wrote /home/jvivona/agents/tidbyt-data/nationalday/nationalweek.json
[2026-05-06T01:01:04] wrote /home/jvivona/agents/tidbyt-data/nationalday/nationalmonth.json
[2026-05-06T01:01:04] git add --all in /home/jvivona/agents/tidbyt-data
[2026-05-06T01:01:04] git commit -m 'National Day Calendar update'
[main 91793fa4a] National Day Calendar update
 Committer: jvivona <jvivona@joe-agent.ajcomputers.local>
Your name and email address were configured automatically based
on your username and hostname. Please check that they are accurate.
You can suppress this message by setting them explicitly. Run the
following command and follow the instructions in your editor to edit
your configuration file:

    git config --global --edit

After doing this, you may fix the identity used for this commit with:

    git commit --amend --reset-author

 6 files changed, 35 insertions(+), 5 deletions(-)
[2026-05-06T01:01:04] git push origin main
To https://github.com/jvivona/tidbyt-data.git
   760373238..91793fa4a  main -> main
[2026-05-06T01:01:05] finished nationalday
[2026-05-06T06:01:01] start nationalday
[2026-05-06T06:01:01] nationalday: fetching https://www.nationaldaycalendar.com/feed
[2026-05-06T06:01:01] chrome --dump-dom https://www.nationaldaycalendar.com/feed
[2026-05-06T06:01:03] wrote /home/jvivona/agents/tidbyt-data/nationalday/nationalday.json
[2026-05-06T06:01:03] wrote /home/jvivona/agents/tidbyt-data/nationalday/nationalweek.json
[2026-05-06T06:01:03] wrote /home/jvivona/agents/tidbyt-data/nationalday/nationalmonth.json
[2026-05-06T06:01:03] git add --all in /home/jvivona/agents/tidbyt-data
[2026-05-06T06:01:03] git commit -m 'National Day Calendar update'
[main 6007fc4ef] National Day Calendar update
 Committer: jvivona <jvivona@joe-agent.ajcomputers.local>
Your name and email address were configured automatically based
on your username and hostname. Please check that they are accurate.
You can suppress this message by setting them explicitly. Run the
following command and follow the instructions in your editor to edit
your configuration file:

    git config --global --edit

After doing this, you may fix the identity used for this commit with:

    git commit --amend --reset-author

 5 files changed, 78 insertions(+), 44 deletions(-)
[2026-05-06T06:01:03] git push origin main
To https://github.com/jvivona/tidbyt-data.git
   e55ce4b1f..6007fc4ef  main -> main
[2026-05-06T06:01:05] finished nationalday
[2026-05-06T14:01:02] start nationalday
[2026-05-06T14:01:02] nationalday: fetching https://www.nationaldaycalendar.com/feed
[2026-05-06T14:01:02] chrome --dump-dom https://www.nationaldaycalendar.com/feed
[2026-05-06T14:01:04] wrote /home/jvivona/agents/tidbyt-data/nationalday/nationalday.json
[2026-05-06T14:01:04] wrote /home/jvivona/agents/tidbyt-data/nationalday/nationalweek.json
[2026-05-06T14:01:04] wrote /home/jvivona/agents/tidbyt-data/nationalday/nationalmonth.json
[2026-05-06T14:01:04] git add --all in /home/jvivona/agents/tidbyt-data
[2026-05-06T14:01:04] git commit -m 'National Day Calendar update'
[main 3a63b4aa9] National Day Calendar update
 Committer: jvivona <jvivona@joe-agent.ajcomputers.local>
Your name and email address were configured automatically based
on your username and hostname. Please check that they are accurate.
You can suppress this message by setting them explicitly. Run the
following command and follow the instructions in your editor to edit
your configuration file:

    git config --global --edit

After doing this, you may fix the identity used for this commit with:

    git commit --amend --reset-author

 7 files changed, 104 insertions(+), 78 deletions(-)
[2026-05-06T14:01:04] git push origin main
To https://github.com/jvivona/tidbyt-data.git
   29e4e3039..3a63b4aa9  main -> main
[2026-05-06T14:01:05] finished nationalday
[2026-05-07T01:01:01] start nationalday
[2026-05-07T01:01:01] nationalday: fetching https://www.nationaldaycalendar.com/feed
[2026-05-07T01:01:01] chrome --dump-dom https://www.nationaldaycalendar.com/feed
[2026-05-07T01:01:03] wrote /home/jvivona/agents/tidbyt-data/nationalday/nationalday.json
[2026-05-07T01:01:03] wrote /home/jvivona/agents/tidbyt-data/nationalday/nationalweek.json
[2026-05-07T01:01:03] wrote /home/jvivona/agents/tidbyt-data/nationalday/nationalmonth.json
[2026-05-07T01:01:03] git add --all in /home/jvivona/agents/tidbyt-data
[2026-05-07T01:01:03] git commit -m 'National Day Calendar update'
[main 7031dd6f9] National Day Calendar update
 Committer: jvivona <jvivona@joe-agent.ajcomputers.local>
Your name and email address were configured automatically based
on your username and hostname. Please check that they are accurate.
You can suppress this message by setting them explicitly. Run the
following command and follow the instructions in your editor to edit
your configuration file:

    git config --global --edit

After doing this, you may fix the identity used for this commit with:

    git commit --amend --reset-author

 6 files changed, 31 insertions(+), 3 deletions(-)
[2026-05-07T01:01:03] git push origin main
To https://github.com/jvivona/tidbyt-data.git
   bac35d3d1..7031dd6f9  main -> main
[2026-05-07T01:01:04] finished nationalday
[2026-05-07T06:06:01] start nationalday
[2026-05-07T06:06:01] nationalday: fetching https://www.nationaldaycalendar.com/feed
[2026-05-07T06:06:01] chrome --dump-dom https://www.nationaldaycalendar.com/feed
[2026-05-07T06:06:03] wrote /home/jvivona/agents/tidbyt-data/nationalday/nationalday.json
[2026-05-07T06:06:03] wrote /home/jvivona/agents/tidbyt-data/nationalday/nationalweek.json
[2026-05-07T06:06:03] wrote /home/jvivona/agents/tidbyt-data/nationalday/nationalmonth.json
[2026-05-07T06:06:03] git add --all in /home/jvivona/agents/tidbyt-data
[2026-05-07T06:06:03] git commit -m 'National Day Calendar update'
[main 6705c2883] National Day Calendar update
 Committer: jvivona <jvivona@joe-agent.ajcomputers.local>
Your name and email address were configured automatically based
on your username and hostname. Please check that they are accurate.
You can suppress this message by setting them explicitly. Run the
following command and follow the instructions in your editor to edit
your configuration file:

    git config --global --edit

After doing this, you may fix the identity used for this commit with:

    git commit --amend --reset-author

 4 files changed, 46 insertions(+), 18 deletions(-)
[2026-05-07T06:06:03] git push origin main
To https://github.com/jvivona/tidbyt-data.git
   5f9a0dd94..6705c2883  main -> main
[2026-05-07T06:06:04] finished nationalday
[2026-05-07T08:06:01] start nationalday
[2026-05-07T08:06:01] nationalday: fetching https://www.nationaldaycalendar.com/feed
[2026-05-07T08:06:01] chrome --dump-dom https://www.nationaldaycalendar.com/feed
[2026-05-07T08:06:03] wrote /home/jvivona/agents/tidbyt-data/nationalday/nationalday.json
[2026-05-07T08:06:03] wrote /home/jvivona/agents/tidbyt-data/nationalday/nationalweek.json
[2026-05-07T08:06:03] wrote /home/jvivona/agents/tidbyt-data/nationalday/nationalmonth.json
[2026-05-07T08:06:03] git add --all in /home/jvivona/agents/tidbyt-data
[2026-05-07T08:06:03] git commit -m 'National Day Calendar update'
[main d659c6f32] National Day Calendar update
 Committer: jvivona <jvivona@joe-agent.ajcomputers.local>
Your name and email address were configured automatically based
on your username and hostname. Please check that they are accurate.
You can suppress this message by setting them explicitly. Run the
following command and follow the instructions in your editor to edit
your configuration file:

    git config --global --edit

After doing this, you may fix the identity used for this commit with:

    git commit --amend --reset-author

 3 files changed, 28 insertions(+)
[2026-05-07T08:06:03] git push origin main
To https://github.com/jvivona/tidbyt-data.git
   0943164c4..d659c6f32  main -> main
[2026-05-07T08:06:05] finished nationalday
[2026-05-07T10:06:01] start nationalday
[2026-05-07T10:06:01] nationalday: fetching https://www.nationaldaycalendar.com/feed
[2026-05-07T10:06:01] chrome --dump-dom https://www.nationaldaycalendar.com/feed
[2026-05-07T10:06:03] wrote /home/jvivona/agents/tidbyt-data/nationalday/nationalday.json
[2026-05-07T10:06:03] wrote /home/jvivona/agents/tidbyt-data/nationalday/nationalweek.json
[2026-05-07T10:06:03] wrote /home/jvivona/agents/tidbyt-data/nationalday/nationalmonth.json
[2026-05-07T10:06:03] git add --all in /home/jvivona/agents/tidbyt-data
[2026-05-07T10:06:03] git commit -m 'National Day Calendar update'
[main 0ab422994] National Day Calendar update
 Committer: jvivona <jvivona@joe-agent.ajcomputers.local>
Your name and email address were configured automatically based
on your username and hostname. Please check that they are accurate.
You can suppress this message by setting them explicitly. Run the
following command and follow the instructions in your editor to edit
your configuration file:

    git config --global --edit

After doing this, you may fix the identity used for this commit with:

    git commit --amend --reset-author

 3 files changed, 28 insertions(+)
[2026-05-07T10:06:03] git push origin main
To https://github.com/jvivona/tidbyt-data.git
   08c892683..0ab422994  main -> main
[2026-05-07T10:06:05] finished nationalday
[2026-05-07T12:06:01] start nationalday
[2026-05-07T12:06:01] nationalday: fetching https://www.nationaldaycalendar.com/feed
[2026-05-07T12:06:01] chrome --dump-dom https://www.nationaldaycalendar.com/feed
[2026-05-07T12:06:03] wrote /home/jvivona/agents/tidbyt-data/nationalday/nationalday.json
[2026-05-07T12:06:03] wrote /home/jvivona/agents/tidbyt-data/nationalday/nationalweek.json
[2026-05-07T12:06:03] wrote /home/jvivona/agents/tidbyt-data/nationalday/nationalmonth.json
[2026-05-07T12:06:03] git add --all in /home/jvivona/agents/tidbyt-data
[2026-05-07T12:06:03] git commit -m 'National Day Calendar update'
[main 05b7d3dfd] National Day Calendar update
 Committer: jvivona <jvivona@joe-agent.ajcomputers.local>
Your name and email address were configured automatically based
on your username and hostname. Please check that they are accurate.
You can suppress this message by setting them explicitly. Run the
following command and follow the instructions in your editor to edit
your configuration file:

    git config --global --edit

After doing this, you may fix the identity used for this commit with:

    git commit --amend --reset-author

 3 files changed, 28 insertions(+)
[2026-05-07T12:06:03] git push origin main
To https://github.com/jvivona/tidbyt-data.git
   651e01ee3..05b7d3dfd  main -> main
[2026-05-07T12:06:05] finished nationalday
[2026-05-07T14:06:02] start nationalday
[2026-05-07T14:06:02] nationalday: fetching https://www.nationaldaycalendar.com/feed
[2026-05-07T14:06:02] chrome --dump-dom https://www.nationaldaycalendar.com/feed
[2026-05-07T14:06:03] wrote /home/jvivona/agents/tidbyt-data/nationalday/nationalday.json
[2026-05-07T14:06:03] wrote /home/jvivona/agents/tidbyt-data/nationalday/nationalweek.json
[2026-05-07T14:06:03] wrote /home/jvivona/agents/tidbyt-data/nationalday/nationalmonth.json
[2026-05-07T14:06:03] git add --all in /home/jvivona/agents/tidbyt-data
[2026-05-07T14:06:03] git commit -m 'National Day Calendar update'
[main 3c34897ac] National Day Calendar update
 Committer: jvivona <jvivona@joe-agent.ajcomputers.local>
Your name and email address were configured automatically based
on your username and hostname. Please check that they are accurate.
You can suppress this message by setting them explicitly. Run the
following command and follow the instructions in your editor to edit
your configuration file:

    git config --global --edit

After doing this, you may fix the identity used for this commit with:

    git commit --amend --reset-author

 3 files changed, 28 insertions(+)
[2026-05-07T14:06:03] git push origin main
To https://github.com/jvivona/tidbyt-data.git
   662ab5a43..3c34897ac  main -> main
[2026-05-07T14:06:05] finished nationalday
[2026-05-07T16:06:01] start nationalday
[2026-05-07T16:06:01] nationalday: fetching https://www.nationaldaycalendar.com/feed
[2026-05-07T16:06:01] chrome --dump-dom https://www.nationaldaycalendar.com/feed
[2026-05-07T16:06:03] wrote /home/jvivona/agents/tidbyt-data/nationalday/nationalday.json
[2026-05-07T16:06:03] wrote /home/jvivona/agents/tidbyt-data/nationalday/nationalweek.json
[2026-05-07T16:06:03] wrote /home/jvivona/agents/tidbyt-data/nationalday/nationalmonth.json
[2026-05-07T16:06:03] git add --all in /home/jvivona/agents/tidbyt-data
[2026-05-07T16:06:03] git commit -m 'National Day Calendar update'
[main 0ea2a6590] National Day Calendar update
 Committer: jvivona <jvivona@joe-agent.ajcomputers.local>
Your name and email address were configured automatically based
on your username and hostname. Please check that they are accurate.
You can suppress this message by setting them explicitly. Run the
following command and follow the instructions in your editor to edit
your configuration file:

    git config --global --edit

After doing this, you may fix the identity used for this commit with:

    git commit --amend --reset-author

 3 files changed, 28 insertions(+)
[2026-05-07T16:06:03] git push origin main
To https://github.com/jvivona/tidbyt-data.git
   1f3589ff5..0ea2a6590  main -> main
[2026-05-07T16:06:05] finished nationalday
[2026-05-07T18:06:01] start nationalday
[2026-05-07T18:06:01] nationalday: fetching https://www.nationaldaycalendar.com/feed
[2026-05-07T18:06:01] chrome --dump-dom https://www.nationaldaycalendar.com/feed
[2026-05-07T18:06:03] wrote /home/jvivona/agents/tidbyt-data/nationalday/nationalday.json
[2026-05-07T18:06:03] wrote /home/jvivona/agents/tidbyt-data/nationalday/nationalweek.json
[2026-05-07T18:06:03] wrote /home/jvivona/agents/tidbyt-data/nationalday/nationalmonth.json
[2026-05-07T18:06:03] git add --all in /home/jvivona/agents/tidbyt-data
[2026-05-07T18:06:03] git commit -m 'National Day Calendar update'
[main af042a1ad] National Day Calendar update
 Committer: jvivona <jvivona@joe-agent.ajcomputers.local>
Your name and email address were configured automatically based
on your username and hostname. Please check that they are accurate.
You can suppress this message by setting them explicitly. Run the
following command and follow the instructions in your editor to edit
your configuration file:

    git config --global --edit

After doing this, you may fix the identity used for this commit with:

    git commit --amend --reset-author

 3 files changed, 28 insertions(+)
[2026-05-07T18:06:03] git push origin main
To https://github.com/jvivona/tidbyt-data.git
   168b672ce..af042a1ad  main -> main
[2026-05-07T18:06:05] finished nationalday
[2026-05-07T20:06:02] start nationalday
[2026-05-07T20:06:02] nationalday: fetching https://www.nationaldaycalendar.com/feed
[2026-05-07T20:06:02] chrome --dump-dom https://www.nationaldaycalendar.com/feed
[2026-05-07T20:06:04] wrote /home/jvivona/agents/tidbyt-data/nationalday/nationalday.json
[2026-05-07T20:06:04] wrote /home/jvivona/agents/tidbyt-data/nationalday/nationalweek.json
[2026-05-07T20:06:04] wrote /home/jvivona/agents/tidbyt-data/nationalday/nationalmonth.json
[2026-05-07T20:06:04] git add --all in /home/jvivona/agents/tidbyt-data
[2026-05-07T20:06:04] git commit -m 'National Day Calendar update'
[main ba8128ed5] National Day Calendar update
 Committer: jvivona <jvivona@joe-agent.ajcomputers.local>
Your name and email address were configured automatically based
on your username and hostname. Please check that they are accurate.
You can suppress this message by setting them explicitly. Run the
following command and follow the instructions in your editor to edit
your configuration file:

    git config --global --edit

After doing this, you may fix the identity used for this commit with:

    git commit --amend --reset-author

 3 files changed, 28 insertions(+)
[2026-05-07T20:06:04] git push origin main
To https://github.com/jvivona/tidbyt-data.git
   a72401fed..ba8128ed5  main -> main
[2026-05-07T20:06:05] finished nationalday
[2026-05-07T22:06:02] start nationalday
[2026-05-07T22:06:02] nationalday: fetching https://www.nationaldaycalendar.com/feed
[2026-05-07T22:06:02] chrome --dump-dom https://www.nationaldaycalendar.com/feed
[2026-05-07T22:06:03] wrote /home/jvivona/agents/tidbyt-data/nationalday/nationalday.json
[2026-05-07T22:06:03] wrote /home/jvivona/agents/tidbyt-data/nationalday/nationalweek.json
[2026-05-07T22:06:03] wrote /home/jvivona/agents/tidbyt-data/nationalday/nationalmonth.json
[2026-05-07T22:06:03] git add --all in /home/jvivona/agents/tidbyt-data
[2026-05-07T22:06:03] git commit -m 'National Day Calendar update'
[main ffdc9587a] National Day Calendar update
 Committer: jvivona <jvivona@joe-agent.ajcomputers.local>
Your name and email address were configured automatically based
on your username and hostname. Please check that they are accurate.
You can suppress this message by setting them explicitly. Run the
following command and follow the instructions in your editor to edit
your configuration file:

    git config --global --edit

After doing this, you may fix the identity used for this commit with:

    git commit --amend --reset-author

 3 files changed, 28 insertions(+)
[2026-05-07T22:06:03] git push origin main
To https://github.com/jvivona/tidbyt-data.git
   db98d50e2..ffdc9587a  main -> main
[2026-05-07T22:06:05] finished nationalday
[2026-05-08T00:06:01] start nationalday
[2026-05-08T00:06:01] nationalday: fetching https://www.nationaldaycalendar.com/feed
[2026-05-08T00:06:01] chrome --dump-dom https://www.nationaldaycalendar.com/feed
[2026-05-08T00:06:03] wrote /home/jvivona/agents/tidbyt-data/nationalday/nationalday.json
[2026-05-08T00:06:03] wrote /home/jvivona/agents/tidbyt-data/nationalday/nationalweek.json
[2026-05-08T00:06:03] wrote /home/jvivona/agents/tidbyt-data/nationalday/nationalmonth.json
[2026-05-08T00:06:03] git add --all in /home/jvivona/agents/tidbyt-data
[2026-05-08T00:06:03] git commit -m 'National Day Calendar update'
[main 9093fbf91] National Day Calendar update
 Committer: jvivona <jvivona@joe-agent.ajcomputers.local>
Your name and email address were configured automatically based
on your username and hostname. Please check that they are accurate.
You can suppress this message by setting them explicitly. Run the
following command and follow the instructions in your editor to edit
your configuration file:

    git config --global --edit

After doing this, you may fix the identity used for this commit with:

    git commit --amend --reset-author

 6 files changed, 31 insertions(+), 3 deletions(-)
[2026-05-08T00:06:03] git push origin main
To https://github.com/jvivona/tidbyt-data.git
   5adf85e2f..9093fbf91  main -> main
[2026-05-08T00:06:04] finished nationalday
[2026-05-08T02:06:01] start nationalday
[2026-05-08T02:06:01] nationalday: fetching https://www.nationaldaycalendar.com/feed
[2026-05-08T02:06:01] chrome --dump-dom https://www.nationaldaycalendar.com/feed
[2026-05-08T02:06:03] wrote /home/jvivona/agents/tidbyt-data/nationalday/nationalday.json
[2026-05-08T02:06:03] wrote /home/jvivona/agents/tidbyt-data/nationalday/nationalweek.json
[2026-05-08T02:06:03] wrote /home/jvivona/agents/tidbyt-data/nationalday/nationalmonth.json
[2026-05-08T02:06:03] git add --all in /home/jvivona/agents/tidbyt-data
[2026-05-08T02:06:03] git commit -m 'National Day Calendar update'
[main 63d9cd3f7] National Day Calendar update
 Committer: jvivona <jvivona@joe-agent.ajcomputers.local>
Your name and email address were configured automatically based
on your username and hostname. Please check that they are accurate.
You can suppress this message by setting them explicitly. Run the
following command and follow the instructions in your editor to edit
your configuration file:

    git config --global --edit

After doing this, you may fix the identity used for this commit with:

    git commit --amend --reset-author

 5 files changed, 56 insertions(+), 25 deletions(-)
[2026-05-08T02:06:03] git push origin main
To https://github.com/jvivona/tidbyt-data.git
   7a1069c38..63d9cd3f7  main -> main
[2026-05-08T02:06:04] finished nationalday
[2026-05-08T04:06:02] start nationalday
[2026-05-08T04:06:02] nationalday: fetching https://www.nationaldaycalendar.com/feed
[2026-05-08T04:06:02] chrome --dump-dom https://www.nationaldaycalendar.com/feed
[2026-05-08T04:06:04] wrote /home/jvivona/agents/tidbyt-data/nationalday/nationalday.json
[2026-05-08T04:06:04] wrote /home/jvivona/agents/tidbyt-data/nationalday/nationalweek.json
[2026-05-08T04:06:04] wrote /home/jvivona/agents/tidbyt-data/nationalday/nationalmonth.json
[2026-05-08T04:06:04] git add --all in /home/jvivona/agents/tidbyt-data
[2026-05-08T04:06:04] git commit -m 'National Day Calendar update'
[main 2270f393e] National Day Calendar update
 Committer: jvivona <jvivona@joe-agent.ajcomputers.local>
Your name and email address were configured automatically based
on your username and hostname. Please check that they are accurate.
You can suppress this message by setting them explicitly. Run the
following command and follow the instructions in your editor to edit
your configuration file:

    git config --global --edit

After doing this, you may fix the identity used for this commit with:

    git commit --amend --reset-author

 3 files changed, 28 insertions(+)
[2026-05-08T04:06:04] git push origin main
To https://github.com/jvivona/tidbyt-data.git
   52751bb9c..2270f393e  main -> main
[2026-05-08T04:06:05] finished nationalday
[2026-05-08T06:06:01] start nationalday
[2026-05-08T06:06:01] nationalday: fetching https://www.nationaldaycalendar.com/feed
[2026-05-08T06:06:01] chrome --dump-dom https://www.nationaldaycalendar.com/feed
[2026-05-08T06:06:03] wrote /home/jvivona/agents/tidbyt-data/nationalday/nationalday.json
[2026-05-08T06:06:03] wrote /home/jvivona/agents/tidbyt-data/nationalday/nationalweek.json
[2026-05-08T06:06:03] wrote /home/jvivona/agents/tidbyt-data/nationalday/nationalmonth.json
[2026-05-08T06:06:03] git add --all in /home/jvivona/agents/tidbyt-data
[2026-05-08T06:06:03] git commit -m 'National Day Calendar update'
[main e3feacd7a] National Day Calendar update
 Committer: jvivona <jvivona@joe-agent.ajcomputers.local>
Your name and email address were configured automatically based
on your username and hostname. Please check that they are accurate.
You can suppress this message by setting them explicitly. Run the
following command and follow the instructions in your editor to edit
your configuration file:

    git config --global --edit

After doing this, you may fix the identity used for this commit with:

    git commit --amend --reset-author

 3 files changed, 28 insertions(+)
[2026-05-08T06:06:03] git push origin main
To https://github.com/jvivona/tidbyt-data.git
   5244936a3..e3feacd7a  main -> main
[2026-05-08T06:06:04] finished nationalday
[2026-05-08T08:06:02] start nationalday
[2026-05-08T08:06:02] nationalday: fetching https://www.nationaldaycalendar.com/feed
[2026-05-08T08:06:02] chrome --dump-dom https://www.nationaldaycalendar.com/feed
[2026-05-08T08:06:04] wrote /home/jvivona/agents/tidbyt-data/nationalday/nationalday.json
[2026-05-08T08:06:04] wrote /home/jvivona/agents/tidbyt-data/nationalday/nationalweek.json
[2026-05-08T08:06:04] wrote /home/jvivona/agents/tidbyt-data/nationalday/nationalmonth.json
[2026-05-08T08:06:04] git add --all in /home/jvivona/agents/tidbyt-data
[2026-05-08T08:06:04] git commit -m 'National Day Calendar update'
[main c0a2db06d] National Day Calendar update
 Committer: jvivona <jvivona@joe-agent.ajcomputers.local>
Your name and email address were configured automatically based
on your username and hostname. Please check that they are accurate.
You can suppress this message by setting them explicitly. Run the
following command and follow the instructions in your editor to edit
your configuration file:

    git config --global --edit

After doing this, you may fix the identity used for this commit with:

    git commit --amend --reset-author

 3 files changed, 28 insertions(+)
[2026-05-08T08:06:04] git push origin main
To https://github.com/jvivona/tidbyt-data.git
   23bb940fb..c0a2db06d  main -> main
[2026-05-08T08:06:05] finished nationalday
[2026-05-08T10:06:02] start nationalday
[2026-05-08T10:06:02] nationalday: fetching https://www.nationaldaycalendar.com/feed
[2026-05-08T10:06:02] chrome --dump-dom https://www.nationaldaycalendar.com/feed
[2026-05-08T10:06:04] wrote /home/jvivona/agents/tidbyt-data/nationalday/nationalday.json
[2026-05-08T10:06:04] wrote /home/jvivona/agents/tidbyt-data/nationalday/nationalweek.json
[2026-05-08T10:06:04] wrote /home/jvivona/agents/tidbyt-data/nationalday/nationalmonth.json
[2026-05-08T10:06:04] git add --all in /home/jvivona/agents/tidbyt-data
[2026-05-08T10:06:04] git commit -m 'National Day Calendar update'
[main 11b04d871] National Day Calendar update
 Committer: jvivona <jvivona@joe-agent.ajcomputers.local>
Your name and email address were configured automatically based
on your username and hostname. Please check that they are accurate.
You can suppress this message by setting them explicitly. Run the
following command and follow the instructions in your editor to edit
your configuration file:

    git config --global --edit

After doing this, you may fix the identity used for this commit with:

    git commit --amend --reset-author

 3 files changed, 28 insertions(+)
[2026-05-08T10:06:04] git push origin main
To https://github.com/jvivona/tidbyt-data.git
   a3ccf12a1..11b04d871  main -> main
[2026-05-08T10:06:05] finished nationalday
[2026-05-08T12:06:01] start nationalday
[2026-05-08T12:06:01] nationalday: fetching https://www.nationaldaycalendar.com/feed
[2026-05-08T12:06:01] chrome --dump-dom https://www.nationaldaycalendar.com/feed
[2026-05-08T12:06:03] wrote /home/jvivona/agents/tidbyt-data/nationalday/nationalday.json
[2026-05-08T12:06:03] wrote /home/jvivona/agents/tidbyt-data/nationalday/nationalweek.json
[2026-05-08T12:06:03] wrote /home/jvivona/agents/tidbyt-data/nationalday/nationalmonth.json
[2026-05-08T12:06:03] git add --all in /home/jvivona/agents/tidbyt-data
[2026-05-08T12:06:03] git commit -m 'National Day Calendar update'
[main e51eef13d] National Day Calendar update
 Committer: jvivona <jvivona@joe-agent.ajcomputers.local>
Your name and email address were configured automatically based
on your username and hostname. Please check that they are accurate.
You can suppress this message by setting them explicitly. Run the
following command and follow the instructions in your editor to edit
your configuration file:

    git config --global --edit

After doing this, you may fix the identity used for this commit with:

    git commit --amend --reset-author

 3 files changed, 28 insertions(+)
[2026-05-08T12:06:03] git push origin main
To https://github.com/jvivona/tidbyt-data.git
   7aa0ff340..e51eef13d  main -> main
[2026-05-08T12:06:04] finished nationalday
[2026-05-08T14:06:01] start nationalday
[2026-05-08T14:06:01] nationalday: fetching https://www.nationaldaycalendar.com/feed
[2026-05-08T14:06:01] chrome --dump-dom https://www.nationaldaycalendar.com/feed
[2026-05-08T14:06:03] wrote /home/jvivona/agents/tidbyt-data/nationalday/nationalday.json
[2026-05-08T14:06:03] wrote /home/jvivona/agents/tidbyt-data/nationalday/nationalweek.json
[2026-05-08T14:06:03] wrote /home/jvivona/agents/tidbyt-data/nationalday/nationalmonth.json
[2026-05-08T14:06:03] git add --all in /home/jvivona/agents/tidbyt-data
[2026-05-08T14:06:03] git commit -m 'National Day Calendar update'
[main 28cafd768] National Day Calendar update
 Committer: jvivona <jvivona@joe-agent.ajcomputers.local>
Your name and email address were configured automatically based
on your username and hostname. Please check that they are accurate.
You can suppress this message by setting them explicitly. Run the
following command and follow the instructions in your editor to edit
your configuration file:

    git config --global --edit

After doing this, you may fix the identity used for this commit with:

    git commit --amend --reset-author

 3 files changed, 28 insertions(+)
[2026-05-08T14:06:03] git push origin main
To https://github.com/jvivona/tidbyt-data.git
   4872834de..28cafd768  main -> main
[2026-05-08T14:06:04] finished nationalday
[2026-05-08T16:06:02] start nationalday
[2026-05-08T16:06:02] nationalday: fetching https://www.nationaldaycalendar.com/feed
[2026-05-08T16:06:02] chrome --dump-dom https://www.nationaldaycalendar.com/feed
[2026-05-08T16:06:03] wrote /home/jvivona/agents/tidbyt-data/nationalday/nationalday.json
[2026-05-08T16:06:03] wrote /home/jvivona/agents/tidbyt-data/nationalday/nationalweek.json
[2026-05-08T16:06:03] wrote /home/jvivona/agents/tidbyt-data/nationalday/nationalmonth.json
[2026-05-08T16:06:03] git add --all in /home/jvivona/agents/tidbyt-data
[2026-05-08T16:06:03] git commit -m 'National Day Calendar update'
[main cbeb1fd26] National Day Calendar update
 Committer: jvivona <jvivona@joe-agent.ajcomputers.local>
Your name and email address were configured automatically based
on your username and hostname. Please check that they are accurate.
You can suppress this message by setting them explicitly. Run the
following command and follow the instructions in your editor to edit
your configuration file:

    git config --global --edit

After doing this, you may fix the identity used for this commit with:

    git commit --amend --reset-author

 3 files changed, 28 insertions(+)
[2026-05-08T16:06:03] git push origin main
To https://github.com/jvivona/tidbyt-data.git
   ffb249d6f..cbeb1fd26  main -> main
[2026-05-08T16:06:05] finished nationalday
[2026-05-08T18:06:02] start nationalday
[2026-05-08T18:06:02] nationalday: fetching https://www.nationaldaycalendar.com/feed
[2026-05-08T18:06:02] chrome --dump-dom https://www.nationaldaycalendar.com/feed
[2026-05-08T18:06:04] wrote /home/jvivona/agents/tidbyt-data/nationalday/nationalday.json
[2026-05-08T18:06:04] wrote /home/jvivona/agents/tidbyt-data/nationalday/nationalweek.json
[2026-05-08T18:06:04] wrote /home/jvivona/agents/tidbyt-data/nationalday/nationalmonth.json
[2026-05-08T18:06:04] git add --all in /home/jvivona/agents/tidbyt-data
[2026-05-08T18:06:04] git commit -m 'National Day Calendar update'
[main 73a696fab] National Day Calendar update
 Committer: jvivona <jvivona@joe-agent.ajcomputers.local>
Your name and email address were configured automatically based
on your username and hostname. Please check that they are accurate.
You can suppress this message by setting them explicitly. Run the
following command and follow the instructions in your editor to edit
your configuration file:

    git config --global --edit

After doing this, you may fix the identity used for this commit with:

    git commit --amend --reset-author

 3 files changed, 28 insertions(+)
[2026-05-08T18:06:04] git push origin main
To https://github.com/jvivona/tidbyt-data.git
   6f872544a..73a696fab  main -> main
[2026-05-08T18:06:05] finished nationalday
[2026-05-08T20:06:01] start nationalday
[2026-05-08T20:06:01] nationalday: fetching https://www.nationaldaycalendar.com/feed
[2026-05-08T20:06:01] chrome --dump-dom https://www.nationaldaycalendar.com/feed
[2026-05-08T20:06:03] wrote /home/jvivona/agents/tidbyt-data/nationalday/nationalday.json
[2026-05-08T20:06:03] wrote /home/jvivona/agents/tidbyt-data/nationalday/nationalweek.json
[2026-05-08T20:06:03] wrote /home/jvivona/agents/tidbyt-data/nationalday/nationalmonth.json
[2026-05-08T20:06:03] git add --all in /home/jvivona/agents/tidbyt-data
[2026-05-08T20:06:03] git commit -m 'National Day Calendar update'
[main d9c73c6ff] National Day Calendar update
 Committer: jvivona <jvivona@joe-agent.ajcomputers.local>
Your name and email address were configured automatically based
on your username and hostname. Please check that they are accurate.
You can suppress this message by setting them explicitly. Run the
following command and follow the instructions in your editor to edit
your configuration file:

    git config --global --edit

After doing this, you may fix the identity used for this commit with:

    git commit --amend --reset-author

 3 files changed, 28 insertions(+)
[2026-05-08T20:06:03] git push origin main
To https://github.com/jvivona/tidbyt-data.git
   d6cf61d40..d9c73c6ff  main -> main
[2026-05-08T20:06:04] finished nationalday
[2026-05-08T22:06:02] start nationalday
[2026-05-08T22:06:02] nationalday: fetching https://www.nationaldaycalendar.com/feed
[2026-05-08T22:06:02] chrome --dump-dom https://www.nationaldaycalendar.com/feed
[2026-05-08T22:06:03] wrote /home/jvivona/agents/tidbyt-data/nationalday/nationalday.json
[2026-05-08T22:06:03] wrote /home/jvivona/agents/tidbyt-data/nationalday/nationalweek.json
[2026-05-08T22:06:03] wrote /home/jvivona/agents/tidbyt-data/nationalday/nationalmonth.json
[2026-05-08T22:06:03] git add --all in /home/jvivona/agents/tidbyt-data
[2026-05-08T22:06:04] git commit -m 'National Day Calendar update'
[main 626a37d1c] National Day Calendar update
 Committer: jvivona <jvivona@joe-agent.ajcomputers.local>
Your name and email address were configured automatically based
on your username and hostname. Please check that they are accurate.
You can suppress this message by setting them explicitly. Run the
following command and follow the instructions in your editor to edit
your configuration file:

    git config --global --edit

After doing this, you may fix the identity used for this commit with:

    git commit --amend --reset-author

 3 files changed, 28 insertions(+)
[2026-05-08T22:06:04] git push origin main
To https://github.com/jvivona/tidbyt-data.git
   e0f1fc05e..626a37d1c  main -> main
[2026-05-08T22:06:05] finished nationalday
[2026-05-09T00:06:01] start nationalday
[2026-05-09T00:06:01] nationalday: fetching https://www.nationaldaycalendar.com/feed
[2026-05-09T00:06:01] chrome --dump-dom https://www.nationaldaycalendar.com/feed
[2026-05-09T00:06:03] wrote /home/jvivona/agents/tidbyt-data/nationalday/nationalday.json
[2026-05-09T00:06:03] wrote /home/jvivona/agents/tidbyt-data/nationalday/nationalweek.json
[2026-05-09T00:06:03] wrote /home/jvivona/agents/tidbyt-data/nationalday/nationalmonth.json
[2026-05-09T00:06:03] git add --all in /home/jvivona/agents/tidbyt-data
[2026-05-09T00:06:03] git commit -m 'National Day Calendar update'
[main f00742b1d] National Day Calendar update
 Committer: jvivona <jvivona@joe-agent.ajcomputers.local>
Your name and email address were configured automatically based
on your username and hostname. Please check that they are accurate.
You can suppress this message by setting them explicitly. Run the
following command and follow the instructions in your editor to edit
your configuration file:

    git config --global --edit

After doing this, you may fix the identity used for this commit with:

    git commit --amend --reset-author

 6 files changed, 31 insertions(+), 3 deletions(-)
[2026-05-09T00:06:03] git push origin main
To https://github.com/jvivona/tidbyt-data.git
   da898f27f..f00742b1d  main -> main
[2026-05-09T00:06:05] finished nationalday
[2026-05-09T02:06:02] start nationalday
[2026-05-09T02:06:02] nationalday: fetching https://www.nationaldaycalendar.com/feed
[2026-05-09T02:06:02] chrome --dump-dom https://www.nationaldaycalendar.com/feed
[2026-05-09T02:06:04] wrote /home/jvivona/agents/tidbyt-data/nationalday/nationalday.json
[2026-05-09T02:06:04] wrote /home/jvivona/agents/tidbyt-data/nationalday/nationalweek.json
[2026-05-09T02:06:04] wrote /home/jvivona/agents/tidbyt-data/nationalday/nationalmonth.json
[2026-05-09T02:06:04] git add --all in /home/jvivona/agents/tidbyt-data
[2026-05-09T02:06:04] git commit -m 'National Day Calendar update'
[main efc0569bd] National Day Calendar update
 Committer: jvivona <jvivona@joe-agent.ajcomputers.local>
Your name and email address were configured automatically based
on your username and hostname. Please check that they are accurate.
You can suppress this message by setting them explicitly. Run the
following command and follow the instructions in your editor to edit
your configuration file:

    git config --global --edit

After doing this, you may fix the identity used for this commit with:

    git commit --amend --reset-author

 5 files changed, 62 insertions(+), 29 deletions(-)
[2026-05-09T02:06:04] git push origin main
To https://github.com/jvivona/tidbyt-data.git
   44db2097f..efc0569bd  main -> main
[2026-05-09T02:06:05] finished nationalday
[2026-05-09T04:06:01] start nationalday
[2026-05-09T04:06:01] nationalday: fetching https://www.nationaldaycalendar.com/feed
[2026-05-09T04:06:01] chrome --dump-dom https://www.nationaldaycalendar.com/feed
[2026-05-09T04:06:03] wrote /home/jvivona/agents/tidbyt-data/nationalday/nationalday.json
[2026-05-09T04:06:03] wrote /home/jvivona/agents/tidbyt-data/nationalday/nationalweek.json
[2026-05-09T04:06:03] wrote /home/jvivona/agents/tidbyt-data/nationalday/nationalmonth.json
[2026-05-09T04:06:03] git add --all in /home/jvivona/agents/tidbyt-data
[2026-05-09T04:06:03] git commit -m 'National Day Calendar update'
[main 32aa9056c] National Day Calendar update
 Committer: jvivona <jvivona@joe-agent.ajcomputers.local>
Your name and email address were configured automatically based
on your username and hostname. Please check that they are accurate.
You can suppress this message by setting them explicitly. Run the
following command and follow the instructions in your editor to edit
your configuration file:

    git config --global --edit

After doing this, you may fix the identity used for this commit with:

    git commit --amend --reset-author

 3 files changed, 28 insertions(+)
[2026-05-09T04:06:03] git push origin main
To https://github.com/jvivona/tidbyt-data.git
   55c0316df..32aa9056c  main -> main
[2026-05-09T04:06:04] finished nationalday
[2026-05-09T06:06:01] start nationalday
[2026-05-09T06:06:01] nationalday: fetching https://www.nationaldaycalendar.com/feed
[2026-05-09T06:06:01] chrome --dump-dom https://www.nationaldaycalendar.com/feed
[2026-05-09T06:06:03] wrote /home/jvivona/agents/tidbyt-data/nationalday/nationalday.json
[2026-05-09T06:06:03] wrote /home/jvivona/agents/tidbyt-data/nationalday/nationalweek.json
[2026-05-09T06:06:03] wrote /home/jvivona/agents/tidbyt-data/nationalday/nationalmonth.json
[2026-05-09T06:06:03] git add --all in /home/jvivona/agents/tidbyt-data
[2026-05-09T06:06:03] git commit -m 'National Day Calendar update'
[main bc2c9ab14] National Day Calendar update
 Committer: jvivona <jvivona@joe-agent.ajcomputers.local>
Your name and email address were configured automatically based
on your username and hostname. Please check that they are accurate.
You can suppress this message by setting them explicitly. Run the
following command and follow the instructions in your editor to edit
your configuration file:

    git config --global --edit

After doing this, you may fix the identity used for this commit with:

    git commit --amend --reset-author

 3 files changed, 28 insertions(+)
[2026-05-09T06:06:03] git push origin main
To https://github.com/jvivona/tidbyt-data.git
   511f63993..bc2c9ab14  main -> main
[2026-05-09T06:06:05] finished nationalday
[2026-05-09T08:06:01] start nationalday
[2026-05-09T08:06:01] nationalday: fetching https://www.nationaldaycalendar.com/feed
[2026-05-09T08:06:01] chrome --dump-dom https://www.nationaldaycalendar.com/feed
[2026-05-09T08:06:03] wrote /home/jvivona/agents/tidbyt-data/nationalday/nationalday.json
[2026-05-09T08:06:03] wrote /home/jvivona/agents/tidbyt-data/nationalday/nationalweek.json
[2026-05-09T08:06:03] wrote /home/jvivona/agents/tidbyt-data/nationalday/nationalmonth.json
[2026-05-09T08:06:03] git add --all in /home/jvivona/agents/tidbyt-data
[2026-05-09T08:06:03] git commit -m 'National Day Calendar update'
[main 549f1b21e] National Day Calendar update
 Committer: jvivona <jvivona@joe-agent.ajcomputers.local>
Your name and email address were configured automatically based
on your username and hostname. Please check that they are accurate.
You can suppress this message by setting them explicitly. Run the
following command and follow the instructions in your editor to edit
your configuration file:

    git config --global --edit

After doing this, you may fix the identity used for this commit with:

    git commit --amend --reset-author

 3 files changed, 28 insertions(+)
[2026-05-09T08:06:03] git push origin main
To https://github.com/jvivona/tidbyt-data.git
   277a5feb5..549f1b21e  main -> main
[2026-05-09T08:06:04] finished nationalday
[2026-05-09T10:06:02] start nationalday
[2026-05-09T10:06:02] nationalday: fetching https://www.nationaldaycalendar.com/feed
[2026-05-09T10:06:02] chrome --dump-dom https://www.nationaldaycalendar.com/feed
[2026-05-09T10:06:04] wrote /home/jvivona/agents/tidbyt-data/nationalday/nationalday.json
[2026-05-09T10:06:04] wrote /home/jvivona/agents/tidbyt-data/nationalday/nationalweek.json
[2026-05-09T10:06:04] wrote /home/jvivona/agents/tidbyt-data/nationalday/nationalmonth.json
[2026-05-09T10:06:04] git add --all in /home/jvivona/agents/tidbyt-data
[2026-05-09T10:06:04] git commit -m 'National Day Calendar update'
[main 47852027e] National Day Calendar update
 Committer: jvivona <jvivona@joe-agent.ajcomputers.local>
Your name and email address were configured automatically based
on your username and hostname. Please check that they are accurate.
You can suppress this message by setting them explicitly. Run the
following command and follow the instructions in your editor to edit
your configuration file:

    git config --global --edit

After doing this, you may fix the identity used for this commit with:

    git commit --amend --reset-author

 3 files changed, 28 insertions(+)
[2026-05-09T10:06:04] git push origin main
To https://github.com/jvivona/tidbyt-data.git
   72c5d107b..47852027e  main -> main
[2026-05-09T10:06:05] finished nationalday
[2026-05-09T12:06:01] start nationalday
[2026-05-09T12:06:01] nationalday: fetching https://www.nationaldaycalendar.com/feed
[2026-05-09T12:06:01] chrome --dump-dom https://www.nationaldaycalendar.com/feed
[2026-05-09T12:06:03] wrote /home/jvivona/agents/tidbyt-data/nationalday/nationalday.json
[2026-05-09T12:06:03] wrote /home/jvivona/agents/tidbyt-data/nationalday/nationalweek.json
[2026-05-09T12:06:03] wrote /home/jvivona/agents/tidbyt-data/nationalday/nationalmonth.json
[2026-05-09T12:06:03] git add --all in /home/jvivona/agents/tidbyt-data
[2026-05-09T12:06:03] git commit -m 'National Day Calendar update'
[main 95ee05ca0] National Day Calendar update
 Committer: jvivona <jvivona@joe-agent.ajcomputers.local>
Your name and email address were configured automatically based
on your username and hostname. Please check that they are accurate.
You can suppress this message by setting them explicitly. Run the
following command and follow the instructions in your editor to edit
your configuration file:

    git config --global --edit

After doing this, you may fix the identity used for this commit with:

    git commit --amend --reset-author

 3 files changed, 28 insertions(+)
[2026-05-09T12:06:03] git push origin main
To https://github.com/jvivona/tidbyt-data.git
   86696020d..95ee05ca0  main -> main
[2026-05-09T12:06:04] finished nationalday
[2026-05-09T14:06:02] start nationalday
[2026-05-09T14:06:02] nationalday: fetching https://www.nationaldaycalendar.com/feed
[2026-05-09T14:06:02] chrome --dump-dom https://www.nationaldaycalendar.com/feed
[2026-05-09T14:06:04] wrote /home/jvivona/agents/tidbyt-data/nationalday/nationalday.json
[2026-05-09T14:06:04] wrote /home/jvivona/agents/tidbyt-data/nationalday/nationalweek.json
[2026-05-09T14:06:04] wrote /home/jvivona/agents/tidbyt-data/nationalday/nationalmonth.json
[2026-05-09T14:06:04] git add --all in /home/jvivona/agents/tidbyt-data
[2026-05-09T14:06:04] git commit -m 'National Day Calendar update'
[main d3d7940c3] National Day Calendar update
 Committer: jvivona <jvivona@joe-agent.ajcomputers.local>
Your name and email address were configured automatically based
on your username and hostname. Please check that they are accurate.
You can suppress this message by setting them explicitly. Run the
following command and follow the instructions in your editor to edit
your configuration file:

    git config --global --edit

After doing this, you may fix the identity used for this commit with:

    git commit --amend --reset-author

 3 files changed, 28 insertions(+)
[2026-05-09T14:06:04] git push origin main
To https://github.com/jvivona/tidbyt-data.git
   5bc8d1874..d3d7940c3  main -> main
[2026-05-09T14:06:05] finished nationalday
[2026-05-09T16:06:01] start nationalday
[2026-05-09T16:06:01] nationalday: fetching https://www.nationaldaycalendar.com/feed
[2026-05-09T16:06:01] chrome --dump-dom https://www.nationaldaycalendar.com/feed
[2026-05-09T16:06:03] wrote /home/jvivona/agents/tidbyt-data/nationalday/nationalday.json
[2026-05-09T16:06:03] wrote /home/jvivona/agents/tidbyt-data/nationalday/nationalweek.json
[2026-05-09T16:06:03] wrote /home/jvivona/agents/tidbyt-data/nationalday/nationalmonth.json
[2026-05-09T16:06:03] git add --all in /home/jvivona/agents/tidbyt-data
[2026-05-09T16:06:03] git commit -m 'National Day Calendar update'
[main 29932f38e] National Day Calendar update
 Committer: jvivona <jvivona@joe-agent.ajcomputers.local>
Your name and email address were configured automatically based
on your username and hostname. Please check that they are accurate.
You can suppress this message by setting them explicitly. Run the
following command and follow the instructions in your editor to edit
your configuration file:

    git config --global --edit

After doing this, you may fix the identity used for this commit with:

    git commit --amend --reset-author

 3 files changed, 28 insertions(+)
[2026-05-09T16:06:03] git push origin main
To https://github.com/jvivona/tidbyt-data.git
   e4e2b61a2..29932f38e  main -> main
[2026-05-09T16:06:04] finished nationalday
[2026-05-09T18:06:02] start nationalday
[2026-05-09T18:06:02] nationalday: fetching https://www.nationaldaycalendar.com/feed
[2026-05-09T18:06:02] chrome --dump-dom https://www.nationaldaycalendar.com/feed
[2026-05-09T18:06:04] wrote /home/jvivona/agents/tidbyt-data/nationalday/nationalday.json
[2026-05-09T18:06:04] wrote /home/jvivona/agents/tidbyt-data/nationalday/nationalweek.json
[2026-05-09T18:06:04] wrote /home/jvivona/agents/tidbyt-data/nationalday/nationalmonth.json
[2026-05-09T18:06:04] git add --all in /home/jvivona/agents/tidbyt-data
[2026-05-09T18:06:04] git commit -m 'National Day Calendar update'
[main b47226644] National Day Calendar update
 Committer: jvivona <jvivona@joe-agent.ajcomputers.local>
Your name and email address were configured automatically based
on your username and hostname. Please check that they are accurate.
You can suppress this message by setting them explicitly. Run the
following command and follow the instructions in your editor to edit
your configuration file:

    git config --global --edit

After doing this, you may fix the identity used for this commit with:

    git commit --amend --reset-author

 3 files changed, 28 insertions(+)
[2026-05-09T18:06:04] git push origin main
To https://github.com/jvivona/tidbyt-data.git
   afaef0e98..b47226644  main -> main
[2026-05-09T18:06:05] finished nationalday
