[2026-05-10T10:01:01] start thisdayinhistwikipedia
[2026-05-10T10:01:01] thisdayinhist[en] https://en.wikipedia.org/api/rest_v1/feed/onthisday/all/05/10
[2026-05-10T10:01:01] GET https://en.wikipedia.org/api/rest_v1/feed/onthisday/all/05/10
[2026-05-10T10:01:01] wrote /home/jvivona/agents/tidbyt-data/thisdayinhistwikipedia/thisdayinhist.json
[2026-05-10T10:01:01] thisdayinhist[es] https://es.wikipedia.org/api/rest_v1/feed/onthisday/all/05/10
[2026-05-10T10:01:01] GET https://es.wikipedia.org/api/rest_v1/feed/onthisday/all/05/10
[2026-05-10T10:01:04] wrote /home/jvivona/agents/tidbyt-data/thisdayinhistwikipedia/es/thisdayinhist.json
[2026-05-10T10:01:04] thisdayinhist[de] https://de.wikipedia.org/api/rest_v1/feed/onthisday/all/05/10
[2026-05-10T10:01:04] GET https://de.wikipedia.org/api/rest_v1/feed/onthisday/all/05/10
[2026-05-10T10:01:08] wrote /home/jvivona/agents/tidbyt-data/thisdayinhistwikipedia/de/thisdayinhist.json
[2026-05-10T10:01:08] thisdayinhist[it] https://it.wikipedia.org/api/rest_v1/feed/onthisday/all/05/10
[2026-05-10T10:01:08] GET https://it.wikipedia.org/api/rest_v1/feed/onthisday/all/05/10
[2026-05-10T10:01:10] wrote /home/jvivona/agents/tidbyt-data/thisdayinhistwikipedia/it/thisdayinhist.json
[2026-05-10T10:01:10] thisdayinhist[zh] https://zh.wikipedia.org/api/rest_v1/feed/onthisday/all/05/10
[2026-05-10T10:01:10] GET https://zh.wikipedia.org/api/rest_v1/feed/onthisday/all/05/10
[2026-05-10T10:01:13] wrote /home/jvivona/agents/tidbyt-data/thisdayinhistwikipedia/testing/thisdayinhist.json
[2026-05-10T10:01:13] thisdayinhist[fr] https://fr.wikipedia.org/api/rest_v1/feed/onthisday/all/05/10
[2026-05-10T10:01:13] GET https://fr.wikipedia.org/api/rest_v1/feed/onthisday/all/05/10
[2026-05-10T10:01:18] wrote /home/jvivona/agents/tidbyt-data/thisdayinhistwikipedia/testing/thisdayinhist.json
[2026-05-10T10:01:18] thisdayinhist[sv] https://sv.wikipedia.org/api/rest_v1/feed/onthisday/all/05/10
[2026-05-10T10:01:18] GET https://sv.wikipedia.org/api/rest_v1/feed/onthisday/all/05/10
[2026-05-10T10:01:21] wrote /home/jvivona/agents/tidbyt-data/thisdayinhistwikipedia/testing/thisdayinhist.json
[2026-05-10T10:01:21] thisdayinhist[ar] https://ar.wikipedia.org/api/rest_v1/feed/onthisday/all/05/10
[2026-05-10T10:01:21] GET https://ar.wikipedia.org/api/rest_v1/feed/onthisday/all/05/10
[2026-05-10T10:01:23] wrote /home/jvivona/agents/tidbyt-data/thisdayinhistwikipedia/testing/thisdayinhist.json
[2026-05-10T10:01:23] git add --all in /home/jvivona/agents/tidbyt-data
[2026-05-10T10:01:23] git commit -m 'This Day in Hist update'
[main 821df01b5] This Day in Hist update
 8 files changed, 226 insertions(+), 186 deletions(-)
[2026-05-10T10:01:23] git push origin main
To https://github.com/jvivona/tidbyt-data.git
   ceb8ed1b2..821df01b5  main -> main
[2026-05-10T10:01:25] finished thisdayinhistwikipedia
[2026-05-10T12:01:01] start thisdayinhistwikipedia
[2026-05-10T12:01:01] thisdayinhist[en] https://en.wikipedia.org/api/rest_v1/feed/onthisday/all/05/10
[2026-05-10T12:01:01] GET https://en.wikipedia.org/api/rest_v1/feed/onthisday/all/05/10
[2026-05-10T12:01:02] wrote /home/jvivona/agents/tidbyt-data/thisdayinhistwikipedia/thisdayinhist.json
[2026-05-10T12:01:02] thisdayinhist[es] https://es.wikipedia.org/api/rest_v1/feed/onthisday/all/05/10
[2026-05-10T12:01:02] GET https://es.wikipedia.org/api/rest_v1/feed/onthisday/all/05/10
[2026-05-10T12:01:03] wrote /home/jvivona/agents/tidbyt-data/thisdayinhistwikipedia/es/thisdayinhist.json
[2026-05-10T12:01:03] thisdayinhist[de] https://de.wikipedia.org/api/rest_v1/feed/onthisday/all/05/10
[2026-05-10T12:01:03] GET https://de.wikipedia.org/api/rest_v1/feed/onthisday/all/05/10
[2026-05-10T12:01:06] wrote /home/jvivona/agents/tidbyt-data/thisdayinhistwikipedia/de/thisdayinhist.json
[2026-05-10T12:01:06] thisdayinhist[it] https://it.wikipedia.org/api/rest_v1/feed/onthisday/all/05/10
[2026-05-10T12:01:06] GET https://it.wikipedia.org/api/rest_v1/feed/onthisday/all/05/10
[2026-05-10T12:01:09] wrote /home/jvivona/agents/tidbyt-data/thisdayinhistwikipedia/it/thisdayinhist.json
[2026-05-10T12:01:09] thisdayinhist[zh] https://zh.wikipedia.org/api/rest_v1/feed/onthisday/all/05/10
[2026-05-10T12:01:09] GET https://zh.wikipedia.org/api/rest_v1/feed/onthisday/all/05/10
[2026-05-10T12:01:11] wrote /home/jvivona/agents/tidbyt-data/thisdayinhistwikipedia/testing/thisdayinhist.json
[2026-05-10T12:01:11] thisdayinhist[fr] https://fr.wikipedia.org/api/rest_v1/feed/onthisday/all/05/10
[2026-05-10T12:01:11] GET https://fr.wikipedia.org/api/rest_v1/feed/onthisday/all/05/10
[2026-05-10T12:01:15] wrote /home/jvivona/agents/tidbyt-data/thisdayinhistwikipedia/testing/thisdayinhist.json
[2026-05-10T12:01:15] thisdayinhist[sv] https://sv.wikipedia.org/api/rest_v1/feed/onthisday/all/05/10
[2026-05-10T12:01:15] GET https://sv.wikipedia.org/api/rest_v1/feed/onthisday/all/05/10
[2026-05-10T12:01:18] wrote /home/jvivona/agents/tidbyt-data/thisdayinhistwikipedia/testing/thisdayinhist.json
[2026-05-10T12:01:18] thisdayinhist[ar] https://ar.wikipedia.org/api/rest_v1/feed/onthisday/all/05/10
[2026-05-10T12:01:18] GET https://ar.wikipedia.org/api/rest_v1/feed/onthisday/all/05/10
[2026-05-10T12:01:21] wrote /home/jvivona/agents/tidbyt-data/thisdayinhistwikipedia/testing/thisdayinhist.json
[2026-05-10T12:01:21] git add --all in /home/jvivona/agents/tidbyt-data
[2026-05-10T12:01:21] git commit -m 'This Day in Hist update'
[main 86c3e0057] This Day in Hist update
 8 files changed, 227 insertions(+), 191 deletions(-)
[2026-05-10T12:01:22] git push origin main
To https://github.com/jvivona/tidbyt-data.git
   bdcb1ade9..86c3e0057  main -> main
[2026-05-10T12:01:23] finished thisdayinhistwikipedia
[2026-05-10T14:01:01] start thisdayinhistwikipedia
[2026-05-10T14:01:01] thisdayinhist[en] https://en.wikipedia.org/api/rest_v1/feed/onthisday/all/05/10
[2026-05-10T14:01:01] GET https://en.wikipedia.org/api/rest_v1/feed/onthisday/all/05/10
[2026-05-10T14:01:01] wrote /home/jvivona/agents/tidbyt-data/thisdayinhistwikipedia/thisdayinhist.json
[2026-05-10T14:01:01] thisdayinhist[es] https://es.wikipedia.org/api/rest_v1/feed/onthisday/all/05/10
[2026-05-10T14:01:01] GET https://es.wikipedia.org/api/rest_v1/feed/onthisday/all/05/10
[2026-05-10T14:01:05] wrote /home/jvivona/agents/tidbyt-data/thisdayinhistwikipedia/es/thisdayinhist.json
[2026-05-10T14:01:05] thisdayinhist[de] https://de.wikipedia.org/api/rest_v1/feed/onthisday/all/05/10
[2026-05-10T14:01:05] GET https://de.wikipedia.org/api/rest_v1/feed/onthisday/all/05/10
[2026-05-10T14:01:07] wrote /home/jvivona/agents/tidbyt-data/thisdayinhistwikipedia/de/thisdayinhist.json
[2026-05-10T14:01:07] thisdayinhist[it] https://it.wikipedia.org/api/rest_v1/feed/onthisday/all/05/10
[2026-05-10T14:01:07] GET https://it.wikipedia.org/api/rest_v1/feed/onthisday/all/05/10
[2026-05-10T14:01:09] wrote /home/jvivona/agents/tidbyt-data/thisdayinhistwikipedia/it/thisdayinhist.json
[2026-05-10T14:01:09] thisdayinhist[zh] https://zh.wikipedia.org/api/rest_v1/feed/onthisday/all/05/10
[2026-05-10T14:01:09] GET https://zh.wikipedia.org/api/rest_v1/feed/onthisday/all/05/10
[2026-05-10T14:01:23] wrote /home/jvivona/agents/tidbyt-data/thisdayinhistwikipedia/testing/thisdayinhist.json
[2026-05-10T14:01:23] thisdayinhist[fr] https://fr.wikipedia.org/api/rest_v1/feed/onthisday/all/05/10
[2026-05-10T14:01:23] GET https://fr.wikipedia.org/api/rest_v1/feed/onthisday/all/05/10
[2026-05-10T14:01:28] wrote /home/jvivona/agents/tidbyt-data/thisdayinhistwikipedia/testing/thisdayinhist.json
[2026-05-10T14:01:28] thisdayinhist[sv] https://sv.wikipedia.org/api/rest_v1/feed/onthisday/all/05/10
[2026-05-10T14:01:28] GET https://sv.wikipedia.org/api/rest_v1/feed/onthisday/all/05/10
[2026-05-10T14:01:29] wrote /home/jvivona/agents/tidbyt-data/thisdayinhistwikipedia/testing/thisdayinhist.json
[2026-05-10T14:01:29] thisdayinhist[ar] https://ar.wikipedia.org/api/rest_v1/feed/onthisday/all/05/10
[2026-05-10T14:01:29] GET https://ar.wikipedia.org/api/rest_v1/feed/onthisday/all/05/10
[2026-05-10T14:01:30] wrote /home/jvivona/agents/tidbyt-data/thisdayinhistwikipedia/testing/thisdayinhist.json
[2026-05-10T14:01:30] git add --all in /home/jvivona/agents/tidbyt-data
[2026-05-10T14:01:30] git commit -m 'This Day in Hist update'
[main f194633b3] This Day in Hist update
 8 files changed, 224 insertions(+), 188 deletions(-)
[2026-05-10T14:01:30] git push origin main
To https://github.com/jvivona/tidbyt-data.git
   19248c139..f194633b3  main -> main
[2026-05-10T14:01:31] finished thisdayinhistwikipedia
[2026-05-10T16:01:02] start thisdayinhistwikipedia
[2026-05-10T16:01:02] thisdayinhist[en] https://en.wikipedia.org/api/rest_v1/feed/onthisday/all/05/10
[2026-05-10T16:01:02] GET https://en.wikipedia.org/api/rest_v1/feed/onthisday/all/05/10
[2026-05-10T16:01:02] wrote /home/jvivona/agents/tidbyt-data/thisdayinhistwikipedia/thisdayinhist.json
[2026-05-10T16:01:02] thisdayinhist[es] https://es.wikipedia.org/api/rest_v1/feed/onthisday/all/05/10
[2026-05-10T16:01:02] GET https://es.wikipedia.org/api/rest_v1/feed/onthisday/all/05/10
[2026-05-10T16:01:05] wrote /home/jvivona/agents/tidbyt-data/thisdayinhistwikipedia/es/thisdayinhist.json
[2026-05-10T16:01:05] thisdayinhist[de] https://de.wikipedia.org/api/rest_v1/feed/onthisday/all/05/10
[2026-05-10T16:01:05] GET https://de.wikipedia.org/api/rest_v1/feed/onthisday/all/05/10
[2026-05-10T16:01:09] wrote /home/jvivona/agents/tidbyt-data/thisdayinhistwikipedia/de/thisdayinhist.json
[2026-05-10T16:01:09] thisdayinhist[it] https://it.wikipedia.org/api/rest_v1/feed/onthisday/all/05/10
[2026-05-10T16:01:09] GET https://it.wikipedia.org/api/rest_v1/feed/onthisday/all/05/10
[2026-05-10T16:01:10] wrote /home/jvivona/agents/tidbyt-data/thisdayinhistwikipedia/it/thisdayinhist.json
[2026-05-10T16:01:10] thisdayinhist[zh] https://zh.wikipedia.org/api/rest_v1/feed/onthisday/all/05/10
[2026-05-10T16:01:10] GET https://zh.wikipedia.org/api/rest_v1/feed/onthisday/all/05/10
[2026-05-10T16:01:14] wrote /home/jvivona/agents/tidbyt-data/thisdayinhistwikipedia/testing/thisdayinhist.json
[2026-05-10T16:01:14] thisdayinhist[fr] https://fr.wikipedia.org/api/rest_v1/feed/onthisday/all/05/10
[2026-05-10T16:01:14] GET https://fr.wikipedia.org/api/rest_v1/feed/onthisday/all/05/10
[2026-05-10T16:01:17] wrote /home/jvivona/agents/tidbyt-data/thisdayinhistwikipedia/testing/thisdayinhist.json
[2026-05-10T16:01:17] thisdayinhist[sv] https://sv.wikipedia.org/api/rest_v1/feed/onthisday/all/05/10
[2026-05-10T16:01:17] GET https://sv.wikipedia.org/api/rest_v1/feed/onthisday/all/05/10
[2026-05-10T16:01:21] wrote /home/jvivona/agents/tidbyt-data/thisdayinhistwikipedia/testing/thisdayinhist.json
[2026-05-10T16:01:21] thisdayinhist[ar] https://ar.wikipedia.org/api/rest_v1/feed/onthisday/all/05/10
[2026-05-10T16:01:21] GET https://ar.wikipedia.org/api/rest_v1/feed/onthisday/all/05/10
[2026-05-10T16:01:22] wrote /home/jvivona/agents/tidbyt-data/thisdayinhistwikipedia/testing/thisdayinhist.json
[2026-05-10T16:01:22] git add --all in /home/jvivona/agents/tidbyt-data
[2026-05-10T16:01:22] git commit -m 'This Day in Hist update'
[main dec1397f1] This Day in Hist update
 8 files changed, 220 insertions(+), 184 deletions(-)
[2026-05-10T16:01:22] git push origin main
To https://github.com/jvivona/tidbyt-data.git
   4d4e3a224..dec1397f1  main -> main
[2026-05-10T16:01:23] finished thisdayinhistwikipedia
[2026-05-10T18:01:01] start thisdayinhistwikipedia
[2026-05-10T18:01:01] thisdayinhist[en] https://en.wikipedia.org/api/rest_v1/feed/onthisday/all/05/10
[2026-05-10T18:01:01] GET https://en.wikipedia.org/api/rest_v1/feed/onthisday/all/05/10
[2026-05-10T18:01:02] wrote /home/jvivona/agents/tidbyt-data/thisdayinhistwikipedia/thisdayinhist.json
[2026-05-10T18:01:02] thisdayinhist[es] https://es.wikipedia.org/api/rest_v1/feed/onthisday/all/05/10
[2026-05-10T18:01:02] GET https://es.wikipedia.org/api/rest_v1/feed/onthisday/all/05/10
[2026-05-10T18:01:06] wrote /home/jvivona/agents/tidbyt-data/thisdayinhistwikipedia/es/thisdayinhist.json
[2026-05-10T18:01:06] thisdayinhist[de] https://de.wikipedia.org/api/rest_v1/feed/onthisday/all/05/10
[2026-05-10T18:01:06] GET https://de.wikipedia.org/api/rest_v1/feed/onthisday/all/05/10
[2026-05-10T18:01:11] wrote /home/jvivona/agents/tidbyt-data/thisdayinhistwikipedia/de/thisdayinhist.json
[2026-05-10T18:01:11] thisdayinhist[it] https://it.wikipedia.org/api/rest_v1/feed/onthisday/all/05/10
[2026-05-10T18:01:11] GET https://it.wikipedia.org/api/rest_v1/feed/onthisday/all/05/10
[2026-05-10T18:01:12] wrote /home/jvivona/agents/tidbyt-data/thisdayinhistwikipedia/it/thisdayinhist.json
[2026-05-10T18:01:12] thisdayinhist[zh] https://zh.wikipedia.org/api/rest_v1/feed/onthisday/all/05/10
[2026-05-10T18:01:12] GET https://zh.wikipedia.org/api/rest_v1/feed/onthisday/all/05/10
[2026-05-10T18:01:16] wrote /home/jvivona/agents/tidbyt-data/thisdayinhistwikipedia/testing/thisdayinhist.json
[2026-05-10T18:01:16] thisdayinhist[fr] https://fr.wikipedia.org/api/rest_v1/feed/onthisday/all/05/10
[2026-05-10T18:01:16] GET https://fr.wikipedia.org/api/rest_v1/feed/onthisday/all/05/10
[2026-05-10T18:01:20] wrote /home/jvivona/agents/tidbyt-data/thisdayinhistwikipedia/testing/thisdayinhist.json
[2026-05-10T18:01:20] thisdayinhist[sv] https://sv.wikipedia.org/api/rest_v1/feed/onthisday/all/05/10
[2026-05-10T18:01:20] GET https://sv.wikipedia.org/api/rest_v1/feed/onthisday/all/05/10
[2026-05-10T18:01:21] wrote /home/jvivona/agents/tidbyt-data/thisdayinhistwikipedia/testing/thisdayinhist.json
[2026-05-10T18:01:21] thisdayinhist[ar] https://ar.wikipedia.org/api/rest_v1/feed/onthisday/all/05/10
[2026-05-10T18:01:21] GET https://ar.wikipedia.org/api/rest_v1/feed/onthisday/all/05/10
[2026-05-10T18:01:24] wrote /home/jvivona/agents/tidbyt-data/thisdayinhistwikipedia/testing/thisdayinhist.json
[2026-05-10T18:01:24] git add --all in /home/jvivona/agents/tidbyt-data
