[2026-05-04T18:01:02] start thisdayinhistwikipedia
[2026-05-04T18:01:02] thisdayinhist[en] https://en.wikipedia.org/api/rest_v1/feed/onthisday/all/05/04
[2026-05-04T18:01:02] GET https://en.wikipedia.org/api/rest_v1/feed/onthisday/all/05/04
[2026-05-04T18:01:02] wrote /home/jvivona/agents/tidbyt-data/thisdayinhistwikipedia/thisdayinhist.json
[2026-05-04T18:01:02] thisdayinhist[es] https://es.wikipedia.org/api/rest_v1/feed/onthisday/all/05/04
[2026-05-04T18:01:02] GET https://es.wikipedia.org/api/rest_v1/feed/onthisday/all/05/04
[2026-05-04T18:01:05] wrote /home/jvivona/agents/tidbyt-data/thisdayinhistwikipedia/es/thisdayinhist.json
[2026-05-04T18:01:05] thisdayinhist[de] https://de.wikipedia.org/api/rest_v1/feed/onthisday/all/05/04
[2026-05-04T18:01:05] GET https://de.wikipedia.org/api/rest_v1/feed/onthisday/all/05/04
[2026-05-04T18:01:08] wrote /home/jvivona/agents/tidbyt-data/thisdayinhistwikipedia/de/thisdayinhist.json
[2026-05-04T18:01:08] thisdayinhist[it] https://it.wikipedia.org/api/rest_v1/feed/onthisday/all/05/04
[2026-05-04T18:01:08] GET https://it.wikipedia.org/api/rest_v1/feed/onthisday/all/05/04
[2026-05-04T18:01:09] wrote /home/jvivona/agents/tidbyt-data/thisdayinhistwikipedia/it/thisdayinhist.json
[2026-05-04T18:01:09] thisdayinhist[zh] https://zh.wikipedia.org/api/rest_v1/feed/onthisday/all/05/04
[2026-05-04T18:01:09] GET https://zh.wikipedia.org/api/rest_v1/feed/onthisday/all/05/04
[2026-05-04T18:01:11] wrote /home/jvivona/agents/tidbyt-data/thisdayinhistwikipedia/testing/thisdayinhist.json
[2026-05-04T18:01:11] thisdayinhist[fr] https://fr.wikipedia.org/api/rest_v1/feed/onthisday/all/05/04
[2026-05-04T18:01:11] GET https://fr.wikipedia.org/api/rest_v1/feed/onthisday/all/05/04
[2026-05-04T18:01:16] wrote /home/jvivona/agents/tidbyt-data/thisdayinhistwikipedia/testing/thisdayinhist.json
[2026-05-04T18:01:16] thisdayinhist[sv] https://sv.wikipedia.org/api/rest_v1/feed/onthisday/all/05/04
[2026-05-04T18:01:16] GET https://sv.wikipedia.org/api/rest_v1/feed/onthisday/all/05/04
[2026-05-04T18:01:17] wrote /home/jvivona/agents/tidbyt-data/thisdayinhistwikipedia/testing/thisdayinhist.json
[2026-05-04T18:01:17] thisdayinhist[ar] https://ar.wikipedia.org/api/rest_v1/feed/onthisday/all/05/04
[2026-05-04T18:01:17] GET https://ar.wikipedia.org/api/rest_v1/feed/onthisday/all/05/04
[2026-05-04T18:01:19] wrote /home/jvivona/agents/tidbyt-data/thisdayinhistwikipedia/testing/thisdayinhist.json
[2026-05-04T18:01:19] [dry-run] would: git add+commit+push in /home/jvivona/agents/tidbyt-data: 'This Day in Hist update'
[2026-05-04T18:01:19] finished thisdayinhistwikipedia
[2026-05-04T20:01:01] start thisdayinhistwikipedia
[2026-05-04T20:01:01] thisdayinhist[en] https://en.wikipedia.org/api/rest_v1/feed/onthisday/all/05/05
[2026-05-04T20:01:01] GET https://en.wikipedia.org/api/rest_v1/feed/onthisday/all/05/05
[2026-05-04T20:01:02] wrote /home/jvivona/agents/tidbyt-data/thisdayinhistwikipedia/thisdayinhist.json
[2026-05-04T20:01:02] thisdayinhist[es] https://es.wikipedia.org/api/rest_v1/feed/onthisday/all/05/05
[2026-05-04T20:01:02] GET https://es.wikipedia.org/api/rest_v1/feed/onthisday/all/05/05
[2026-05-04T20:01:04] wrote /home/jvivona/agents/tidbyt-data/thisdayinhistwikipedia/es/thisdayinhist.json
[2026-05-04T20:01:04] thisdayinhist[de] https://de.wikipedia.org/api/rest_v1/feed/onthisday/all/05/05
[2026-05-04T20:01:04] GET https://de.wikipedia.org/api/rest_v1/feed/onthisday/all/05/05
[2026-05-04T20:01:06] wrote /home/jvivona/agents/tidbyt-data/thisdayinhistwikipedia/de/thisdayinhist.json
[2026-05-04T20:01:06] thisdayinhist[it] https://it.wikipedia.org/api/rest_v1/feed/onthisday/all/05/05
[2026-05-04T20:01:06] GET https://it.wikipedia.org/api/rest_v1/feed/onthisday/all/05/05
[2026-05-04T20:01:08] wrote /home/jvivona/agents/tidbyt-data/thisdayinhistwikipedia/it/thisdayinhist.json
[2026-05-04T20:01:08] thisdayinhist[zh] https://zh.wikipedia.org/api/rest_v1/feed/onthisday/all/05/05
[2026-05-04T20:01:08] GET https://zh.wikipedia.org/api/rest_v1/feed/onthisday/all/05/05
[2026-05-04T20:01:10] wrote /home/jvivona/agents/tidbyt-data/thisdayinhistwikipedia/testing/thisdayinhist.json
[2026-05-04T20:01:10] thisdayinhist[fr] https://fr.wikipedia.org/api/rest_v1/feed/onthisday/all/05/05
[2026-05-04T20:01:10] GET https://fr.wikipedia.org/api/rest_v1/feed/onthisday/all/05/05
[2026-05-04T20:01:13] wrote /home/jvivona/agents/tidbyt-data/thisdayinhistwikipedia/testing/thisdayinhist.json
[2026-05-04T20:01:13] thisdayinhist[sv] https://sv.wikipedia.org/api/rest_v1/feed/onthisday/all/05/05
[2026-05-04T20:01:13] GET https://sv.wikipedia.org/api/rest_v1/feed/onthisday/all/05/05
[2026-05-04T20:01:14] wrote /home/jvivona/agents/tidbyt-data/thisdayinhistwikipedia/testing/thisdayinhist.json
[2026-05-04T20:01:14] thisdayinhist[ar] https://ar.wikipedia.org/api/rest_v1/feed/onthisday/all/05/05
[2026-05-04T20:01:14] GET https://ar.wikipedia.org/api/rest_v1/feed/onthisday/all/05/05
[2026-05-04T20:01:15] wrote /home/jvivona/agents/tidbyt-data/thisdayinhistwikipedia/testing/thisdayinhist.json
[2026-05-04T20:01:15] [dry-run] would: git add+commit+push in /home/jvivona/agents/tidbyt-data: 'This Day in Hist update'
[2026-05-04T20:01:15] finished thisdayinhistwikipedia
[2026-05-04T22:01:01] start thisdayinhistwikipedia
[2026-05-04T22:01:01] thisdayinhist[en] https://en.wikipedia.org/api/rest_v1/feed/onthisday/all/05/05
[2026-05-04T22:01:01] GET https://en.wikipedia.org/api/rest_v1/feed/onthisday/all/05/05
[2026-05-04T22:01:01] wrote /home/jvivona/agents/tidbyt-data/thisdayinhistwikipedia/thisdayinhist.json
[2026-05-04T22:01:01] thisdayinhist[es] https://es.wikipedia.org/api/rest_v1/feed/onthisday/all/05/05
[2026-05-04T22:01:01] GET https://es.wikipedia.org/api/rest_v1/feed/onthisday/all/05/05
[2026-05-04T22:01:04] wrote /home/jvivona/agents/tidbyt-data/thisdayinhistwikipedia/es/thisdayinhist.json
[2026-05-04T22:01:04] thisdayinhist[de] https://de.wikipedia.org/api/rest_v1/feed/onthisday/all/05/05
[2026-05-04T22:01:04] GET https://de.wikipedia.org/api/rest_v1/feed/onthisday/all/05/05
[2026-05-04T22:01:06] wrote /home/jvivona/agents/tidbyt-data/thisdayinhistwikipedia/de/thisdayinhist.json
[2026-05-04T22:01:06] thisdayinhist[it] https://it.wikipedia.org/api/rest_v1/feed/onthisday/all/05/05
[2026-05-04T22:01:06] GET https://it.wikipedia.org/api/rest_v1/feed/onthisday/all/05/05
[2026-05-04T22:01:08] wrote /home/jvivona/agents/tidbyt-data/thisdayinhistwikipedia/it/thisdayinhist.json
[2026-05-04T22:01:08] thisdayinhist[zh] https://zh.wikipedia.org/api/rest_v1/feed/onthisday/all/05/05
[2026-05-04T22:01:08] GET https://zh.wikipedia.org/api/rest_v1/feed/onthisday/all/05/05
[2026-05-04T22:01:10] wrote /home/jvivona/agents/tidbyt-data/thisdayinhistwikipedia/testing/thisdayinhist.json
[2026-05-04T22:01:10] thisdayinhist[fr] https://fr.wikipedia.org/api/rest_v1/feed/onthisday/all/05/05
[2026-05-04T22:01:10] GET https://fr.wikipedia.org/api/rest_v1/feed/onthisday/all/05/05
[2026-05-04T22:01:13] wrote /home/jvivona/agents/tidbyt-data/thisdayinhistwikipedia/testing/thisdayinhist.json
[2026-05-04T22:01:13] thisdayinhist[sv] https://sv.wikipedia.org/api/rest_v1/feed/onthisday/all/05/05
[2026-05-04T22:01:13] GET https://sv.wikipedia.org/api/rest_v1/feed/onthisday/all/05/05
[2026-05-04T22:01:15] wrote /home/jvivona/agents/tidbyt-data/thisdayinhistwikipedia/testing/thisdayinhist.json
[2026-05-04T22:01:15] thisdayinhist[ar] https://ar.wikipedia.org/api/rest_v1/feed/onthisday/all/05/05
[2026-05-04T22:01:15] GET https://ar.wikipedia.org/api/rest_v1/feed/onthisday/all/05/05
[2026-05-04T22:01:16] wrote /home/jvivona/agents/tidbyt-data/thisdayinhistwikipedia/testing/thisdayinhist.json
[2026-05-04T22:01:16] [dry-run] would: git add+commit+push in /home/jvivona/agents/tidbyt-data: 'This Day in Hist update'
[2026-05-04T22:01:16] finished thisdayinhistwikipedia
[2026-05-05T00:01:01] start thisdayinhistwikipedia
[2026-05-05T00:01:01] thisdayinhist[en] https://en.wikipedia.org/api/rest_v1/feed/onthisday/all/05/05
[2026-05-05T00:01:01] GET https://en.wikipedia.org/api/rest_v1/feed/onthisday/all/05/05
[2026-05-05T00:01:02] wrote /home/jvivona/agents/tidbyt-data/thisdayinhistwikipedia/thisdayinhist.json
[2026-05-05T00:01:02] thisdayinhist[es] https://es.wikipedia.org/api/rest_v1/feed/onthisday/all/05/05
[2026-05-05T00:01:02] GET https://es.wikipedia.org/api/rest_v1/feed/onthisday/all/05/05
[2026-05-05T00:01:03] wrote /home/jvivona/agents/tidbyt-data/thisdayinhistwikipedia/es/thisdayinhist.json
[2026-05-05T00:01:03] thisdayinhist[de] https://de.wikipedia.org/api/rest_v1/feed/onthisday/all/05/05
[2026-05-05T00:01:03] GET https://de.wikipedia.org/api/rest_v1/feed/onthisday/all/05/05
[2026-05-05T00:01:04] wrote /home/jvivona/agents/tidbyt-data/thisdayinhistwikipedia/de/thisdayinhist.json
[2026-05-05T00:01:04] thisdayinhist[it] https://it.wikipedia.org/api/rest_v1/feed/onthisday/all/05/05
[2026-05-05T00:01:04] GET https://it.wikipedia.org/api/rest_v1/feed/onthisday/all/05/05
[2026-05-05T00:01:06] wrote /home/jvivona/agents/tidbyt-data/thisdayinhistwikipedia/it/thisdayinhist.json
[2026-05-05T00:01:06] thisdayinhist[zh] https://zh.wikipedia.org/api/rest_v1/feed/onthisday/all/05/05
[2026-05-05T00:01:06] GET https://zh.wikipedia.org/api/rest_v1/feed/onthisday/all/05/05
[2026-05-05T00:01:08] wrote /home/jvivona/agents/tidbyt-data/thisdayinhistwikipedia/testing/thisdayinhist.json
[2026-05-05T00:01:08] thisdayinhist[fr] https://fr.wikipedia.org/api/rest_v1/feed/onthisday/all/05/05
[2026-05-05T00:01:08] GET https://fr.wikipedia.org/api/rest_v1/feed/onthisday/all/05/05
[2026-05-05T00:01:10] wrote /home/jvivona/agents/tidbyt-data/thisdayinhistwikipedia/testing/thisdayinhist.json
[2026-05-05T00:01:10] thisdayinhist[sv] https://sv.wikipedia.org/api/rest_v1/feed/onthisday/all/05/05
[2026-05-05T00:01:10] GET https://sv.wikipedia.org/api/rest_v1/feed/onthisday/all/05/05
[2026-05-05T00:01:11] wrote /home/jvivona/agents/tidbyt-data/thisdayinhistwikipedia/testing/thisdayinhist.json
[2026-05-05T00:01:11] thisdayinhist[ar] https://ar.wikipedia.org/api/rest_v1/feed/onthisday/all/05/05
[2026-05-05T00:01:11] GET https://ar.wikipedia.org/api/rest_v1/feed/onthisday/all/05/05
[2026-05-05T00:01:12] wrote /home/jvivona/agents/tidbyt-data/thisdayinhistwikipedia/testing/thisdayinhist.json
[2026-05-05T00:01:12] [dry-run] would: git add+commit+push in /home/jvivona/agents/tidbyt-data: 'This Day in Hist update'
[2026-05-05T00:01:12] finished thisdayinhistwikipedia
[2026-05-05T02:01:02] start thisdayinhistwikipedia
[2026-05-05T02:01:02] thisdayinhist[en] https://en.wikipedia.org/api/rest_v1/feed/onthisday/all/05/05
[2026-05-05T02:01:02] GET https://en.wikipedia.org/api/rest_v1/feed/onthisday/all/05/05
[2026-05-05T02:01:02] wrote /home/jvivona/agents/tidbyt-data/thisdayinhistwikipedia/thisdayinhist.json
[2026-05-05T02:01:02] thisdayinhist[es] https://es.wikipedia.org/api/rest_v1/feed/onthisday/all/05/05
[2026-05-05T02:01:02] GET https://es.wikipedia.org/api/rest_v1/feed/onthisday/all/05/05
[2026-05-05T02:01:04] wrote /home/jvivona/agents/tidbyt-data/thisdayinhistwikipedia/es/thisdayinhist.json
[2026-05-05T02:01:04] thisdayinhist[de] https://de.wikipedia.org/api/rest_v1/feed/onthisday/all/05/05
[2026-05-05T02:01:04] GET https://de.wikipedia.org/api/rest_v1/feed/onthisday/all/05/05
[2026-05-05T02:01:07] wrote /home/jvivona/agents/tidbyt-data/thisdayinhistwikipedia/de/thisdayinhist.json
[2026-05-05T02:01:07] thisdayinhist[it] https://it.wikipedia.org/api/rest_v1/feed/onthisday/all/05/05
[2026-05-05T02:01:07] GET https://it.wikipedia.org/api/rest_v1/feed/onthisday/all/05/05
[2026-05-05T02:01:09] wrote /home/jvivona/agents/tidbyt-data/thisdayinhistwikipedia/it/thisdayinhist.json
[2026-05-05T02:01:09] thisdayinhist[zh] https://zh.wikipedia.org/api/rest_v1/feed/onthisday/all/05/05
[2026-05-05T02:01:09] GET https://zh.wikipedia.org/api/rest_v1/feed/onthisday/all/05/05
[2026-05-05T02:01:11] wrote /home/jvivona/agents/tidbyt-data/thisdayinhistwikipedia/testing/thisdayinhist.json
[2026-05-05T02:01:11] thisdayinhist[fr] https://fr.wikipedia.org/api/rest_v1/feed/onthisday/all/05/05
[2026-05-05T02:01:11] GET https://fr.wikipedia.org/api/rest_v1/feed/onthisday/all/05/05
[2026-05-05T02:01:13] wrote /home/jvivona/agents/tidbyt-data/thisdayinhistwikipedia/testing/thisdayinhist.json
[2026-05-05T02:01:13] thisdayinhist[sv] https://sv.wikipedia.org/api/rest_v1/feed/onthisday/all/05/05
[2026-05-05T02:01:13] GET https://sv.wikipedia.org/api/rest_v1/feed/onthisday/all/05/05
[2026-05-05T02:01:15] wrote /home/jvivona/agents/tidbyt-data/thisdayinhistwikipedia/testing/thisdayinhist.json
[2026-05-05T02:01:15] thisdayinhist[ar] https://ar.wikipedia.org/api/rest_v1/feed/onthisday/all/05/05
[2026-05-05T02:01:15] GET https://ar.wikipedia.org/api/rest_v1/feed/onthisday/all/05/05
[2026-05-05T02:01:16] wrote /home/jvivona/agents/tidbyt-data/thisdayinhistwikipedia/testing/thisdayinhist.json
[2026-05-05T02:01:16] [dry-run] would: git add+commit+push in /home/jvivona/agents/tidbyt-data: 'This Day in Hist update'
[2026-05-05T02:01:16] finished thisdayinhistwikipedia
[2026-05-05T04:01:01] start thisdayinhistwikipedia
[2026-05-05T04:01:01] thisdayinhist[en] https://en.wikipedia.org/api/rest_v1/feed/onthisday/all/05/05
[2026-05-05T04:01:01] GET https://en.wikipedia.org/api/rest_v1/feed/onthisday/all/05/05
[2026-05-05T04:01:02] wrote /home/jvivona/agents/tidbyt-data/thisdayinhistwikipedia/thisdayinhist.json
[2026-05-05T04:01:02] thisdayinhist[es] https://es.wikipedia.org/api/rest_v1/feed/onthisday/all/05/05
[2026-05-05T04:01:02] GET https://es.wikipedia.org/api/rest_v1/feed/onthisday/all/05/05
[2026-05-05T04:01:04] wrote /home/jvivona/agents/tidbyt-data/thisdayinhistwikipedia/es/thisdayinhist.json
[2026-05-05T04:01:04] thisdayinhist[de] https://de.wikipedia.org/api/rest_v1/feed/onthisday/all/05/05
[2026-05-05T04:01:04] GET https://de.wikipedia.org/api/rest_v1/feed/onthisday/all/05/05
[2026-05-05T04:01:07] wrote /home/jvivona/agents/tidbyt-data/thisdayinhistwikipedia/de/thisdayinhist.json
[2026-05-05T04:01:07] thisdayinhist[it] https://it.wikipedia.org/api/rest_v1/feed/onthisday/all/05/05
[2026-05-05T04:01:07] GET https://it.wikipedia.org/api/rest_v1/feed/onthisday/all/05/05
[2026-05-05T04:01:09] wrote /home/jvivona/agents/tidbyt-data/thisdayinhistwikipedia/it/thisdayinhist.json
[2026-05-05T04:01:09] thisdayinhist[zh] https://zh.wikipedia.org/api/rest_v1/feed/onthisday/all/05/05
[2026-05-05T04:01:09] GET https://zh.wikipedia.org/api/rest_v1/feed/onthisday/all/05/05
[2026-05-05T04:01:11] wrote /home/jvivona/agents/tidbyt-data/thisdayinhistwikipedia/testing/thisdayinhist.json
[2026-05-05T04:01:11] thisdayinhist[fr] https://fr.wikipedia.org/api/rest_v1/feed/onthisday/all/05/05
[2026-05-05T04:01:11] GET https://fr.wikipedia.org/api/rest_v1/feed/onthisday/all/05/05
[2026-05-05T04:01:13] wrote /home/jvivona/agents/tidbyt-data/thisdayinhistwikipedia/testing/thisdayinhist.json
[2026-05-05T04:01:13] thisdayinhist[sv] https://sv.wikipedia.org/api/rest_v1/feed/onthisday/all/05/05
[2026-05-05T04:01:13] GET https://sv.wikipedia.org/api/rest_v1/feed/onthisday/all/05/05
[2026-05-05T04:01:14] wrote /home/jvivona/agents/tidbyt-data/thisdayinhistwikipedia/testing/thisdayinhist.json
[2026-05-05T04:01:14] thisdayinhist[ar] https://ar.wikipedia.org/api/rest_v1/feed/onthisday/all/05/05
[2026-05-05T04:01:14] GET https://ar.wikipedia.org/api/rest_v1/feed/onthisday/all/05/05
[2026-05-05T04:01:15] wrote /home/jvivona/agents/tidbyt-data/thisdayinhistwikipedia/testing/thisdayinhist.json
[2026-05-05T04:01:15] [dry-run] would: git add+commit+push in /home/jvivona/agents/tidbyt-data: 'This Day in Hist update'
[2026-05-05T04:01:15] finished thisdayinhistwikipedia
[2026-05-05T06:01:02] start thisdayinhistwikipedia
[2026-05-05T06:01:02] thisdayinhist[en] https://en.wikipedia.org/api/rest_v1/feed/onthisday/all/05/05
[2026-05-05T06:01:02] GET https://en.wikipedia.org/api/rest_v1/feed/onthisday/all/05/05
[2026-05-05T06:01:02] wrote /home/jvivona/agents/tidbyt-data/thisdayinhistwikipedia/thisdayinhist.json
[2026-05-05T06:01:02] thisdayinhist[es] https://es.wikipedia.org/api/rest_v1/feed/onthisday/all/05/05
[2026-05-05T06:01:02] GET https://es.wikipedia.org/api/rest_v1/feed/onthisday/all/05/05
[2026-05-05T06:01:05] wrote /home/jvivona/agents/tidbyt-data/thisdayinhistwikipedia/es/thisdayinhist.json
[2026-05-05T06:01:05] thisdayinhist[de] https://de.wikipedia.org/api/rest_v1/feed/onthisday/all/05/05
[2026-05-05T06:01:05] GET https://de.wikipedia.org/api/rest_v1/feed/onthisday/all/05/05
[2026-05-05T06:01:07] wrote /home/jvivona/agents/tidbyt-data/thisdayinhistwikipedia/de/thisdayinhist.json
[2026-05-05T06:01:07] thisdayinhist[it] https://it.wikipedia.org/api/rest_v1/feed/onthisday/all/05/05
[2026-05-05T06:01:07] GET https://it.wikipedia.org/api/rest_v1/feed/onthisday/all/05/05
[2026-05-05T06:01:09] wrote /home/jvivona/agents/tidbyt-data/thisdayinhistwikipedia/it/thisdayinhist.json
[2026-05-05T06:01:09] thisdayinhist[zh] https://zh.wikipedia.org/api/rest_v1/feed/onthisday/all/05/05
[2026-05-05T06:01:09] GET https://zh.wikipedia.org/api/rest_v1/feed/onthisday/all/05/05
[2026-05-05T06:01:12] wrote /home/jvivona/agents/tidbyt-data/thisdayinhistwikipedia/testing/thisdayinhist.json
[2026-05-05T06:01:12] thisdayinhist[fr] https://fr.wikipedia.org/api/rest_v1/feed/onthisday/all/05/05
[2026-05-05T06:01:12] GET https://fr.wikipedia.org/api/rest_v1/feed/onthisday/all/05/05
[2026-05-05T06:01:16] wrote /home/jvivona/agents/tidbyt-data/thisdayinhistwikipedia/testing/thisdayinhist.json
[2026-05-05T06:01:16] thisdayinhist[sv] https://sv.wikipedia.org/api/rest_v1/feed/onthisday/all/05/05
[2026-05-05T06:01:16] GET https://sv.wikipedia.org/api/rest_v1/feed/onthisday/all/05/05
[2026-05-05T06:01:18] wrote /home/jvivona/agents/tidbyt-data/thisdayinhistwikipedia/testing/thisdayinhist.json
[2026-05-05T06:01:18] thisdayinhist[ar] https://ar.wikipedia.org/api/rest_v1/feed/onthisday/all/05/05
[2026-05-05T06:01:18] GET https://ar.wikipedia.org/api/rest_v1/feed/onthisday/all/05/05
[2026-05-05T06:01:19] wrote /home/jvivona/agents/tidbyt-data/thisdayinhistwikipedia/testing/thisdayinhist.json
[2026-05-05T06:01:19] git add --all in /home/jvivona/agents/tidbyt-data
[2026-05-05T06:01:19] git commit -m 'This Day in Hist update'
[main 3989be8ae] This Day in Hist update
 Committer: jvivona <jvivona@joe-agent.ajcomputers.local>
Your name and email address were configured automatically based
on your username and hostname. Please check that they are accurate.
You can suppress this message by setting them explicitly. Run the
following command and follow the instructions in your editor to edit
your configuration file:

    git config --global --edit

After doing this, you may fix the identity used for this commit with:

    git commit --amend --reset-author

 6 files changed, 206 insertions(+), 142 deletions(-)
[2026-05-05T06:01:19] git push origin main
To https://github.com/jvivona/tidbyt-data.git
 ! [rejected]            main -> main (fetch first)
error: failed to push some refs to 'https://github.com/jvivona/tidbyt-data.git'
hint: Updates were rejected because the remote contains work that you do not
hint: have locally. This is usually caused by another repository pushing to
hint: the same ref. If you want to integrate the remote changes, use
hint: 'git pull' before pushing again.
hint: See the 'Note about fast-forwards' in 'git push --help' for details.
[2026-05-05T06:01:20] ERROR: topic 'thisdayinhistwikipedia' failed: CalledProcessError(1, ['git', 'push', 'origin', 'main'])
[2026-05-05T06:01:20] notify: failure email sent to joe@ajcomputers.com
[2026-05-05T06:01:20] finished thisdayinhistwikipedia
Traceback (most recent call last):
  File "<frozen runpy>", line 198, in _run_module_as_main
  File "<frozen runpy>", line 88, in _run_code
  File "/home/jvivona/agents/tidbyt-data-scripts/tidbytdata/__main__.py", line 3, in <module>
    raise SystemExit(main())
                     ~~~~^^
  File "/home/jvivona/agents/tidbyt-data-scripts/tidbytdata/cli.py", line 46, in main
    commit_and_push(ctx.data_repo_path, ctx.commit_msg, dry_run=ctx.dry_run)
    ~~~~~~~~~~~~~~~^^^^^^^^^^^^^^^^^^^^^^^^^^^^^^^^^^^^^^^^^^^^^^^^^^^^^^^^^
  File "/home/jvivona/agents/tidbyt-data-scripts/tidbytdata/publish.py", line 32, in commit_and_push
    subprocess.run(["git", "push", "origin", "main"], cwd=data_repo_path, check=True)
    ~~~~~~~~~~~~~~^^^^^^^^^^^^^^^^^^^^^^^^^^^^^^^^^^^^^^^^^^^^^^^^^^^^^^^^^^^^^^^^^^^
  File "/usr/lib/python3.13/subprocess.py", line 577, in run
    raise CalledProcessError(retcode, process.args,
                             output=stdout, stderr=stderr)
subprocess.CalledProcessError: Command '['git', 'push', 'origin', 'main']' returned non-zero exit status 1.
[2026-05-05T08:01:01] start thisdayinhistwikipedia
[2026-05-05T08:01:01] thisdayinhist[en] https://en.wikipedia.org/api/rest_v1/feed/onthisday/all/05/05
[2026-05-05T08:01:01] GET https://en.wikipedia.org/api/rest_v1/feed/onthisday/all/05/05
[2026-05-05T08:01:02] wrote /home/jvivona/agents/tidbyt-data/thisdayinhistwikipedia/thisdayinhist.json
[2026-05-05T08:01:02] thisdayinhist[es] https://es.wikipedia.org/api/rest_v1/feed/onthisday/all/05/05
[2026-05-05T08:01:02] GET https://es.wikipedia.org/api/rest_v1/feed/onthisday/all/05/05
[2026-05-05T08:01:05] wrote /home/jvivona/agents/tidbyt-data/thisdayinhistwikipedia/es/thisdayinhist.json
[2026-05-05T08:01:05] thisdayinhist[de] https://de.wikipedia.org/api/rest_v1/feed/onthisday/all/05/05
[2026-05-05T08:01:05] GET https://de.wikipedia.org/api/rest_v1/feed/onthisday/all/05/05
[2026-05-05T08:01:10] wrote /home/jvivona/agents/tidbyt-data/thisdayinhistwikipedia/de/thisdayinhist.json
[2026-05-05T08:01:10] thisdayinhist[it] https://it.wikipedia.org/api/rest_v1/feed/onthisday/all/05/05
[2026-05-05T08:01:10] GET https://it.wikipedia.org/api/rest_v1/feed/onthisday/all/05/05
[2026-05-05T08:01:13] wrote /home/jvivona/agents/tidbyt-data/thisdayinhistwikipedia/it/thisdayinhist.json
[2026-05-05T08:01:13] thisdayinhist[zh] https://zh.wikipedia.org/api/rest_v1/feed/onthisday/all/05/05
[2026-05-05T08:01:13] GET https://zh.wikipedia.org/api/rest_v1/feed/onthisday/all/05/05
[2026-05-05T08:01:14] wrote /home/jvivona/agents/tidbyt-data/thisdayinhistwikipedia/testing/thisdayinhist.json
[2026-05-05T08:01:14] thisdayinhist[fr] https://fr.wikipedia.org/api/rest_v1/feed/onthisday/all/05/05
[2026-05-05T08:01:14] GET https://fr.wikipedia.org/api/rest_v1/feed/onthisday/all/05/05
[2026-05-05T08:01:17] wrote /home/jvivona/agents/tidbyt-data/thisdayinhistwikipedia/testing/thisdayinhist.json
[2026-05-05T08:01:17] thisdayinhist[sv] https://sv.wikipedia.org/api/rest_v1/feed/onthisday/all/05/05
[2026-05-05T08:01:17] GET https://sv.wikipedia.org/api/rest_v1/feed/onthisday/all/05/05
[2026-05-05T08:01:19] wrote /home/jvivona/agents/tidbyt-data/thisdayinhistwikipedia/testing/thisdayinhist.json
[2026-05-05T08:01:19] thisdayinhist[ar] https://ar.wikipedia.org/api/rest_v1/feed/onthisday/all/05/05
[2026-05-05T08:01:19] GET https://ar.wikipedia.org/api/rest_v1/feed/onthisday/all/05/05
[2026-05-05T08:01:20] wrote /home/jvivona/agents/tidbyt-data/thisdayinhistwikipedia/testing/thisdayinhist.json
[2026-05-05T08:01:20] git add --all in /home/jvivona/agents/tidbyt-data
[2026-05-05T08:01:20] git commit -m 'This Day in Hist update'
[main e748dbbed] This Day in Hist update
 Committer: jvivona <jvivona@joe-agent.ajcomputers.local>
Your name and email address were configured automatically based
on your username and hostname. Please check that they are accurate.
You can suppress this message by setting them explicitly. Run the
following command and follow the instructions in your editor to edit
your configuration file:

    git config --global --edit

After doing this, you may fix the identity used for this commit with:

    git commit --amend --reset-author

 7 files changed, 241 insertions(+), 195 deletions(-)
[2026-05-05T08:01:20] git push origin main
To https://github.com/jvivona/tidbyt-data.git
   8ee5a9cdc..e748dbbed  main -> main
[2026-05-05T08:01:22] finished thisdayinhistwikipedia
[2026-05-05T10:01:02] start thisdayinhistwikipedia
[2026-05-05T10:01:02] thisdayinhist[en] https://en.wikipedia.org/api/rest_v1/feed/onthisday/all/05/05
[2026-05-05T10:01:02] GET https://en.wikipedia.org/api/rest_v1/feed/onthisday/all/05/05
[2026-05-05T10:01:02] wrote /home/jvivona/agents/tidbyt-data/thisdayinhistwikipedia/thisdayinhist.json
[2026-05-05T10:01:02] thisdayinhist[es] https://es.wikipedia.org/api/rest_v1/feed/onthisday/all/05/05
[2026-05-05T10:01:02] GET https://es.wikipedia.org/api/rest_v1/feed/onthisday/all/05/05
[2026-05-05T10:01:07] wrote /home/jvivona/agents/tidbyt-data/thisdayinhistwikipedia/es/thisdayinhist.json
[2026-05-05T10:01:07] thisdayinhist[de] https://de.wikipedia.org/api/rest_v1/feed/onthisday/all/05/05
[2026-05-05T10:01:07] GET https://de.wikipedia.org/api/rest_v1/feed/onthisday/all/05/05
[2026-05-05T10:01:16] wrote /home/jvivona/agents/tidbyt-data/thisdayinhistwikipedia/de/thisdayinhist.json
[2026-05-05T10:01:16] thisdayinhist[it] https://it.wikipedia.org/api/rest_v1/feed/onthisday/all/05/05
[2026-05-05T10:01:16] GET https://it.wikipedia.org/api/rest_v1/feed/onthisday/all/05/05
[2026-05-05T10:01:17] wrote /home/jvivona/agents/tidbyt-data/thisdayinhistwikipedia/it/thisdayinhist.json
[2026-05-05T10:01:17] thisdayinhist[zh] https://zh.wikipedia.org/api/rest_v1/feed/onthisday/all/05/05
[2026-05-05T10:01:17] GET https://zh.wikipedia.org/api/rest_v1/feed/onthisday/all/05/05
[2026-05-05T10:01:19] wrote /home/jvivona/agents/tidbyt-data/thisdayinhistwikipedia/testing/thisdayinhist.json
[2026-05-05T10:01:19] thisdayinhist[fr] https://fr.wikipedia.org/api/rest_v1/feed/onthisday/all/05/05
[2026-05-05T10:01:19] GET https://fr.wikipedia.org/api/rest_v1/feed/onthisday/all/05/05
[2026-05-05T10:01:23] wrote /home/jvivona/agents/tidbyt-data/thisdayinhistwikipedia/testing/thisdayinhist.json
[2026-05-05T10:01:23] thisdayinhist[sv] https://sv.wikipedia.org/api/rest_v1/feed/onthisday/all/05/05
[2026-05-05T10:01:23] GET https://sv.wikipedia.org/api/rest_v1/feed/onthisday/all/05/05
[2026-05-05T10:01:24] wrote /home/jvivona/agents/tidbyt-data/thisdayinhistwikipedia/testing/thisdayinhist.json
[2026-05-05T10:01:24] thisdayinhist[ar] https://ar.wikipedia.org/api/rest_v1/feed/onthisday/all/05/05
[2026-05-05T10:01:24] GET https://ar.wikipedia.org/api/rest_v1/feed/onthisday/all/05/05
[2026-05-05T10:01:25] wrote /home/jvivona/agents/tidbyt-data/thisdayinhistwikipedia/testing/thisdayinhist.json
[2026-05-05T10:01:25] git add --all in /home/jvivona/agents/tidbyt-data
[2026-05-05T10:01:25] git commit -m 'This Day in Hist update'
[main 652f5bc10] This Day in Hist update
 Committer: jvivona <jvivona@joe-agent.ajcomputers.local>
Your name and email address were configured automatically based
on your username and hostname. Please check that they are accurate.
You can suppress this message by setting them explicitly. Run the
following command and follow the instructions in your editor to edit
your configuration file:

    git config --global --edit

After doing this, you may fix the identity used for this commit with:

    git commit --amend --reset-author

 7 files changed, 238 insertions(+), 192 deletions(-)
[2026-05-05T10:01:25] git push origin main
To https://github.com/jvivona/tidbyt-data.git
   9baf46c90..652f5bc10  main -> main
[2026-05-05T10:01:27] finished thisdayinhistwikipedia
[2026-05-05T12:01:02] start thisdayinhistwikipedia
[2026-05-05T12:01:02] thisdayinhist[en] https://en.wikipedia.org/api/rest_v1/feed/onthisday/all/05/05
[2026-05-05T12:01:02] GET https://en.wikipedia.org/api/rest_v1/feed/onthisday/all/05/05
[2026-05-05T12:01:02] wrote /home/jvivona/agents/tidbyt-data/thisdayinhistwikipedia/thisdayinhist.json
[2026-05-05T12:01:02] thisdayinhist[es] https://es.wikipedia.org/api/rest_v1/feed/onthisday/all/05/05
[2026-05-05T12:01:02] GET https://es.wikipedia.org/api/rest_v1/feed/onthisday/all/05/05
[2026-05-05T12:01:04] wrote /home/jvivona/agents/tidbyt-data/thisdayinhistwikipedia/es/thisdayinhist.json
[2026-05-05T12:01:04] thisdayinhist[de] https://de.wikipedia.org/api/rest_v1/feed/onthisday/all/05/05
[2026-05-05T12:01:04] GET https://de.wikipedia.org/api/rest_v1/feed/onthisday/all/05/05
[2026-05-05T12:01:08] wrote /home/jvivona/agents/tidbyt-data/thisdayinhistwikipedia/de/thisdayinhist.json
[2026-05-05T12:01:08] thisdayinhist[it] https://it.wikipedia.org/api/rest_v1/feed/onthisday/all/05/05
[2026-05-05T12:01:08] GET https://it.wikipedia.org/api/rest_v1/feed/onthisday/all/05/05
[2026-05-05T12:01:09] wrote /home/jvivona/agents/tidbyt-data/thisdayinhistwikipedia/it/thisdayinhist.json
[2026-05-05T12:01:09] thisdayinhist[zh] https://zh.wikipedia.org/api/rest_v1/feed/onthisday/all/05/05
[2026-05-05T12:01:09] GET https://zh.wikipedia.org/api/rest_v1/feed/onthisday/all/05/05
[2026-05-05T12:01:13] wrote /home/jvivona/agents/tidbyt-data/thisdayinhistwikipedia/testing/thisdayinhist.json
[2026-05-05T12:01:13] thisdayinhist[fr] https://fr.wikipedia.org/api/rest_v1/feed/onthisday/all/05/05
[2026-05-05T12:01:13] GET https://fr.wikipedia.org/api/rest_v1/feed/onthisday/all/05/05
[2026-05-05T12:01:16] wrote /home/jvivona/agents/tidbyt-data/thisdayinhistwikipedia/testing/thisdayinhist.json
[2026-05-05T12:01:16] thisdayinhist[sv] https://sv.wikipedia.org/api/rest_v1/feed/onthisday/all/05/05
[2026-05-05T12:01:16] GET https://sv.wikipedia.org/api/rest_v1/feed/onthisday/all/05/05
[2026-05-05T12:01:18] wrote /home/jvivona/agents/tidbyt-data/thisdayinhistwikipedia/testing/thisdayinhist.json
[2026-05-05T12:01:18] thisdayinhist[ar] https://ar.wikipedia.org/api/rest_v1/feed/onthisday/all/05/05
[2026-05-05T12:01:18] GET https://ar.wikipedia.org/api/rest_v1/feed/onthisday/all/05/05
[2026-05-05T12:01:19] wrote /home/jvivona/agents/tidbyt-data/thisdayinhistwikipedia/testing/thisdayinhist.json
[2026-05-05T12:01:19] git add --all in /home/jvivona/agents/tidbyt-data
[2026-05-05T12:01:19] git commit -m 'This Day in Hist update'
[main 328386335] This Day in Hist update
 Committer: jvivona <jvivona@joe-agent.ajcomputers.local>
Your name and email address were configured automatically based
on your username and hostname. Please check that they are accurate.
You can suppress this message by setting them explicitly. Run the
following command and follow the instructions in your editor to edit
your configuration file:

    git config --global --edit

After doing this, you may fix the identity used for this commit with:

    git commit --amend --reset-author

 7 files changed, 234 insertions(+), 188 deletions(-)
[2026-05-05T12:01:19] git push origin main
To https://github.com/jvivona/tidbyt-data.git
   8b9fa74a6..328386335  main -> main
[2026-05-05T12:01:21] finished thisdayinhistwikipedia
[2026-05-05T14:01:02] start thisdayinhistwikipedia
[2026-05-05T14:01:02] thisdayinhist[en] https://en.wikipedia.org/api/rest_v1/feed/onthisday/all/05/05
[2026-05-05T14:01:02] GET https://en.wikipedia.org/api/rest_v1/feed/onthisday/all/05/05
[2026-05-05T14:01:02] wrote /home/jvivona/agents/tidbyt-data/thisdayinhistwikipedia/thisdayinhist.json
[2026-05-05T14:01:02] thisdayinhist[es] https://es.wikipedia.org/api/rest_v1/feed/onthisday/all/05/05
[2026-05-05T14:01:02] GET https://es.wikipedia.org/api/rest_v1/feed/onthisday/all/05/05
[2026-05-05T14:01:04] wrote /home/jvivona/agents/tidbyt-data/thisdayinhistwikipedia/es/thisdayinhist.json
[2026-05-05T14:01:04] thisdayinhist[de] https://de.wikipedia.org/api/rest_v1/feed/onthisday/all/05/05
[2026-05-05T14:01:04] GET https://de.wikipedia.org/api/rest_v1/feed/onthisday/all/05/05
[2026-05-05T14:01:06] wrote /home/jvivona/agents/tidbyt-data/thisdayinhistwikipedia/de/thisdayinhist.json
[2026-05-05T14:01:06] thisdayinhist[it] https://it.wikipedia.org/api/rest_v1/feed/onthisday/all/05/05
[2026-05-05T14:01:06] GET https://it.wikipedia.org/api/rest_v1/feed/onthisday/all/05/05
[2026-05-05T14:01:09] wrote /home/jvivona/agents/tidbyt-data/thisdayinhistwikipedia/it/thisdayinhist.json
[2026-05-05T14:01:09] thisdayinhist[zh] https://zh.wikipedia.org/api/rest_v1/feed/onthisday/all/05/05
[2026-05-05T14:01:09] GET https://zh.wikipedia.org/api/rest_v1/feed/onthisday/all/05/05
[2026-05-05T14:01:12] wrote /home/jvivona/agents/tidbyt-data/thisdayinhistwikipedia/testing/thisdayinhist.json
[2026-05-05T14:01:12] thisdayinhist[fr] https://fr.wikipedia.org/api/rest_v1/feed/onthisday/all/05/05
[2026-05-05T14:01:12] GET https://fr.wikipedia.org/api/rest_v1/feed/onthisday/all/05/05
[2026-05-05T14:01:15] wrote /home/jvivona/agents/tidbyt-data/thisdayinhistwikipedia/testing/thisdayinhist.json
[2026-05-05T14:01:15] thisdayinhist[sv] https://sv.wikipedia.org/api/rest_v1/feed/onthisday/all/05/05
[2026-05-05T14:01:15] GET https://sv.wikipedia.org/api/rest_v1/feed/onthisday/all/05/05
[2026-05-05T14:01:17] wrote /home/jvivona/agents/tidbyt-data/thisdayinhistwikipedia/testing/thisdayinhist.json
[2026-05-05T14:01:17] thisdayinhist[ar] https://ar.wikipedia.org/api/rest_v1/feed/onthisday/all/05/05
[2026-05-05T14:01:17] GET https://ar.wikipedia.org/api/rest_v1/feed/onthisday/all/05/05
[2026-05-05T14:01:19] wrote /home/jvivona/agents/tidbyt-data/thisdayinhistwikipedia/testing/thisdayinhist.json
[2026-05-05T14:01:19] git add --all in /home/jvivona/agents/tidbyt-data
[2026-05-05T14:01:19] git commit -m 'This Day in Hist update'
[main 8c18de655] This Day in Hist update
 Committer: jvivona <jvivona@joe-agent.ajcomputers.local>
Your name and email address were configured automatically based
on your username and hostname. Please check that they are accurate.
You can suppress this message by setting them explicitly. Run the
following command and follow the instructions in your editor to edit
your configuration file:

    git config --global --edit

After doing this, you may fix the identity used for this commit with:

    git commit --amend --reset-author

 6 files changed, 186 insertions(+), 145 deletions(-)
[2026-05-05T14:01:19] git push origin main
To https://github.com/jvivona/tidbyt-data.git
   32b09b9a1..8c18de655  main -> main
[2026-05-05T14:01:20] finished thisdayinhistwikipedia
[2026-05-05T16:01:01] start thisdayinhistwikipedia
[2026-05-05T16:01:01] thisdayinhist[en] https://en.wikipedia.org/api/rest_v1/feed/onthisday/all/05/05
[2026-05-05T16:01:01] GET https://en.wikipedia.org/api/rest_v1/feed/onthisday/all/05/05
[2026-05-05T16:01:06] wrote /home/jvivona/agents/tidbyt-data/thisdayinhistwikipedia/thisdayinhist.json
[2026-05-05T16:01:06] thisdayinhist[es] https://es.wikipedia.org/api/rest_v1/feed/onthisday/all/05/05
[2026-05-05T16:01:06] GET https://es.wikipedia.org/api/rest_v1/feed/onthisday/all/05/05
[2026-05-05T16:01:09] wrote /home/jvivona/agents/tidbyt-data/thisdayinhistwikipedia/es/thisdayinhist.json
[2026-05-05T16:01:09] thisdayinhist[de] https://de.wikipedia.org/api/rest_v1/feed/onthisday/all/05/05
[2026-05-05T16:01:09] GET https://de.wikipedia.org/api/rest_v1/feed/onthisday/all/05/05
[2026-05-05T16:01:12] wrote /home/jvivona/agents/tidbyt-data/thisdayinhistwikipedia/de/thisdayinhist.json
[2026-05-05T16:01:12] thisdayinhist[it] https://it.wikipedia.org/api/rest_v1/feed/onthisday/all/05/05
[2026-05-05T16:01:12] GET https://it.wikipedia.org/api/rest_v1/feed/onthisday/all/05/05
[2026-05-05T16:01:14] wrote /home/jvivona/agents/tidbyt-data/thisdayinhistwikipedia/it/thisdayinhist.json
[2026-05-05T16:01:14] thisdayinhist[zh] https://zh.wikipedia.org/api/rest_v1/feed/onthisday/all/05/05
[2026-05-05T16:01:14] GET https://zh.wikipedia.org/api/rest_v1/feed/onthisday/all/05/05
[2026-05-05T16:01:17] wrote /home/jvivona/agents/tidbyt-data/thisdayinhistwikipedia/testing/thisdayinhist.json
[2026-05-05T16:01:17] thisdayinhist[fr] https://fr.wikipedia.org/api/rest_v1/feed/onthisday/all/05/05
[2026-05-05T16:01:17] GET https://fr.wikipedia.org/api/rest_v1/feed/onthisday/all/05/05
[2026-05-05T16:01:21] wrote /home/jvivona/agents/tidbyt-data/thisdayinhistwikipedia/testing/thisdayinhist.json
[2026-05-05T16:01:21] thisdayinhist[sv] https://sv.wikipedia.org/api/rest_v1/feed/onthisday/all/05/05
[2026-05-05T16:01:21] GET https://sv.wikipedia.org/api/rest_v1/feed/onthisday/all/05/05
[2026-05-05T16:01:22] wrote /home/jvivona/agents/tidbyt-data/thisdayinhistwikipedia/testing/thisdayinhist.json
[2026-05-05T16:01:22] thisdayinhist[ar] https://ar.wikipedia.org/api/rest_v1/feed/onthisday/all/05/05
[2026-05-05T16:01:22] GET https://ar.wikipedia.org/api/rest_v1/feed/onthisday/all/05/05
[2026-05-05T16:01:23] wrote /home/jvivona/agents/tidbyt-data/thisdayinhistwikipedia/testing/thisdayinhist.json
[2026-05-05T16:01:23] git add --all in /home/jvivona/agents/tidbyt-data
[2026-05-05T16:01:23] git commit -m 'This Day in Hist update'
[main 9dd2e4c05] This Day in Hist update
 Committer: jvivona <jvivona@joe-agent.ajcomputers.local>
Your name and email address were configured automatically based
on your username and hostname. Please check that they are accurate.
You can suppress this message by setting them explicitly. Run the
following command and follow the instructions in your editor to edit
your configuration file:

    git config --global --edit

After doing this, you may fix the identity used for this commit with:

    git commit --amend --reset-author

 8 files changed, 243 insertions(+), 192 deletions(-)
[2026-05-05T16:01:23] git push origin main
To https://github.com/jvivona/tidbyt-data.git
   fd56ccaaa..9dd2e4c05  main -> main
[2026-05-05T16:01:25] finished thisdayinhistwikipedia
[2026-05-05T18:01:01] start thisdayinhistwikipedia
[2026-05-05T18:01:01] thisdayinhist[en] https://en.wikipedia.org/api/rest_v1/feed/onthisday/all/05/05
[2026-05-05T18:01:01] GET https://en.wikipedia.org/api/rest_v1/feed/onthisday/all/05/05
[2026-05-05T18:01:02] wrote /home/jvivona/agents/tidbyt-data/thisdayinhistwikipedia/thisdayinhist.json
[2026-05-05T18:01:02] thisdayinhist[es] https://es.wikipedia.org/api/rest_v1/feed/onthisday/all/05/05
[2026-05-05T18:01:02] GET https://es.wikipedia.org/api/rest_v1/feed/onthisday/all/05/05
[2026-05-05T18:01:06] wrote /home/jvivona/agents/tidbyt-data/thisdayinhistwikipedia/es/thisdayinhist.json
[2026-05-05T18:01:06] thisdayinhist[de] https://de.wikipedia.org/api/rest_v1/feed/onthisday/all/05/05
[2026-05-05T18:01:06] GET https://de.wikipedia.org/api/rest_v1/feed/onthisday/all/05/05
[2026-05-05T18:01:08] wrote /home/jvivona/agents/tidbyt-data/thisdayinhistwikipedia/de/thisdayinhist.json
[2026-05-05T18:01:08] thisdayinhist[it] https://it.wikipedia.org/api/rest_v1/feed/onthisday/all/05/05
[2026-05-05T18:01:08] GET https://it.wikipedia.org/api/rest_v1/feed/onthisday/all/05/05
[2026-05-05T18:01:09] wrote /home/jvivona/agents/tidbyt-data/thisdayinhistwikipedia/it/thisdayinhist.json
[2026-05-05T18:01:09] thisdayinhist[zh] https://zh.wikipedia.org/api/rest_v1/feed/onthisday/all/05/05
[2026-05-05T18:01:09] GET https://zh.wikipedia.org/api/rest_v1/feed/onthisday/all/05/05
[2026-05-05T18:01:11] wrote /home/jvivona/agents/tidbyt-data/thisdayinhistwikipedia/testing/thisdayinhist.json
[2026-05-05T18:01:11] thisdayinhist[fr] https://fr.wikipedia.org/api/rest_v1/feed/onthisday/all/05/05
[2026-05-05T18:01:11] GET https://fr.wikipedia.org/api/rest_v1/feed/onthisday/all/05/05
[2026-05-05T18:01:14] wrote /home/jvivona/agents/tidbyt-data/thisdayinhistwikipedia/testing/thisdayinhist.json
[2026-05-05T18:01:14] thisdayinhist[sv] https://sv.wikipedia.org/api/rest_v1/feed/onthisday/all/05/05
[2026-05-05T18:01:14] GET https://sv.wikipedia.org/api/rest_v1/feed/onthisday/all/05/05
[2026-05-05T18:01:16] wrote /home/jvivona/agents/tidbyt-data/thisdayinhistwikipedia/testing/thisdayinhist.json
[2026-05-05T18:01:16] thisdayinhist[ar] https://ar.wikipedia.org/api/rest_v1/feed/onthisday/all/05/05
[2026-05-05T18:01:16] GET https://ar.wikipedia.org/api/rest_v1/feed/onthisday/all/05/05
[2026-05-05T18:01:16] wrote /home/jvivona/agents/tidbyt-data/thisdayinhistwikipedia/testing/thisdayinhist.json
[2026-05-05T18:01:16] git add --all in /home/jvivona/agents/tidbyt-data
[2026-05-05T18:01:16] git commit -m 'This Day in Hist update'
[main 35f0e2e30] This Day in Hist update
 Committer: jvivona <jvivona@joe-agent.ajcomputers.local>
Your name and email address were configured automatically based
on your username and hostname. Please check that they are accurate.
You can suppress this message by setting them explicitly. Run the
following command and follow the instructions in your editor to edit
your configuration file:

    git config --global --edit

After doing this, you may fix the identity used for this commit with:

    git commit --amend --reset-author

 8 files changed, 235 insertions(+), 188 deletions(-)
[2026-05-05T18:01:16] git push origin main
To https://github.com/jvivona/tidbyt-data.git
   9dc90522c..35f0e2e30  main -> main
[2026-05-05T18:01:18] finished thisdayinhistwikipedia
[2026-05-05T20:01:01] start thisdayinhistwikipedia
[2026-05-05T20:01:01] thisdayinhist[en] https://en.wikipedia.org/api/rest_v1/feed/onthisday/all/05/06
[2026-05-05T20:01:01] GET https://en.wikipedia.org/api/rest_v1/feed/onthisday/all/05/06
[2026-05-05T20:01:01] wrote /home/jvivona/agents/tidbyt-data/thisdayinhistwikipedia/thisdayinhist.json
[2026-05-05T20:01:01] thisdayinhist[es] https://es.wikipedia.org/api/rest_v1/feed/onthisday/all/05/06
[2026-05-05T20:01:01] GET https://es.wikipedia.org/api/rest_v1/feed/onthisday/all/05/06
[2026-05-05T20:01:04] wrote /home/jvivona/agents/tidbyt-data/thisdayinhistwikipedia/es/thisdayinhist.json
[2026-05-05T20:01:04] thisdayinhist[de] https://de.wikipedia.org/api/rest_v1/feed/onthisday/all/05/06
[2026-05-05T20:01:04] GET https://de.wikipedia.org/api/rest_v1/feed/onthisday/all/05/06
[2026-05-05T20:01:07] wrote /home/jvivona/agents/tidbyt-data/thisdayinhistwikipedia/de/thisdayinhist.json
[2026-05-05T20:01:07] thisdayinhist[it] https://it.wikipedia.org/api/rest_v1/feed/onthisday/all/05/06
[2026-05-05T20:01:07] GET https://it.wikipedia.org/api/rest_v1/feed/onthisday/all/05/06
[2026-05-05T20:01:08] wrote /home/jvivona/agents/tidbyt-data/thisdayinhistwikipedia/it/thisdayinhist.json
[2026-05-05T20:01:08] thisdayinhist[zh] https://zh.wikipedia.org/api/rest_v1/feed/onthisday/all/05/06
[2026-05-05T20:01:08] GET https://zh.wikipedia.org/api/rest_v1/feed/onthisday/all/05/06
[2026-05-05T20:01:10] wrote /home/jvivona/agents/tidbyt-data/thisdayinhistwikipedia/testing/thisdayinhist.json
[2026-05-05T20:01:11] thisdayinhist[fr] https://fr.wikipedia.org/api/rest_v1/feed/onthisday/all/05/06
[2026-05-05T20:01:11] GET https://fr.wikipedia.org/api/rest_v1/feed/onthisday/all/05/06
[2026-05-05T20:01:13] wrote /home/jvivona/agents/tidbyt-data/thisdayinhistwikipedia/testing/thisdayinhist.json
[2026-05-05T20:01:13] thisdayinhist[sv] https://sv.wikipedia.org/api/rest_v1/feed/onthisday/all/05/06
[2026-05-05T20:01:13] GET https://sv.wikipedia.org/api/rest_v1/feed/onthisday/all/05/06
[2026-05-05T20:01:14] wrote /home/jvivona/agents/tidbyt-data/thisdayinhistwikipedia/testing/thisdayinhist.json
[2026-05-05T20:01:14] thisdayinhist[ar] https://ar.wikipedia.org/api/rest_v1/feed/onthisday/all/05/06
[2026-05-05T20:01:14] GET https://ar.wikipedia.org/api/rest_v1/feed/onthisday/all/05/06
[2026-05-05T20:01:15] wrote /home/jvivona/agents/tidbyt-data/thisdayinhistwikipedia/testing/thisdayinhist.json
[2026-05-05T20:01:15] git add --all in /home/jvivona/agents/tidbyt-data
[2026-05-05T20:01:15] git commit -m 'This Day in Hist update'
[main ab796a665] This Day in Hist update
 Committer: jvivona <jvivona@joe-agent.ajcomputers.local>
Your name and email address were configured automatically based
on your username and hostname. Please check that they are accurate.
You can suppress this message by setting them explicitly. Run the
following command and follow the instructions in your editor to edit
your configuration file:

    git config --global --edit

After doing this, you may fix the identity used for this commit with:

    git commit --amend --reset-author

 8 files changed, 4681 insertions(+), 2850 deletions(-)
[2026-05-05T20:01:15] git push origin main
To https://github.com/jvivona/tidbyt-data.git
   80eec529b..ab796a665  main -> main
[2026-05-05T20:01:16] finished thisdayinhistwikipedia
[2026-05-05T22:01:02] start thisdayinhistwikipedia
[2026-05-05T22:01:02] thisdayinhist[en] https://en.wikipedia.org/api/rest_v1/feed/onthisday/all/05/06
[2026-05-05T22:01:02] GET https://en.wikipedia.org/api/rest_v1/feed/onthisday/all/05/06
[2026-05-05T22:01:02] wrote /home/jvivona/agents/tidbyt-data/thisdayinhistwikipedia/thisdayinhist.json
[2026-05-05T22:01:02] thisdayinhist[es] https://es.wikipedia.org/api/rest_v1/feed/onthisday/all/05/06
[2026-05-05T22:01:02] GET https://es.wikipedia.org/api/rest_v1/feed/onthisday/all/05/06
[2026-05-05T22:01:05] wrote /home/jvivona/agents/tidbyt-data/thisdayinhistwikipedia/es/thisdayinhist.json
[2026-05-05T22:01:05] thisdayinhist[de] https://de.wikipedia.org/api/rest_v1/feed/onthisday/all/05/06
[2026-05-05T22:01:05] GET https://de.wikipedia.org/api/rest_v1/feed/onthisday/all/05/06
[2026-05-05T22:01:08] wrote /home/jvivona/agents/tidbyt-data/thisdayinhistwikipedia/de/thisdayinhist.json
[2026-05-05T22:01:08] thisdayinhist[it] https://it.wikipedia.org/api/rest_v1/feed/onthisday/all/05/06
[2026-05-05T22:01:08] GET https://it.wikipedia.org/api/rest_v1/feed/onthisday/all/05/06
[2026-05-05T22:01:09] wrote /home/jvivona/agents/tidbyt-data/thisdayinhistwikipedia/it/thisdayinhist.json
[2026-05-05T22:01:09] thisdayinhist[zh] https://zh.wikipedia.org/api/rest_v1/feed/onthisday/all/05/06
[2026-05-05T22:01:09] GET https://zh.wikipedia.org/api/rest_v1/feed/onthisday/all/05/06
[2026-05-05T22:01:11] wrote /home/jvivona/agents/tidbyt-data/thisdayinhistwikipedia/testing/thisdayinhist.json
[2026-05-05T22:01:11] thisdayinhist[fr] https://fr.wikipedia.org/api/rest_v1/feed/onthisday/all/05/06
[2026-05-05T22:01:11] GET https://fr.wikipedia.org/api/rest_v1/feed/onthisday/all/05/06
[2026-05-05T22:01:13] wrote /home/jvivona/agents/tidbyt-data/thisdayinhistwikipedia/testing/thisdayinhist.json
[2026-05-05T22:01:13] thisdayinhist[sv] https://sv.wikipedia.org/api/rest_v1/feed/onthisday/all/05/06
[2026-05-05T22:01:13] GET https://sv.wikipedia.org/api/rest_v1/feed/onthisday/all/05/06
[2026-05-05T22:01:14] wrote /home/jvivona/agents/tidbyt-data/thisdayinhistwikipedia/testing/thisdayinhist.json
[2026-05-05T22:01:14] thisdayinhist[ar] https://ar.wikipedia.org/api/rest_v1/feed/onthisday/all/05/06
[2026-05-05T22:01:14] GET https://ar.wikipedia.org/api/rest_v1/feed/onthisday/all/05/06
[2026-05-05T22:01:17] wrote /home/jvivona/agents/tidbyt-data/thisdayinhistwikipedia/testing/thisdayinhist.json
[2026-05-05T22:01:17] git add --all in /home/jvivona/agents/tidbyt-data
[2026-05-05T22:01:17] git commit -m 'This Day in Hist update'
[main 660791fbc] This Day in Hist update
 Committer: jvivona <jvivona@joe-agent.ajcomputers.local>
Your name and email address were configured automatically based
on your username and hostname. Please check that they are accurate.
You can suppress this message by setting them explicitly. Run the
following command and follow the instructions in your editor to edit
your configuration file:

    git config --global --edit

After doing this, you may fix the identity used for this commit with:

    git commit --amend --reset-author

 8 files changed, 236 insertions(+), 189 deletions(-)
[2026-05-05T22:01:17] git push origin main
To https://github.com/jvivona/tidbyt-data.git
   2765d6b15..660791fbc  main -> main
[2026-05-05T22:01:19] finished thisdayinhistwikipedia
[2026-05-06T00:01:02] start thisdayinhistwikipedia
[2026-05-06T00:01:02] thisdayinhist[en] https://en.wikipedia.org/api/rest_v1/feed/onthisday/all/05/06
[2026-05-06T00:01:02] GET https://en.wikipedia.org/api/rest_v1/feed/onthisday/all/05/06
[2026-05-06T00:01:04] wrote /home/jvivona/agents/tidbyt-data/thisdayinhistwikipedia/thisdayinhist.json
[2026-05-06T00:01:04] thisdayinhist[es] https://es.wikipedia.org/api/rest_v1/feed/onthisday/all/05/06
[2026-05-06T00:01:04] GET https://es.wikipedia.org/api/rest_v1/feed/onthisday/all/05/06
[2026-05-06T00:01:09] wrote /home/jvivona/agents/tidbyt-data/thisdayinhistwikipedia/es/thisdayinhist.json
[2026-05-06T00:01:09] thisdayinhist[de] https://de.wikipedia.org/api/rest_v1/feed/onthisday/all/05/06
[2026-05-06T00:01:09] GET https://de.wikipedia.org/api/rest_v1/feed/onthisday/all/05/06
[2026-05-06T00:01:13] wrote /home/jvivona/agents/tidbyt-data/thisdayinhistwikipedia/de/thisdayinhist.json
[2026-05-06T00:01:13] thisdayinhist[it] https://it.wikipedia.org/api/rest_v1/feed/onthisday/all/05/06
[2026-05-06T00:01:13] GET https://it.wikipedia.org/api/rest_v1/feed/onthisday/all/05/06
[2026-05-06T00:01:13] wrote /home/jvivona/agents/tidbyt-data/thisdayinhistwikipedia/it/thisdayinhist.json
[2026-05-06T00:01:13] thisdayinhist[zh] https://zh.wikipedia.org/api/rest_v1/feed/onthisday/all/05/06
[2026-05-06T00:01:13] GET https://zh.wikipedia.org/api/rest_v1/feed/onthisday/all/05/06
[2026-05-06T00:01:16] wrote /home/jvivona/agents/tidbyt-data/thisdayinhistwikipedia/testing/thisdayinhist.json
[2026-05-06T00:01:16] thisdayinhist[fr] https://fr.wikipedia.org/api/rest_v1/feed/onthisday/all/05/06
[2026-05-06T00:01:16] GET https://fr.wikipedia.org/api/rest_v1/feed/onthisday/all/05/06
[2026-05-06T00:01:19] wrote /home/jvivona/agents/tidbyt-data/thisdayinhistwikipedia/testing/thisdayinhist.json
[2026-05-06T00:01:19] thisdayinhist[sv] https://sv.wikipedia.org/api/rest_v1/feed/onthisday/all/05/06
[2026-05-06T00:01:19] GET https://sv.wikipedia.org/api/rest_v1/feed/onthisday/all/05/06
[2026-05-06T00:01:20] wrote /home/jvivona/agents/tidbyt-data/thisdayinhistwikipedia/testing/thisdayinhist.json
[2026-05-06T00:01:20] thisdayinhist[ar] https://ar.wikipedia.org/api/rest_v1/feed/onthisday/all/05/06
[2026-05-06T00:01:20] GET https://ar.wikipedia.org/api/rest_v1/feed/onthisday/all/05/06
[2026-05-06T00:01:23] wrote /home/jvivona/agents/tidbyt-data/thisdayinhistwikipedia/testing/thisdayinhist.json
[2026-05-06T00:01:23] git add --all in /home/jvivona/agents/tidbyt-data
[2026-05-06T00:01:23] git commit -m 'This Day in Hist update'
[main 862e9c939] This Day in Hist update
 Committer: jvivona <jvivona@joe-agent.ajcomputers.local>
Your name and email address were configured automatically based
on your username and hostname. Please check that they are accurate.
You can suppress this message by setting them explicitly. Run the
following command and follow the instructions in your editor to edit
your configuration file:

    git config --global --edit

After doing this, you may fix the identity used for this commit with:

    git commit --amend --reset-author

 8 files changed, 307 insertions(+), 260 deletions(-)
[2026-05-06T00:01:23] git push origin main
To https://github.com/jvivona/tidbyt-data.git
   c88367523..862e9c939  main -> main
[2026-05-06T00:01:24] finished thisdayinhistwikipedia
[2026-05-06T02:01:02] start thisdayinhistwikipedia
[2026-05-06T02:01:02] thisdayinhist[en] https://en.wikipedia.org/api/rest_v1/feed/onthisday/all/05/06
[2026-05-06T02:01:02] GET https://en.wikipedia.org/api/rest_v1/feed/onthisday/all/05/06
[2026-05-06T02:01:02] wrote /home/jvivona/agents/tidbyt-data/thisdayinhistwikipedia/thisdayinhist.json
[2026-05-06T02:01:02] thisdayinhist[es] https://es.wikipedia.org/api/rest_v1/feed/onthisday/all/05/06
[2026-05-06T02:01:02] GET https://es.wikipedia.org/api/rest_v1/feed/onthisday/all/05/06
[2026-05-06T02:01:05] wrote /home/jvivona/agents/tidbyt-data/thisdayinhistwikipedia/es/thisdayinhist.json
[2026-05-06T02:01:05] thisdayinhist[de] https://de.wikipedia.org/api/rest_v1/feed/onthisday/all/05/06
[2026-05-06T02:01:05] GET https://de.wikipedia.org/api/rest_v1/feed/onthisday/all/05/06
[2026-05-06T02:01:07] wrote /home/jvivona/agents/tidbyt-data/thisdayinhistwikipedia/de/thisdayinhist.json
[2026-05-06T02:01:07] thisdayinhist[it] https://it.wikipedia.org/api/rest_v1/feed/onthisday/all/05/06
[2026-05-06T02:01:07] GET https://it.wikipedia.org/api/rest_v1/feed/onthisday/all/05/06
[2026-05-06T02:01:09] wrote /home/jvivona/agents/tidbyt-data/thisdayinhistwikipedia/it/thisdayinhist.json
[2026-05-06T02:01:09] thisdayinhist[zh] https://zh.wikipedia.org/api/rest_v1/feed/onthisday/all/05/06
[2026-05-06T02:01:09] GET https://zh.wikipedia.org/api/rest_v1/feed/onthisday/all/05/06
[2026-05-06T02:01:11] wrote /home/jvivona/agents/tidbyt-data/thisdayinhistwikipedia/testing/thisdayinhist.json
[2026-05-06T02:01:11] thisdayinhist[fr] https://fr.wikipedia.org/api/rest_v1/feed/onthisday/all/05/06
[2026-05-06T02:01:11] GET https://fr.wikipedia.org/api/rest_v1/feed/onthisday/all/05/06
[2026-05-06T02:01:14] wrote /home/jvivona/agents/tidbyt-data/thisdayinhistwikipedia/testing/thisdayinhist.json
[2026-05-06T02:01:14] thisdayinhist[sv] https://sv.wikipedia.org/api/rest_v1/feed/onthisday/all/05/06
[2026-05-06T02:01:14] GET https://sv.wikipedia.org/api/rest_v1/feed/onthisday/all/05/06
[2026-05-06T02:01:15] wrote /home/jvivona/agents/tidbyt-data/thisdayinhistwikipedia/testing/thisdayinhist.json
[2026-05-06T02:01:15] thisdayinhist[ar] https://ar.wikipedia.org/api/rest_v1/feed/onthisday/all/05/06
[2026-05-06T02:01:15] GET https://ar.wikipedia.org/api/rest_v1/feed/onthisday/all/05/06
[2026-05-06T02:01:17] wrote /home/jvivona/agents/tidbyt-data/thisdayinhistwikipedia/testing/thisdayinhist.json
[2026-05-06T02:01:17] git add --all in /home/jvivona/agents/tidbyt-data
[2026-05-06T02:01:17] git commit -m 'This Day in Hist update'
[main 7b960e141] This Day in Hist update
 Committer: jvivona <jvivona@joe-agent.ajcomputers.local>
Your name and email address were configured automatically based
on your username and hostname. Please check that they are accurate.
You can suppress this message by setting them explicitly. Run the
following command and follow the instructions in your editor to edit
your configuration file:

    git config --global --edit

After doing this, you may fix the identity used for this commit with:

    git commit --amend --reset-author

 8 files changed, 242 insertions(+), 195 deletions(-)
[2026-05-06T02:01:17] git push origin main
To https://github.com/jvivona/tidbyt-data.git
   098714f35..7b960e141  main -> main
[2026-05-06T02:01:18] finished thisdayinhistwikipedia
[2026-05-06T04:01:01] start thisdayinhistwikipedia
[2026-05-06T04:01:01] thisdayinhist[en] https://en.wikipedia.org/api/rest_v1/feed/onthisday/all/05/06
[2026-05-06T04:01:01] GET https://en.wikipedia.org/api/rest_v1/feed/onthisday/all/05/06
[2026-05-06T04:01:02] wrote /home/jvivona/agents/tidbyt-data/thisdayinhistwikipedia/thisdayinhist.json
[2026-05-06T04:01:02] thisdayinhist[es] https://es.wikipedia.org/api/rest_v1/feed/onthisday/all/05/06
[2026-05-06T04:01:02] GET https://es.wikipedia.org/api/rest_v1/feed/onthisday/all/05/06
[2026-05-06T04:01:04] wrote /home/jvivona/agents/tidbyt-data/thisdayinhistwikipedia/es/thisdayinhist.json
[2026-05-06T04:01:04] thisdayinhist[de] https://de.wikipedia.org/api/rest_v1/feed/onthisday/all/05/06
[2026-05-06T04:01:04] GET https://de.wikipedia.org/api/rest_v1/feed/onthisday/all/05/06
[2026-05-06T04:01:07] wrote /home/jvivona/agents/tidbyt-data/thisdayinhistwikipedia/de/thisdayinhist.json
[2026-05-06T04:01:07] thisdayinhist[it] https://it.wikipedia.org/api/rest_v1/feed/onthisday/all/05/06
[2026-05-06T04:01:07] GET https://it.wikipedia.org/api/rest_v1/feed/onthisday/all/05/06
[2026-05-06T04:01:09] wrote /home/jvivona/agents/tidbyt-data/thisdayinhistwikipedia/it/thisdayinhist.json
[2026-05-06T04:01:09] thisdayinhist[zh] https://zh.wikipedia.org/api/rest_v1/feed/onthisday/all/05/06
[2026-05-06T04:01:09] GET https://zh.wikipedia.org/api/rest_v1/feed/onthisday/all/05/06
[2026-05-06T04:01:18] wrote /home/jvivona/agents/tidbyt-data/thisdayinhistwikipedia/testing/thisdayinhist.json
[2026-05-06T04:01:18] thisdayinhist[fr] https://fr.wikipedia.org/api/rest_v1/feed/onthisday/all/05/06
[2026-05-06T04:01:18] GET https://fr.wikipedia.org/api/rest_v1/feed/onthisday/all/05/06
[2026-05-06T04:01:21] wrote /home/jvivona/agents/tidbyt-data/thisdayinhistwikipedia/testing/thisdayinhist.json
[2026-05-06T04:01:21] thisdayinhist[sv] https://sv.wikipedia.org/api/rest_v1/feed/onthisday/all/05/06
[2026-05-06T04:01:21] GET https://sv.wikipedia.org/api/rest_v1/feed/onthisday/all/05/06
[2026-05-06T04:01:21] wrote /home/jvivona/agents/tidbyt-data/thisdayinhistwikipedia/testing/thisdayinhist.json
[2026-05-06T04:01:21] thisdayinhist[ar] https://ar.wikipedia.org/api/rest_v1/feed/onthisday/all/05/06
[2026-05-06T04:01:21] GET https://ar.wikipedia.org/api/rest_v1/feed/onthisday/all/05/06
[2026-05-06T04:01:24] wrote /home/jvivona/agents/tidbyt-data/thisdayinhistwikipedia/testing/thisdayinhist.json
[2026-05-06T04:01:24] git add --all in /home/jvivona/agents/tidbyt-data
[2026-05-06T04:01:24] git commit -m 'This Day in Hist update'
[main 184a8ecae] This Day in Hist update
 Committer: jvivona <jvivona@joe-agent.ajcomputers.local>
Your name and email address were configured automatically based
on your username and hostname. Please check that they are accurate.
You can suppress this message by setting them explicitly. Run the
following command and follow the instructions in your editor to edit
your configuration file:

    git config --global --edit

After doing this, you may fix the identity used for this commit with:

    git commit --amend --reset-author

 8 files changed, 239 insertions(+), 192 deletions(-)
[2026-05-06T04:01:24] git push origin main
To https://github.com/jvivona/tidbyt-data.git
   625fd30ad..184a8ecae  main -> main
[2026-05-06T04:01:25] finished thisdayinhistwikipedia
[2026-05-06T06:01:01] start thisdayinhistwikipedia
[2026-05-06T06:01:01] thisdayinhist[en] https://en.wikipedia.org/api/rest_v1/feed/onthisday/all/05/06
[2026-05-06T06:01:01] GET https://en.wikipedia.org/api/rest_v1/feed/onthisday/all/05/06
[2026-05-06T06:01:01] wrote /home/jvivona/agents/tidbyt-data/thisdayinhistwikipedia/thisdayinhist.json
[2026-05-06T06:01:01] thisdayinhist[es] https://es.wikipedia.org/api/rest_v1/feed/onthisday/all/05/06
[2026-05-06T06:01:01] GET https://es.wikipedia.org/api/rest_v1/feed/onthisday/all/05/06
[2026-05-06T06:01:06] wrote /home/jvivona/agents/tidbyt-data/thisdayinhistwikipedia/es/thisdayinhist.json
[2026-05-06T06:01:06] thisdayinhist[de] https://de.wikipedia.org/api/rest_v1/feed/onthisday/all/05/06
[2026-05-06T06:01:06] GET https://de.wikipedia.org/api/rest_v1/feed/onthisday/all/05/06
[2026-05-06T06:01:09] wrote /home/jvivona/agents/tidbyt-data/thisdayinhistwikipedia/de/thisdayinhist.json
[2026-05-06T06:01:09] thisdayinhist[it] https://it.wikipedia.org/api/rest_v1/feed/onthisday/all/05/06
[2026-05-06T06:01:09] GET https://it.wikipedia.org/api/rest_v1/feed/onthisday/all/05/06
[2026-05-06T06:01:10] wrote /home/jvivona/agents/tidbyt-data/thisdayinhistwikipedia/it/thisdayinhist.json
[2026-05-06T06:01:10] thisdayinhist[zh] https://zh.wikipedia.org/api/rest_v1/feed/onthisday/all/05/06
[2026-05-06T06:01:10] GET https://zh.wikipedia.org/api/rest_v1/feed/onthisday/all/05/06
[2026-05-06T06:01:12] wrote /home/jvivona/agents/tidbyt-data/thisdayinhistwikipedia/testing/thisdayinhist.json
[2026-05-06T06:01:12] thisdayinhist[fr] https://fr.wikipedia.org/api/rest_v1/feed/onthisday/all/05/06
[2026-05-06T06:01:12] GET https://fr.wikipedia.org/api/rest_v1/feed/onthisday/all/05/06
[2026-05-06T06:01:15] wrote /home/jvivona/agents/tidbyt-data/thisdayinhistwikipedia/testing/thisdayinhist.json
[2026-05-06T06:01:15] thisdayinhist[sv] https://sv.wikipedia.org/api/rest_v1/feed/onthisday/all/05/06
[2026-05-06T06:01:15] GET https://sv.wikipedia.org/api/rest_v1/feed/onthisday/all/05/06
[2026-05-06T06:01:17] wrote /home/jvivona/agents/tidbyt-data/thisdayinhistwikipedia/testing/thisdayinhist.json
[2026-05-06T06:01:17] thisdayinhist[ar] https://ar.wikipedia.org/api/rest_v1/feed/onthisday/all/05/06
[2026-05-06T06:01:17] GET https://ar.wikipedia.org/api/rest_v1/feed/onthisday/all/05/06
[2026-05-06T06:01:18] wrote /home/jvivona/agents/tidbyt-data/thisdayinhistwikipedia/testing/thisdayinhist.json
[2026-05-06T06:01:18] git add --all in /home/jvivona/agents/tidbyt-data
[2026-05-06T06:01:18] git commit -m 'This Day in Hist update'
[main 59f5dbff7] This Day in Hist update
 Committer: jvivona <jvivona@joe-agent.ajcomputers.local>
Your name and email address were configured automatically based
on your username and hostname. Please check that they are accurate.
You can suppress this message by setting them explicitly. Run the
following command and follow the instructions in your editor to edit
your configuration file:

    git config --global --edit

After doing this, you may fix the identity used for this commit with:

    git commit --amend --reset-author

 6 files changed, 191 insertions(+), 151 deletions(-)
[2026-05-06T06:01:18] git push origin main
To https://github.com/jvivona/tidbyt-data.git
   6007fc4ef..59f5dbff7  main -> main
[2026-05-06T06:01:19] finished thisdayinhistwikipedia
[2026-05-06T08:01:02] start thisdayinhistwikipedia
[2026-05-06T08:01:02] thisdayinhist[en] https://en.wikipedia.org/api/rest_v1/feed/onthisday/all/05/06
[2026-05-06T08:01:02] GET https://en.wikipedia.org/api/rest_v1/feed/onthisday/all/05/06
[2026-05-06T08:01:02] wrote /home/jvivona/agents/tidbyt-data/thisdayinhistwikipedia/thisdayinhist.json
[2026-05-06T08:01:02] thisdayinhist[es] https://es.wikipedia.org/api/rest_v1/feed/onthisday/all/05/06
[2026-05-06T08:01:02] GET https://es.wikipedia.org/api/rest_v1/feed/onthisday/all/05/06
[2026-05-06T08:01:07] wrote /home/jvivona/agents/tidbyt-data/thisdayinhistwikipedia/es/thisdayinhist.json
[2026-05-06T08:01:07] thisdayinhist[de] https://de.wikipedia.org/api/rest_v1/feed/onthisday/all/05/06
[2026-05-06T08:01:07] GET https://de.wikipedia.org/api/rest_v1/feed/onthisday/all/05/06
[2026-05-06T08:01:10] wrote /home/jvivona/agents/tidbyt-data/thisdayinhistwikipedia/de/thisdayinhist.json
[2026-05-06T08:01:10] thisdayinhist[it] https://it.wikipedia.org/api/rest_v1/feed/onthisday/all/05/06
[2026-05-06T08:01:10] GET https://it.wikipedia.org/api/rest_v1/feed/onthisday/all/05/06
[2026-05-06T08:01:11] wrote /home/jvivona/agents/tidbyt-data/thisdayinhistwikipedia/it/thisdayinhist.json
[2026-05-06T08:01:11] thisdayinhist[zh] https://zh.wikipedia.org/api/rest_v1/feed/onthisday/all/05/06
[2026-05-06T08:01:11] GET https://zh.wikipedia.org/api/rest_v1/feed/onthisday/all/05/06
[2026-05-06T08:01:15] wrote /home/jvivona/agents/tidbyt-data/thisdayinhistwikipedia/testing/thisdayinhist.json
[2026-05-06T08:01:15] thisdayinhist[fr] https://fr.wikipedia.org/api/rest_v1/feed/onthisday/all/05/06
[2026-05-06T08:01:15] GET https://fr.wikipedia.org/api/rest_v1/feed/onthisday/all/05/06
[2026-05-06T08:01:17] wrote /home/jvivona/agents/tidbyt-data/thisdayinhistwikipedia/testing/thisdayinhist.json
[2026-05-06T08:01:17] thisdayinhist[sv] https://sv.wikipedia.org/api/rest_v1/feed/onthisday/all/05/06
[2026-05-06T08:01:17] GET https://sv.wikipedia.org/api/rest_v1/feed/onthisday/all/05/06
[2026-05-06T08:01:19] wrote /home/jvivona/agents/tidbyt-data/thisdayinhistwikipedia/testing/thisdayinhist.json
[2026-05-06T08:01:19] thisdayinhist[ar] https://ar.wikipedia.org/api/rest_v1/feed/onthisday/all/05/06
[2026-05-06T08:01:19] GET https://ar.wikipedia.org/api/rest_v1/feed/onthisday/all/05/06
[2026-05-06T08:01:20] wrote /home/jvivona/agents/tidbyt-data/thisdayinhistwikipedia/testing/thisdayinhist.json
[2026-05-06T08:01:20] git add --all in /home/jvivona/agents/tidbyt-data
[2026-05-06T08:01:20] git commit -m 'This Day in Hist update'
[main 94e86e4bb] This Day in Hist update
 Committer: jvivona <jvivona@joe-agent.ajcomputers.local>
Your name and email address were configured automatically based
on your username and hostname. Please check that they are accurate.
You can suppress this message by setting them explicitly. Run the
following command and follow the instructions in your editor to edit
your configuration file:

    git config --global --edit

After doing this, you may fix the identity used for this commit with:

    git commit --amend --reset-author

 8 files changed, 243 insertions(+), 192 deletions(-)
[2026-05-06T08:01:20] git push origin main
To https://github.com/jvivona/tidbyt-data.git
   f13dfbe30..94e86e4bb  main -> main
[2026-05-06T08:01:22] finished thisdayinhistwikipedia
[2026-05-06T10:01:02] start thisdayinhistwikipedia
[2026-05-06T10:01:02] thisdayinhist[en] https://en.wikipedia.org/api/rest_v1/feed/onthisday/all/05/06
[2026-05-06T10:01:02] GET https://en.wikipedia.org/api/rest_v1/feed/onthisday/all/05/06
[2026-05-06T10:01:02] wrote /home/jvivona/agents/tidbyt-data/thisdayinhistwikipedia/thisdayinhist.json
[2026-05-06T10:01:02] thisdayinhist[es] https://es.wikipedia.org/api/rest_v1/feed/onthisday/all/05/06
[2026-05-06T10:01:02] GET https://es.wikipedia.org/api/rest_v1/feed/onthisday/all/05/06
[2026-05-06T10:01:04] wrote /home/jvivona/agents/tidbyt-data/thisdayinhistwikipedia/es/thisdayinhist.json
[2026-05-06T10:01:04] thisdayinhist[de] https://de.wikipedia.org/api/rest_v1/feed/onthisday/all/05/06
[2026-05-06T10:01:04] GET https://de.wikipedia.org/api/rest_v1/feed/onthisday/all/05/06
[2026-05-06T10:01:08] wrote /home/jvivona/agents/tidbyt-data/thisdayinhistwikipedia/de/thisdayinhist.json
[2026-05-06T10:01:08] thisdayinhist[it] https://it.wikipedia.org/api/rest_v1/feed/onthisday/all/05/06
[2026-05-06T10:01:08] GET https://it.wikipedia.org/api/rest_v1/feed/onthisday/all/05/06
[2026-05-06T10:01:10] wrote /home/jvivona/agents/tidbyt-data/thisdayinhistwikipedia/it/thisdayinhist.json
[2026-05-06T10:01:10] thisdayinhist[zh] https://zh.wikipedia.org/api/rest_v1/feed/onthisday/all/05/06
[2026-05-06T10:01:10] GET https://zh.wikipedia.org/api/rest_v1/feed/onthisday/all/05/06
[2026-05-06T10:01:12] wrote /home/jvivona/agents/tidbyt-data/thisdayinhistwikipedia/testing/thisdayinhist.json
[2026-05-06T10:01:12] thisdayinhist[fr] https://fr.wikipedia.org/api/rest_v1/feed/onthisday/all/05/06
[2026-05-06T10:01:12] GET https://fr.wikipedia.org/api/rest_v1/feed/onthisday/all/05/06
[2026-05-06T10:01:15] wrote /home/jvivona/agents/tidbyt-data/thisdayinhistwikipedia/testing/thisdayinhist.json
[2026-05-06T10:01:15] thisdayinhist[sv] https://sv.wikipedia.org/api/rest_v1/feed/onthisday/all/05/06
[2026-05-06T10:01:15] GET https://sv.wikipedia.org/api/rest_v1/feed/onthisday/all/05/06
[2026-05-06T10:01:16] wrote /home/jvivona/agents/tidbyt-data/thisdayinhistwikipedia/testing/thisdayinhist.json
[2026-05-06T10:01:16] thisdayinhist[ar] https://ar.wikipedia.org/api/rest_v1/feed/onthisday/all/05/06
[2026-05-06T10:01:16] GET https://ar.wikipedia.org/api/rest_v1/feed/onthisday/all/05/06
[2026-05-06T10:01:17] wrote /home/jvivona/agents/tidbyt-data/thisdayinhistwikipedia/testing/thisdayinhist.json
[2026-05-06T10:01:17] git add --all in /home/jvivona/agents/tidbyt-data
[2026-05-06T10:01:17] git commit -m 'This Day in Hist update'
[main 1d2ca7397] This Day in Hist update
 Committer: jvivona <jvivona@joe-agent.ajcomputers.local>
Your name and email address were configured automatically based
on your username and hostname. Please check that they are accurate.
You can suppress this message by setting them explicitly. Run the
following command and follow the instructions in your editor to edit
your configuration file:

    git config --global --edit

After doing this, you may fix the identity used for this commit with:

    git commit --amend --reset-author

 8 files changed, 241 insertions(+), 198 deletions(-)
[2026-05-06T10:01:17] git push origin main
To https://github.com/jvivona/tidbyt-data.git
   bf8144c80..1d2ca7397  main -> main
[2026-05-06T10:01:19] finished thisdayinhistwikipedia
